Acetobacter
Acetobacteraceae
Acidiphilium
Actibacterium
Afifella
Afipia
Agrobacterium
Ahrensia
Albimonas
Aliiroseovarius
alpha
Alphaproteobacteria
Altererythrobacter
Aminobacter
Anaplasma
Ancylobacter
Aquamicrobium
Aquibium
Asticcacaulis
Aurantiacibacter
Aurantimonas
Aureimonas
Azospirillum
bacterium
Bartonella
Bauldia
Beijerinckia
Belnapia
Blastomonas
Bosea
Bradyrhizobium
Brevundimonas
Brucella
Caedibacter
Caedimonas
Candidatus
Caulobacter
Caulobacterales
Celeribacter
Chelativorans
Chelatococcus
Cognatishimia
Cognatiyoonia
Cohaesibacter
Cribrihabitans
Croceibacterium
Croceicoccus
Devosia
Ehrlichia
Elstera
Ensifer
Epibacterium
ERREMLQEAQKLKSQPTKCFPAAEFQVTGRANCLAVSETCIFVGLSVGLAAFRVSDCKEL
Erythrobacter
Erythrobacteraceae
Falsihalocynthiibacter
Frigidibacter
Gemmobacter
Haematobacter
Hoeflea
Hyphomicrobium
Hyphomonadaceae
Hyphomonas
Insolitispirillum
Jannaschia
Kaistia
Kiloniella
Komagataeibacter
Kordiimonas
Labrenzia
Leisingera
Lentibacter
Limimonas
Loktanella
Lutimaribacter
Magnetospirillum
Magnetovibrio
Mameliella
Maribius
Maricaulis
marine
Marinosulfonomonas
Meinhardsimonia
Mesorhizobium
Methylobacterium
Methylobrevis
Methylocapsa
Methyloceanibacter
Methyloligella
Methylorubrum
Methylosinus
Microvirga
MPVLTLIDETCKSFLPFQEVLCKQHLYELLKKRLLLQLRVYYMVFSLAAEAYEVIDSMLG
MRPLLETCFMVDKEQIQEARTRDITALTGVPDEHIKTRKVHIFVPARNAMQSGANNTKKW
MTAKIYRPAKTAMQSGKAKTHVWVLEFDAEKPRTIDPIMGYTSSGDMYQQVRLNFETCEE
MVARIYRPAKTAMQSGKAKTQRWVLDYEPEVARSIDPLMGYTSSSDMKQQVRLFFETCEE
Neorhizobium
Nereida
NGGAPNCIPCKETCDNVDCGPGKRCKMNRRSKPRCVCAPDCSNITWKGPVCGSDGKTYKD
Nitratireductor
Nitrobacter
Novosphingobium
Oceanibaculum
Oceanicella
Octadecabacter
Orientia
Paenirhodobacter
Pannonibacter
Paracoccus
Paramesorhizobium
Parasphingorhabdus
Paraurantiacibacter
Pelagibacteraceae
Pelagibacterium
Phaeobacter
Phaeovulum
Phenylobacterium
Phyllobacterium
Pleomorphomonas
Pochonia
Ponticoccus
Porphyrobacter
Poseidonocella
Prosthecomicrobium
Pseudaestuariivita
Pseudolabrys
Pseudooceanicola
Pseudorhodobacter
Pseudosulfitobacter
Pseudovibrio
Pseudoxanthobacter
Puniceibacterium
Qipengyuania
Rhizobiales
Rhizobium
Rhodobacter
Rhodobacteraceae
Rhodobacterales
Rhodopseudomonas
Rhodospira
Rhodospirillales
Rhodovulum
Roseibaca
Roseibium
Roseicitreum
Roseomonas
Roseospirillum
Roseovarius
Ruegeria
Salinihabitans
Saliniramus
Salipiger
SAR11
Shimia
Shinella
Sinorhizobium
Sphingobium
Sphingomonadales
Sphingomonas
Sphingopyxis
Sphingorhabdus
Stappia
Sulfitobacter
Tardibacter
Tardiphaga
Tateyamaria
Tepidicaulis
Thalassobacter
Thalassobius
Thalassococcus
Thalassospira
Thioclava
Tistrella
Tranquillimonas
Tritonibacter
Tropicibacter
Tsuneonella
TTSWTEEDVNDNTLFKWMIFNGGAPNCIPCKETCENVDCGPGKKCKMNKKNKPRCVCAPD
uncultured
Variibacter
Wenxinia
Wolbachia
XXXXXXXXXXXXXXXXXXXXXXXXXXXXXPNCIPCKETCENVDCGPGKKCKMNKKNKPRC
Yoonia
