Ascoidea rubescens DSM 1968
Cyberlindnera fabianii (Yeast) (Hansenula fabianii)
[Candida] haemuloni
Candida auris (Yeast)
Candida metapsilosis
Neurospora crassa (strain ATCC 24698 / 74-OR23-1A / CBS 708.71 / DSM 1257 / FGSC 987)
Aspergillus ruber (strain CBS 135680)
Trichophyton rubrum CBS 288.86
Trichophyton soudanense CBS 452.61
Trichophyton interdigitale (strain MR816)
Pseudozyma flocculosa PF-1
Ustilaginoidea virens (Rice false smut fungus) (Villosiclava virens)
Lichtheimia corymbifera JMRC:FSU:9682
Rhizoctonia solani 123E
Aureobasidium melanogenum CBS 110374
Aureobasidium namibiae CBS 147.97
Aureobasidium pullulans EXF-150
Aureobasidium subglaciale (strain EXF-2481) (Aureobasidium pullulans var. subglaciale)
Stachybotrys chartarum (strain CBS 109288 / IBT 7711) (Toxic black mold) (Stilbospora chartarum)
Stachybotrys chlorohalonata (strain IBT 40285)
Stachybotrys chartarum IBT 40288
Acremonium chrysogenum (strain ATCC 11550 / CBS 779.69 / DSM 880 / IAM 14645 / JCM 23072 / IMI 49137)
Pseudogymnoascus sp. VKM F-3775
Pseudogymnoascus sp. VKM F-4281 (FW-2241)
Pseudogymnoascus sp. VKM F-4515 (FW-2607)
Pseudogymnoascus sp. VKM F-4520 (FW-2644)
Pseudogymnoascus sp. VKM F-4519 (FW-2642)
Pichia kudriavzevii (Yeast) (Issatchenkia orientalis)
Penicillium expansum (Blue mold rot fungus)
Penicillium italicum (Blue mold)
Beauveria bassiana D1-5
Metarhizium guizhouense (strain ARSEF 977)
Metarhizium majus (strain ARSEF 297)
Bionectria ochroleuca (Gliocladium roseum)
Amanita muscaria (strain Koide BX008)
Scleroderma citrinum Foug A
Serendipita vermifera MAFF 305830
Oidiodendron maius Zn
Puccinia triticina (isolate 1-1 / race 1 (BBBD)) (Brown leaf rust fungus)
Sphaerobolus stellatus (strain SS14)
Gymnopus luxurians FD-317 M1
Exophiala oligosperma
Fistulina hepatica ATCC 64428
Rasamsonia emersonii CBS 393.64
Thielaviopsis punctulata
Penicillium brasilianum
Phaeomoniella chlamydospora
Diplodia seriata
Diaporthe ampelina
Penicillium camemberti FM 013
Aspergillus fumigatus Z5
Tolypocladium ophioglossoides (strain CBS 100239) (Elaphocordyceps ophioglossoides)
Puccinia striiformis f. sp. tritici PST-78
Malassezia pachydermatis
Phialophora attinorum
Aspergillus lentulus
Talaromyces islandicus (Penicillium islandicum)
Aspergillus calidoustus
Moniliophthora roreri
Penicillium freii
Aspergillus niger
Penicillium patulum (Penicillium griseofulvum)
Microdochium bolleyi
Pseudocercospora eumusae
Pseudocercospora musae
Aspergillus kawachii (White koji mold) (Aspergillus awamori var. kawachi)
Mycena chlorophos (Agaric fungus) (Agaricus chlorophos)
Mycena chlorophos (Agaric fungus) (Agaricus chlorophos)
Mycena chlorophos (Agaric fungus) (Agaricus chlorophos)
Drechmeria coniospora
Penicillium chrysogenum (Penicillium notatum)
Beauveria brongniartii RCEF 3172
Akanthomyces lecanii RCEF 1005
Laetiporus sulphureus 93-53
Neolentinus lepideus HHB14362 ss-1
Sistotremastrum suecicum HHB10207 ss-3
Peniophora sp. CONT
Calocera viscosa (strain TUFC12733)
Cordyceps fumosorosea (strain ARSEF 2679) (Isaria fumosorosea)
Pseudogymnoascus destructans
Paraphaeosphaeria sporulosa
Trichophyton rubrum (Athlete's foot fungus) (Epidermophyton rubrum)
Trichophyton violaceum
Cordyceps confragosa (Lecanicillium lecanii)
Blastomyces gilchristii (strain SLH14081) (Blastomyces dermatitidis)
Valsa mali var. pyri
Valsa mali
Pseudogymnoascus sp. WSF 3629
Pseudogymnoascus sp. 23342-1-I1
Pseudogymnoascus sp. 03VT05
Pseudogymnoascus verrucosus
Grifola frondosa (Maitake) (Polyporus frondosus)
Candida albicans (strain SC5314 / ATCC MYA-2876) (Yeast)
Aspergillus cristatus (Chinese Fuzhuan brick tea-fermentation fungus) (Eurotium cristatum)
Cryptococcus wingfieldii CBS 7118
Wickerhamomyces anomalus (strain ATCC 58044 / CBS 1984 / NCYC 433 / NRRL Y-366-8) (Yeast) (Hansenula anomala)
Penicillium arizonense
Diplodia corticola
Blastomyces percursus
Ustilago bromivora
Aspergillus tubingensis (strain CBS 134.48)
Aspergillus wentii DTO 134E9
Aspergillus brasiliensis (strain CBS 101740 / IMI 381727 / IBT 21946)
Aspergillus luchuensis (strain CBS 106.47)
Penicillium subrubescens
Aspergillus carbonarius (strain ITEM 5010)
fungal sp. No.14919
Pichia kudriavzevii (Yeast) (Issatchenkia orientalis)
Penicillium polonicum
Penicillium decumbens
Penicillium antarcticum
Penicillium solitum
Penicillium vulpinum
Penicillium flavigenum
Penicillium steckii
Penicillium coprophilum
Penicillium nalgiovense
Rachicladosporium antarcticum
Rachicladosporium antarcticum
Rachicladosporium sp. CCFEE 5018
Rachicladosporium sp. CCFEE 5018
Rosellinia necatrix (White root-rot fungus)
Hesseltinella vesiculosa
Zymoseptoria tritici ST99CH_3D7
Kockovaella imperatae
Clohesyomyces aquaticus
Epicoccum nigrum (Soil fungus) (Epicoccum purpurascens)
Hypoxylon sp. EC38
Hypoxylon sp. CO27-5
Hypoxylon sp. CI-4A
Zymoseptoria tritici ST99CH_1A5
Talaromyces atroroseus
Elaphomyces granulatus
Armillaria ostoyae (Armillaria root rot fungus)
Tuber aestivum (summer truffle)
Ophiocordyceps unilateralis (Zombie-ant fungus) (Torrubia unilateralis)
Polytolypa hystricis UAMH7299
Cercospora beticola (Sugarbeet leaf spot fungus)
Zymoseptoria tritici ST99CH_1E4
Cercospora zeina
Aspergillus novofumigatus (strain IBT 16806)
Aspergillus campestris IBT 28561
Aspergillus candidus
Aspergillus taichungensis
Hyaloscypha hepaticicola
Malassezia vespertilionis
Puccinia coronata f. sp. avenae
Puccinia coronata f. sp. avenae
Beauveria bassiana (White muscardine disease fungus) (Tritirachium shiotae)
Diaporthe helianthi
Puccinia striiformis
Puccinia striiformis
Cercospora berteroae
Rutstroemia sp. NJR-2017a BBW
Rutstroemia sp. NJR-2017a WRK4
Beauveria bassiana (White muscardine disease fungus) (Tritirachium shiotae)
Trichoderma harzianum CBS 226.95
Periconia macrospinosa
Pseudomicrostroma glucosiphilum
Jaminaea rosea
Tuber magnatum (white Piedmont truffle)
Aspergillus sclerotioniger CBS 115572
Aspergillus heteromorphus CBS 117.55
Aspergillus eucalypticola (strain CBS 122712 / IBT 29274)
Aspergillus neoniger (strain CBS 115656)
Aspergillus vadensis (strain CBS 113365 / IMI 142717 / IBT 24658)
Aspergillus lacticoffeatus (strain CBS 101883)
Aspergillus ellipticus CBS 707.79
Aspergillus sclerotiicarbonarius (strain CBS 121057 / IBT 28362)
Hypsizygus marmoreus (White beech mushroom) (Agaricus marmoreus)
Aspergillus niger ATCC 13496
Aspergillus phoenicis ATCC 13157
Venustampulla echinocandica
Aspergillus ibericus CBS 121593
Fusarium longipes
Aspergillus thermomutatus
Aspergillus turcosus
Aspergillus sclerotialis
Coleophoma cylindrospora
Aspergillus mulundensis
Coleophoma crateriformis
Aspergillus welwitschiae
Aspergillus niger
Chaetothyriales sp. CBS 134920
Aspergillus sp. HF37
Pyrenophora seminiperda CCB06
Chaetothyriales sp. CBS 132003
Chaetothyriales sp. CBS 135597
Sodiomyces alkalinus F11
Ascobolus immersus RN42
Choiromyces venosus 120613-1
Aspergillus awamori (Black koji mold)
Valsa sordida
Cytospora leucostoma
Valsa malicola
Fusarium duplospermum
Fusarium ambrosium
Arthrobotrys flagrans
Byssochlamys spectabilis (Paecilomyces variotii)
Podospora comata
Magnaporthe oryzae (Rice blast fungus) (Pyricularia oryzae)
Dimargaris cristalligena
Candolleomyces aberdarensis
Alternaria arborescens
Monosporascus sp. GIB2
Monosporascus ibericus
Monosporascus sp. MG133
Monosporascus sp. 5C6A
Colletotrichum spinosum
Colletotrichum trifolii
Colletotrichum sidae
Ascodesmis nigricans
Aspergillus tanneri
Aureobasidium pullulans (Black yeast) (Pullularia pullulans)
Aureobasidium pullulans (Black yeast) (Pullularia pullulans)
Aureobasidium pullulans (Black yeast) (Pullularia pullulans)
Aureobasidium pullulans (Black yeast) (Pullularia pullulans)
Aureobasidium pullulans (Black yeast) (Pullularia pullulans)
Aureobasidium pullulans (Black yeast) (Pullularia pullulans)
Aureobasidium pullulans (Black yeast) (Pullularia pullulans)
Aureobasidium pullulans (Black yeast) (Pullularia pullulans)
Wallemia hederae
Wallemia mellicola
Wallemia mellicola
Wallemia mellicola
Friedmanniomyces endolithicus
Salinomyces thailandica
Sporisorium graminicola
Steccherinum ochraceum
Aureobasidium pullulans (Black yeast) (Pullularia pullulans)
Coprinellus micaceus
Rhodofomes roseus
Dentipellis fragilis
Xylaria hypoxylon
Aspergillus niger
Thyridium curvatum
Chytriomyces confervae
Monascus purpureus (Red mold) (Monascus anka)
Venturia effusa
Cordyceps javanica
Xylaria flabelliformis
Lachnellula willkommii
Puccinia graminis f. sp. tritici
Puccinia graminis f. sp. tritici
Puccinia graminis f. sp. tritici
Lentinus tigrinus ALCF2SS1-6
Lentinus tigrinus ALCF2SS1-7
Pseudozyma flocculosa
Cryptococcus floricola
Peniophora sp. CBMAI 1063
Ganoderma boninense
Aspergillus terreus
Monilinia fructicola (Brown rot fungus) (Ciboria fructicola)
Lasiodiplodia theobromae
Coniochaeta sp. 2T2.1
Coniochaeta sp. 2T2.1
Ceratobasidium theobromae
Monilinia laxa (Brown rot fungus) (Sclerotinia laxa)
Gymnopus androsaceus JB14
Decorospora gaudefroyi
Byssothecium circinans
Bimuria novae-zelandiae CBS 107.79
Amniculicola lignicola CBS 123094
Aaosphaeria arxii CBS 175.79
Lophiotrema nucula
Dothidotthia symphoricarpi CBS 119687
Zopfia rhizophila CBS 207.26
Cercospora zeae-maydis SCOH1-5
Elsinoe ampelina
Trematosphaeria pertusa
Microthyrium microscopicum
Sporormia fimetaria CBS 119925
Pseudovirgaria hyperparasitica
Plenodomus tracheiphilus IPT5
Piedraia hortae CBS 480.64
Eremomyces bilateralis CBS 781.70
Aulographum hederae CBS 113979
Lentithecium fluviatile CBS 122367
Pleomassaria siparia CBS 279.74
Orbilia oligospora (Nematode-trapping fungus) (Arthrobotrys oligospora)
Orbilia oligospora (Nematode-trapping fungus) (Arthrobotrys oligospora)
Orbilia oligospora (Nematode-trapping fungus) (Arthrobotrys oligospora)
Xylaria multiplex
Orbilia oligospora (Nematode-trapping fungus) (Arthrobotrys oligospora)
Orbilia oligospora (Nematode-trapping fungus) (Arthrobotrys oligospora)
Metarhizium brunneum
Aspergillus chevalieri (Eurotium chevalieri)
Penicillium digitatum (Green mold)
Monilinia vaccinii-corymbosi
Aspergillus piperis CBS 112811
Rhizoctonia solani
Rhizoctonia solani
Rhizoctonia solani
Alectoria fallacina
Rhizoctonia solani
Imshaugia aleurites
Aspergillus tubingensis
Naganishia liquefaciens
Aspergillus fumigatiaffinis
Botryosphaeria dothidea
Fusarium albosuccineum
Ophiocordyceps camponoti-floridani
Penicillium sp. str. #12
Agrocybe pediades
Leucoagaricus leucothites
Tetrapyrgos nigripes
Letharia columbiana
Tulosesus angulatus
Letharia lupina
Aspergillus felis
Mycena chlorophos (Agaric fungus) (Agaricus chlorophos)
Mycena kentingensis (nom. inval.)
Aspergillus hiratsukae
Mycena sanguinolenta
Endocarpon pusillum
Mycena venus
Agaricus bisporus var. burnettii
Rhizoctonia solani
Bionectria ochroleuca (Gliocladium roseum)
Mortierella isabellina (Filamentous fungus) (Umbelopsis isabellina)
Cadophora sp. M221
Ceratobasidium sp. AG-Ba
Ceratobasidium sp. AG-Ba
Lachnellula subtilissima
Lachnellula occidentalis
Lachnellula hyalina
Boletus reticuloceps
Tremellales sp. Tagirdzhanova-0007
Elsinoe batatas
Stachybotrys elegans
Cyclocybe aegerita (Black poplar mushroom) (Agrocybe aegerita)
Tilletia indica
Tilletia caries (wheat bunt fungus)
Lachnellula arida
Lachnellula suecica
Neosartorya fischeri (strain ATCC 1020 / DSM 3700 / CBS 544.65 / FGSC A1164 / JCM 1740 / NRRL 181 / WB 181) (Aspergillus fischerianus)
Aspergillus niger (strain ATCC MYA-4892 / CBS 513.88 / FGSC A1513)
Coprinopsis cinerea (strain Okayama-7 / 130 / ATCC MYA-4618 / FGSC 9003) (Inky cap fungus) (Hormographiella aspergillata)
Podospora anserina (strain S / ATCC MYA-4624 / DSM 980 / FGSC 10383) (Pleurage anserina)
Penicillium rubens (strain ATCC 28089 / DSM 1075 / NRRL 1951 / Wisconsin 54-1255) (Penicillium chrysogenum)
Talaromyces stipitatus (strain ATCC 10500 / CBS 375.48 / QM 6759 / NRRL 1006) (Penicillium stipitatum)
Arthroderma otae (strain ATCC MYA-4605 / CBS 113480) (Microsporum canis)
Ajellomyces dermatitidis (strain ER-3 / ATCC MYA-2586) (Blastomyces dermatitidis)
Coccidioides posadasii (strain C735) (Valley fever fungus)
Arthroderma benhamiae (strain ATCC MYA-4681 / CBS 112371) (Trichophyton mentagrophytes)
Trichophyton verrucosum (strain HKI 0517)
Komagataella pastoris (Yeast) (Pichia pastoris)
Puccinia graminis f. sp. tritici (strain CRL 75-36-700-3 / race SCCL) (Black stem rust fungus)
Arthroderma gypseum (strain ATCC MYA-4604 / CBS 118893) (Microsporum gypseum)
Leptosphaeria maculans (strain JN3 / isolate v23.1.3 / race Av1-4-5-6-7-8) (Blackleg fungus) (Phoma lingam)
Metarhizium acridum (strain CQMa 102)
Grosmannia clavigera (strain kw1407 / UAMH 11150) (Blue stain fungus) (Graphiocladiella clavigera)
Trichophyton equinum (strain ATCC MYA-4606 / CBS 127.97) (Horse ringworm fungus)
Trichophyton tonsurans (strain CBS 112818) (Scalp ringworm fungus)
Trichophyton rubrum (strain ATCC MYA-4607 / CBS 118892) (Athlete's foot fungus)
Ajellomyces dermatitidis (strain ATCC 18188 / CBS 674.68) (Blastomyces dermatitidis)
Serpula lacrymans var. lacrymans (strain S7.9) (Dry rot fungus)
Serpula lacrymans var. lacrymans (strain S7.3) (Dry rot fungus)
Zymoseptoria tritici (strain CBS 115943 / IPO323) (Speckled leaf blotch fungus) (Septoria tritici)
Arthrobotrys oligospora (strain ATCC 24927 / CBS 115.81 / DSM 1491) (Nematode-trapping fungus) (Didymozoophaga oligospora)
Myceliophthora thermophila (strain ATCC 42464 / BCRC 31852 / DSM 1799) (Sporotrichum thermophile)
Aspergillus niger (strain ATCC 1015 / CBS 113.46 / FGSC A1144 / LSHB Ac4 / NCTC 3858a / NRRL 328 / USDA 3528.7)
Magnaporthe oryzae (strain 70-15 / ATCC MYA-4617 / FGSC 8958) (Rice blast fungus) (Pyricularia oryzae)
Mixia osmundae (strain CBS 9802 / IAM 14324 / JCM 22182 / KY 12970)
Aspergillus kawachii (strain NBRC 4308) (White koji mold) (Aspergillus awamori var. kawachi)
Glarea lozoyensis (strain ATCC 74030 / MF5533)
Exophiala dermatitidis (strain ATCC 34100 / CBS 525.76 / NIH/UT8656) (Black yeast) (Wangiella dermatitidis)
Wallemia mellicola (strain ATCC MYA-4683 / CBS 633.66) (Wallemia sebi (CBS 633.66))
Gaeumannomyces tritici (strain R3-111a-1) (Wheat and barley take-all root rot fungus) (Gaeumannomyces graminis var. tritici)
Beauveria bassiana (strain ARSEF 2860) (White muscardine disease fungus) (Tritirachium shiotae)
Penicillium digitatum (strain Pd1 / CECT 20795) (Green mold)
Penicillium digitatum (strain PHI26 / CECT 20796) (Green mold)
Magnaporthe oryzae (strain Y34) (Rice blast fungus) (Pyricularia oryzae)
Magnaporthe oryzae (strain P131) (Rice blast fungus) (Pyricularia oryzae)
Pseudogymnoascus destructans (strain ATCC MYA-4855 / 20631-21) (Bat white-nose syndrome fungus) (Geomyces destructans)
Thanatephorus cucumeris (strain AG1-IA) (Rice sheath blight fungus) (Rhizoctonia solani)
Cochliobolus heterostrophus (strain C5 / ATCC 48332 / race O) (Southern corn leaf blight fungus) (Bipolaris maydis)
Pseudocercospora fijiensis (strain CIRAD86) (Black leaf streak disease fungus) (Mycosphaerella fijiensis)
Thanatephorus cucumeris (strain AG1-IB / isolate 7/3/14) (Lettuce bottom rot fungus) (Rhizoctonia solani)
Dothistroma septosporum (strain NZE10 / CBS 128990) (Red band needle blight fungus) (Mycosphaerella pini)
Sphaerulina musiva (strain SO2202) (Poplar stem canker fungus) (Septoria musiva)
Cochliobolus heterostrophus (strain C4 / ATCC 48331 / race T) (Southern corn leaf blight fungus) (Bipolaris maydis)
Aspergillus terreus (strain NIH 2624 / FGSC A1156)
Neosartorya fumigata (strain ATCC MYA-4609 / Af293 / CBS 101355 / FGSC A1100) (Aspergillus fumigatus)
Setosphaeria turcica (strain 28A) (Northern leaf blight fungus) (Exserohilum turcicum)
Wallemia ichthyophaga (strain EXF-994 / CBS 113033)
Pseudozyma hubeiensis (strain SY62) (Yeast)
Glarea lozoyensis (strain ATCC 20868 / MF5171)
Dactylellina haptotyla (strain CBS 200.50) (Nematode-trapping fungus) (Monacrosporium haptotylum)
Fomitopsis pinicola (strain FP-58527) (Brown rot fungus)
Blastomyces dermatitidis ATCC 26199
Endocarpon pusillum (strain Z07020 / HMAS-L-300199) (Lichen-forming fungus)
Moniliophthora roreri (strain MCA 2997) (Cocoa frosty pod rot fungus) (Crinipellis roreri)
Kalmanozyma brasiliensis (strain GHG001) (Yeast) (Pseudozyma brasiliensis)
Byssochlamys spectabilis (strain No. 5 / NBRC 109023) (Paecilomyces variotii)
Pestalotiopsis fici (strain W106-1 / CGMCC3.15140)
Drechslerella stenobrocha 248
Rhizoctonia solani AG-3 Rhs1AP
Colletotrichum fioriniae PJ7
Metarhizium robertsii
Rhizophagus irregularis (strain DAOM 197198w) (Glomus intraradices)
Rhizophagus irregularis (strain DAOM 197198w) (Glomus intraradices)
Rhizophagus irregularis (strain DAOM 197198w) (Glomus intraradices)
Trichophyton rubrum CBS 288.86
Trichophyton soudanense CBS 452.61
Hypocrea jecorina (strain ATCC 56765 / BCRC 32924 / NRRL 11460 / Rut C-30) (Trichoderma reesei)
Pycnoporus cinnabarinus (Cinnabar-red polypore) (Trametes cinnabarina)
Pycnoporus cinnabarinus (Cinnabar-red polypore) (Trametes cinnabarina)
Blastobotrys adeninivorans (Yeast) (Arxula adeninivorans)
Rhodosporidium toruloides (Yeast) (Rhodotorula gracilis)
Tilletiaria anomala (strain ATCC 24038 / CBS 436.72 / UBC 951)
Rhizoctonia solani AG-8 WAC10335
Colletotrichum sublineola (Sorghum anthracnose fungus)
Botryobasidium botryosum FD-172 SS1
Pleurotus ostreatus PC15
Jaapia argillacea MUCL 33604
Galerina marginata (strain CBS 339.88)
Lichtheimia corymbifera JMRC:FSU:9682
Exophiala aquamarina CBS 119918
Melanopsichium pennsylvanicum 4
Lichtheimia ramosa
Lichtheimia ramosa
Trichophyton rubrum (strain ATCC MYA-4607 / CBS 118892) (Athlete's foot fungus)
Pseudallescheria apiosperma (Scedosporium apiospermum)
Talaromyces marneffei PM1
Pseudogymnoascus sp. VKM F-3808
Pseudogymnoascus sp. VKM F-3557
Pseudogymnoascus sp. VKM F-4513 (FW-928)
Pseudogymnoascus sp. VKM F-4246
Pseudogymnoascus sp. VKM F-103
Pseudogymnoascus sp. VKM F-4518 (FW-2643)
Pseudogymnoascus sp. VKM F-4516 (FW-969)
Pseudogymnoascus sp. VKM F-4517 (FW-2822)
Cryptococcus gattii serotype B (strain R265) (Filobasidiella gattii) (Cryptococcus bacillisporus)
Pichia kudriavzevii (Yeast) (Issatchenkia orientalis)
[Torrubiella] hemipterigena
Neurospora crassa
Uncinula necator (Grape powdery mildew)
Metarhizium album (strain ARSEF 1941)
Thanatephorus cucumeris (strain AG1-IB / isolate 7/3/14) (Lettuce bottom rot fungus) (Rhizoctonia solani)
Parasitella parasitica
Sporothrix brasiliensis 5110
Piloderma croceum (strain F 1598)
Hebeloma cylindrosporum h7
Pisolithus tinctorius Marx 270
Phlebiopsis gigantea 11061_1 CR5-6
Tulasnella calospora MUT 4182
Magnaporthiopsis poae (strain ATCC 64411 / 73-15) (Kentucky bluegrass fungus) (Magnaporthe poae)
Mucor ambiguus
Hydnomerulius pinastri MD-312
Laccaria amethystina LaAM-08-1
Pisolithus microcarpus 441
Suillus luteus UH-Slu-Lm8-n1
Paxillus rubicundulus Ve08.2h10
Cryptococcus gattii VGII Ram5
Cryptococcus gattii CA1280
Cryptococcus gattii VGIV IND107
Cryptococcus gattii EJB2
Ustilago maydis (strain 521 / FGSC 9021) (Corn smut fungus)
Exophiala sideris
Exophiala spinifera
Exophiala mesophila (Black yeast)
Verruconis gallopava
Cladophialophora immunda
Exophiala xenobiotica
Cladophialophora bantiana CBS 173.52
Phialophora americana
Fonsecaea pedrosoi CBS 271.37
Rhinocladiella mackenziei CBS 650.93
Fonsecaea multimorphosa CBS 102226
Hypholoma sublateritium (strain FD-334 SS-4)
Fusarium oxysporum f. sp. lycopersici (strain 4287 / CBS 123668 / FGSC 9935 / NRRL 34936) (Fusarium vascular wilt of tomato)
Sporidiobolus salmonicolor (Sporobolomyces salmonicolor)
Cylindrobasidium torrendii FP15055 ss-10
Metarhizium anisopliae BRIP 53293
Saitoella complicata (strain BCRC 22490 / CBS 7301 / JCM 7358 / NBRC 10748 / NRRL Y-17804)
Aspergillus parasiticus (strain ATCC 56775 / NRRL 5862 / SRRC 143 / SU-1)
Sporothrix schenckii 1099-18
Zymoseptoria brevis
Sporisorium scitamineum
Phaffia rhodozyma (Yeast) (Xanthophyllomyces dendrorhous)
Ceratocystis fimbriata f. sp. platani
Aspergillus ochraceoroseus
Aspergillus rambellii
Trichoderma harzianum (Hypocrea lixii)
Emmonsia crescens UAMH 3008
Verticillium longisporum
Verticillium longisporum
Verticillium longisporum
Verticillium longisporum
Schizopora paradoxa
Cyberlindnera jadinii (strain ATCC 18201 / CBS 1600 / BCRC 20928 / JCM 3617 / NBRC 0987 / NRRL Y-1542) (Torula yeast) (Candida utilis)
Leucosporidium scottii
Gibberella fujikuroi (Bakanae and foot rot disease fungus) (Fusarium fujikuroi)
Cutaneotrichosporon oleaginosum
Coccidioides posadasii RMSCC 3488
Coccidioides immitis RMSCC 2394
Coccidioides immitis RMSCC 3703
Coccidioides immitis H538.4
Geotrichum candidum (Oospora lactis) (Dipodascus geotrichum)
Rhodosporidium toruloides (Yeast) (Rhodotorula gracilis)
Rhizoctonia solani
Spizellomyces punctatus (strain DAOM BR117)
Candida auris (Yeast)
Allomyces macrogynus (strain ATCC 38327) (Allomyces javanicus var. macrogynus)
Allomyces macrogynus (strain ATCC 38327) (Allomyces javanicus var. macrogynus)
Aspergillus nomiae NRRL 13137
Puccinia sorghi
Termitomyces sp. J132
Fusarium langsethiae
Escovopsis weberi
Penicillium nordicum
Ceraceosorus bombacis
Neonectria ditissima
Rhodotorula graminis (strain WP1)
Debaryomyces fabryi
Pneumocystis carinii (strain B80) (Rat pneumocystis pneumonia agent) (Pneumocystis carinii f. sp. carinii)
Pneumocystis jirovecii (strain RU7) (Human pneumocystis pneumonia agent)
Trichoderma gamsii
Rhodotorula sp. JG-1b
Mollisia scopiformis
Colletotrichum simmondsii
Colletotrichum nymphaeae SA-01
Colletotrichum salicis
Conidiobolus coronatus (strain ATCC 28846 / CBS 209.66 / NRRL 28638) (Delacroixia coronata)
Leucoagaricus sp. SymC.cos
Gonapodya prolifera (strain JEL478) (Monoblepharis prolifera)
Acidomyces richmondensis BFW
Sporothrix insectorum RCEF 264
Phycomyces blakesleeanus (strain ATCC 8743b / DSM 1359 / FGSC 10004 / NBRC 33097 / NRRL 1555)
Didymella rabiei (Chickpea ascochyta blight fungus) (Mycosphaerella rabiei)
Sistotremastrum niveocremeum HHB9708
Exidia glandulosa HHB12029
Xylona heveae (strain CBS 132557 / TC161)
Calocera cornea HHB12733
Daedalea quercina L-15889
Colletotrichum tofieldiae
Fibularhizoctonia sp. CBS 109695
Moelleriella libera RCEF 2490
Colletotrichum incanum
Metarhizium rileyi (strain RCEF 4871) (Nomuraea rileyi)
Ascosphaera apis ARSEF 7405
Mucor lusitanicus CBS 277.49
Absidia glauca (Pin mould)
Alternaria alternata (Alternaria rot fungus) (Torula alternata)
Fonsecaea monophora
Batrachochytrium dendrobatidis (strain JEL423)
Stagonospora sp. SRC1lsM3a
Fonsecaea multimorphosa
Fonsecaea nubica
Pyrenochaeta sp. DS3sAY3a
Fonsecaea erecta
Pochonia chlamydosporia 170
Purpureocillium lilacinum (Paecilomyces lilacinus)
Linnemannia elongata AG-77
Linnemannia elongata AG-77
Metschnikowia bicuspidata var. bicuspidata NRRL YB-4993
Kwoniella dejecticola CBS 10117
Komagataella pastoris (Yeast) (Pichia pastoris)
Rhizopogon vinicolor AM-OR11-026
Emergomyces africanus
Ogataea polymorpha
Fusarium poae
Pseudogymnoascus sp. 24MN13
Pseudogymnoascus sp. 05NY08
Kwoniella bestiolae CBS 10118
Kwoniella heveanensis BCC8398
Kwoniella heveanensis CBS 569
Kwoniella pini CBS 10737
Kwoniella mangroviensis CBS 10435
Cladophialophora carrionii
Choanephora cucurbitarum
Paracoccidioides brasiliensis
Ascoidea rubescens DSM 1968
Yarrowia lipolytica (Candida lipolytica)
Sclerotinia sclerotiorum (strain ATCC 18683 / 1980 / Ss-1) (White mold) (Whetzelinia sclerotiorum)
Rhynchosporium commune
Rhynchosporium agropyri
Rhynchosporium secalis (Barley scald fungus)
Cryptococcus amylolentus CBS 6039
Cryptococcus depauperatus CBS 7841
Cryptococcus depauperatus CBS 7841
Cryptococcus depauperatus CBS 7855
Cryptococcus depauperatus CBS 7855
Cryptococcus amylolentus CBS 6273
Cryptococcus amylolentus CBS 6273
Pichia membranifaciens NRRL Y-2026
Lipomyces starkeyi NRRL Y-11557
Babjeviella inositovora NRRL Y-12698
Hyphopichia burtonii NRRL Y-1933
Cyberlindnera jadinii (strain ATCC 18201 / CBS 1600 / BCRC 20928 / JCM 3617 / NBRC 0987 / NRRL Y-1542) (Torula yeast) (Candida utilis)
Suhomyces tanzawaensis NRRL Y-17324
[Candida] arabinofermentans NRRL YB-2248
Tortispora caseinolytica NRRL Y-17796
Pachysolen tannophilus NRRL Y-2460
Aspergillus bombycis
Colletotrichum orchidophilum
Coniochaeta ligniaria NRRL 30616
Rhizopogon vesiculosus
Emergomyces pasteurianus Ep9510
[Candida] intermedia
Fusarium mangiferae (Mango malformation disease fungus)
Fusarium proliferatum (strain ET1) (Orchid endophyte fungus)
Phialocephala subalpina
Aspergillus versicolor CBS 583.65
Penicilliopsis zonata CBS 506.65
Aspergillus sydowii CBS 593.65
Aspergillus glaucus CBS 516.65
Aspergillus aculeatus (strain ATCC 16872 / CBS 172.66 / WB 5094)
Trametes pubescens (White-rot fungus)
Malassezia sympodialis (strain ATCC 42132) (Atopic eczema-associated yeast)
Pichia membranifaciens
Lentinula edodes (Shiitake mushroom) (Lentinus edodes)
Colletotrichum chlorophyti
Smittium mucronatum
Zancudomyces culisetae (Gut fungus) (Smittium culisetae)
Smittium culicis
Smittium culicis
Smittium culicis
Colletotrichum incanum
Diplodia seriata
Batrachochytrium salamandrivorans
Aspergillus oryzae (Yellow koji mold)
Trichoderma guizhouense
Neolecta irregularis (strain DAH-3)
Emericella nidulans (strain FGSC A4 / ATCC 38163 / CBS 112.46 / NRRL 194 / M139) (Aspergillus nidulans)
Lasallia pustulata
Rhizopus microsporus var. microsporus
Rhizopus microsporus
Syncephalastrum racemosum (Filamentous fungus)
Syncephalastrum racemosum (Filamentous fungus)
Absidia repens
Postia placenta MAD-698-R-SB12
Linderina pennispora
Basidiobolus meristosporus CBS 931.73
Naematelia encephala
Rhizoclosmatium globosum
Pseudomassariella vexata
Protomyces lactucae-debilis
Leucosporidium creatinivorum
Lobosporangium transversale
Trametes coccinea BRFM310
Daldinia sp. EC12
Hortaea werneckii EXF-2000
Hortaea werneckii EXF-2000
Pichia kudriavzevii (Yeast) (Issatchenkia orientalis)
Marssonina coronariae
Cryptococcus neoformans var. grubii c45
Neosartorya fumigata (Aspergillus fumigatus)
Microbotryum intermedium
Pyrrhoderma noxium
Amanita thiersii Skay4041
Blastomyces parvus
Helicocarpus griseus UAMH5409
Emmonsia crescens
Ceratocystis fimbriata CBS 114723
Ophiocordyceps australis
Ophiocordyceps australis
Ophiocordyceps camponoti-rufipedis
Cordyceps sp. RAO-2017
Ramularia collo-cygni
Coemansia reversa (strain ATCC 12441 / NRRL 1564)
Aspergillus arachidicola
Ganoderma sinense ZZ0214-1
Candida auris (Yeast)
Trichoderma parareesei (Filamentous fungus)
Armillaria solidipes
Armillaria gallica (Bulbous honey fungus) (Armillaria bulbosa)
Fusarium oxysporum f. sp. radicis-cucumerinum
Gibberella zeae (Wheat head blight fungus) (Fusarium graminearum)
Penicillium occitanis (nom. inval.)
Wolfiporia cocos (strain MD-104) (Brown rot fungus)
Gibberella fujikuroi (Bakanae and foot rot disease fungus) (Fusarium fujikuroi)
Fusarium oxysporum (Fusarium vascular wilt)
Cordyceps militaris (Caterpillar fungus) (Clavaria militaris)
Paramicrosporidium saccamoebae
Rhizophagus irregularis
Rhizophagus irregularis
Aspergillus steynii IBT 23096
Hyaloscypha variabilis F
Hyaloscypha bicolor E
Verticillium dahliae (Verticillium wilt)
Trichoderma harzianum (Hypocrea lixii)
Gibberella nygamai (Bean root rot disease fungus) (Fusarium nygamai)
Sphaceloma murrayae
Tolypocladium capitatum
Fusarium venenatum
Trichoderma harzianum (Hypocrea lixii)
Rhizophagus irregularis
Lomentospora prolificans
Sporisorium reilianum f. sp. reilianum
Aspergillus flavus (strain ATCC MYA-384 / AF70)
Rhizophagus irregularis (strain DAOM 181602 / DAOM 197198 / MUCL 43194) (Arbuscular mycorrhizal fungus) (Glomus intraradices)
[Candida] pseudohaemulonii
Elsinoe australis
Hermanssonia centrifuga
Erysiphe pulchra
Rhodotorula taiwanensis
Wickerhamiella sorbophila
Corynespora cassiicola Philippines
Coniella lustricola
Amorphotheca resinae ATCC 22711
Trichoderma asperellum CBS 433.97
Trichoderma citrinoviride
Trichoderma longibrachiatum ATCC 18648
Fusarium culmorum
Aspergillus ochraceoroseus IBT 24754
Tuber borchii (White truffle)
Smittium simulii
Smittium megazygosporum
Smittium angustum
[Candida] duobushaemulonis
[Candida] haemuloni
Cadophora sp. DSE1049
Aspergillus violaceofuscus (strain CBS 115571)
Aspergillus indologenus CBS 114.80
Pyrenophora tritici-repentis
Microbotryum saponariae
Microbotryum silenes-dioicae
Rhizophagus clarus
Meira miltonrushii
Ceraceosorus guamensis
Acaromyces ingoldii
Tilletiopsis washingtonensis
Testicularia cyperi
Aspergillus saccharolyticus JOP 1030-1
Aspergillus uvarum CBS 121591
Talaromyces amestolkiae
Aspergillus flavus
Stemphylium lycopersici
Gibberella intermedia (Bulb rot disease fungus) (Fusarium proliferatum)
Verticillium dahliae (Verticillium wilt)
Gibberella moniliformis (Maize ear and stalk rot fungus) (Fusarium verticillioides)
Fusarium coffeatum
Rhizopus azygosporus (Rhizopus microsporus var. azygosporus)
Rhizopus stolonifer (Rhizopus nigricans)
Ophiocordyceps polyrhachis-furcata BCC 54312
Candida viswanathii
Candida viswanathii
Ophiocordyceps camponoti-leonardi (nom. inval.)
Ophiocordyceps camponoti-saundersi (nom. inval.)
Polyporus brumalis
Rhizophagus sp. MUCL 43196
Blumeria graminis f. sp. tritici 96224
Botryotinia fuckeliana (strain B05.10) (Noble rot fungus) (Botrytis cinerea)
Aspergillus homomorphus (strain CBS 101889)
Monilinia fructigena
Fusarium flagelliforme
Trichoderma arundinaceum
Fusarium sporotrichioides
Diversispora epigaea
Glomus cerebriforme
Gigaspora rosea
Scytalidium lignicola (Hyphomycete)
Malassezia restricta CBS 7877
Fusarium oxysporum f. sp. cepae
Fusarium kuroshium
Hortaea werneckii
Hortaea werneckii
Hortaea werneckii
Hortaea werneckii
Hortaea werneckii
Hortaea werneckii
Hortaea werneckii
Hortaea werneckii
Hortaea werneckii
Hortaea werneckii
Hortaea werneckii
Hortaea werneckii
Hortaea werneckii
Chaetothyriales sp. CBS 134916
Verticillium nonalfalfae
Morchella conica CCBAS932
Terfezia boudieri ATCC MYA-4762
Thermothielavioides terrestris
Sparassis crispa
Psilocybe cyanescens
Gymnopilus dilepis
Panaeolus cyanescens
Erysiphe neolycopersici
Golovinomyces cichoracearum
Golovinomyces cichoracearum
Golovinomyces cichoracearum
Fusarium oxysporum (Fusarium vascular wilt)
Coniochaeta pulveracea
Spathaspora sp. JA1
Apiotrichum porosum
Saitozyma podzolica
Fusarium floridanum
Fusarium sp. AF-6
Fusarium oligoseptatum
Fusarium euwallaceae
Jimgerdemannia flammicorona
Endogone sp. FLAS-F59071
Exophiala mesophila (Black yeast)
Brettanomyces naardenensis (Yeast)
Gibberella zeae (Wheat head blight fungus) (Fusarium graminearum)
Metschnikowia aff. pulcherrima
Caulochytrium protostelioides
Thamnocephalis sphaerospora
Syncephalis pseudoplumigaleata
Metschnikowia bicuspidata
Tremella mesenterica (Jelly fungus)
Fusarium oxysporum f. sp. narcissi
Alternaria tenuissima
Alternaria tenuissima
Alternaria tenuissima
Monosporascus sp. MC13-8B
Monosporascus sp. mg162
Monosporascus sp. CRB-8-3
Monosporascus sp. CRB-9-2
Pochonia chlamydosporia 123
Dichomitus squalens
Hermanssonia centrifuga
Phellinidium pouzarii
Bondarzewia mesenterica
Antrodiella citrinella
Dendrothele bispora (strain CBS 962.96)
Botrytis galanthina
Wallemia ichthyophaga
Wallemia ichthyophaga
[Candida] inconspicua
Friedmanniomyces endolithicus
Rhodotorula sp. CCFEE 5036
Cryomyces minteri
Friedmanniomyces simplex
Cryomyces minteri
Colletotrichum tanaceti
Elsinoe australis
Syncephalis pseudoplumigaleata
Colletotrichum higginsianum
Rickenella mellea
Botryotinia calthae
Hericium alpestre
Botrytis tulipae
Botrytis paeoniae
Botrytis hyacinthi
Botryotinia narcissicola
Botryotinia convoluta
Botrytis elliptica
Botrytis porri
Venturia nashicola
Synchytrium microbalum
Synchytrium endobioticum
Powellomyces hirtus
Spizellomyces sp. 'palustris'
Chytriomyces confervae
Rhodosporidium toruloides (Yeast) (Rhodotorula gracilis)
Metschnikowia sp. JCM 33374
Golovinomyces magnicellulatus
Fusarium oxysporum f. sp. cubense
Dentipellis sp. KUC8613
Ustilago trichophora
Ustilago trichophora
Pseudozyma antarctica (Yeast) (Candida antarctica)
Coprinopsis marcescibilis
Crucibulum laeve
Heliocybe sulcata
Polyporus arcularius HHB13444
Pterula gracilis
Rhodotorula diobovata
Metarhizium rileyi
Saprochaete ingens
Sphaerosporella brunnea
Coniophora puteana (strain RWD-64-598) (Brown rot fungus)
Kwoniella shandongensis
Lasallia pustulata
Aspergillus leporis
Aspergillus parasiticus
Aspergillus novoparasiticus
Aspergillus minisclerotigenes
Aspergillus pseudotamarii
Aspergillus avenaceus
Aspergillus tamarii
Aspergillus transmontanensis
Aspergillus sergii
Aspergillus coremiiformis
Aspergillus caelatus
Aspergillus bertholletiae
Petromyces alliaceus (Aspergillus alliaceus)
Aspergillus pseudonomiae
Aspergillus pseudocaelatus
Clavispora lusitaniae (Candida lusitaniae)
Colletotrichum shisoi
Candida auris (Yeast)
Diutina rugosa (Yeast) (Candida rugosa)
Trichomonascus ciferrii
Ampelomyces quisqualis (Powdery mildew agent)
Didymella exigua CBS 183.55
Clathrospora elynae
Aplosporella prunicola CBS 121167
Zasmidium cellare ATCC 36951
Viridothelium virens
Westerdykella ornata
Lineolata rhizophorae
Neohortaea acidophila
Lophium mytilinum
Massarina eburnea CBS 473.64
Lophiostoma macrostomum CBS 122681
Melanomma pulvis-pyrius CBS 109.77
Mytilinidion resinicola
Ophiobolus disseminans
Trichodelitschia bisporula
Teratosphaeria nubilosa
Verticillium dahliae VDG1
Peltaster fructicola
Dissoconium aciculare CBS 342.82
Magnaporthe grisea (Crabgrass-specific blast fungus) (Pyricularia grisea)
Pyrenophora teres f. teres
Talaromyces pinophilus (Penicillium pinophilum)
Trichoderma asperellum
Talaromyces marneffei (Penicillium marneffei)
Massariosphaeria phaeospora
Vanrija humicola
Lachnellula cervina
Dekkera bruxellensis (Brettanomyces custersii)
Talaromyces rugulosus
Colletotrichum fructicola (strain Nara gc5) (Anthracnose fungus) (Colletotrichum gloeosporioides (strain Nara gc5))
Aspergillus puulaauensis
Fusarium pseudograminearum (Wheat and barley crown-rot fungus)
Epichloe festucae (strain Fl1)
Phaeosphaeria nodorum (strain SN15 / ATCC MYA-4574 / FGSC 10173) (Glume blotch fungus) (Parastagonospora nodorum)
Cryptococcus neoformans var. grubii Tu259-1
Dekkera bruxellensis (Brettanomyces custersii)
Eeniella nana (Yeast) (Brettanomyces nanus)
Candida auris (Yeast)
Pneumocystis wakefieldiae
Ajellomyces capsulatus (Darling's disease fungus) (Histoplasma capsulatum)
Aspergillus udagawae
Obba rivulosa
Glonium stellatum
Lepidopterella palustris CBS 459.81
Trichoderma simmonsii
Aspergillus fijiensis CBS 313.89
Rhizoctonia solani
Sclerotinia trifoliorum
Rhizoctonia solani
Rhizoctonia solani
Gomphillus americanus
Rhizoctonia solani
Heterodermia speciosa
Venturia inaequalis (Apple scab fungus)
Colletotrichum asianum
Gigaspora margarita
Mucor circinelloides f. lusitanicus (Mucor racemosus var. lusitanicus)
Colletotrichum gloeosporioides (Anthracnose fungus) (Glomerella cingulata)
[Candida] haemuloni var. vulneris
Fusarium acutatum
Fusarium austroafricanum
Ophiocordyceps sinensis
Fusarium gaditjirri
Fusarium zealandicum
Cudoniella acicularis
Fusarium sarcochroum
Fusarium sp. NRRL 66182
Fusarium austroamericanum
Fusarium anthophilum
Psilocybe cf. subviscida
Tulosesus angulatus
Tricholomella constricta
Collybiopsis confluens
Fusarium mexicanum
Fusarium phyllophilum
Fusarium napiforme
Fusarium pseudoanthophilum
Fusarium pseudocircinatum
Fusarium tjaetaba
Fusarium sp. NRRL 52700
Fusarium heterosporum
Fusarium circinatum (Pitch canker fungus) (Gibberella circinata)
Gibberella subglutinans (Fusarium subglutinans)
Fusarium sp. NRRL 25303
Fusarium mundagurra
Cochliobolus sativus (Common root rot and spot blotch fungus) (Bipolaris sorokiniana)
Dekkera bruxellensis (Brettanomyces custersii)
Fusarium denticulatum
Fusarium globosum
Aspergillus burnettii
Botrytis fragariae
Candida albicans (Yeast)
Fusarium oxysporum f. sp. conglutinans
Colletotrichum sojae
Colletotrichum plurivorum
Colletotrichum musicola
Pseudocercospora fuligena
Mycena indigotica
Alternaria burnsii
Apophysomyces ossiformis
Pleurotus ostreatus (Oyster mushroom) (White-rot fungus)
Athelia sp. TMB
Ascochyta lentis
Metschnikowia persimmonesis
Postia placenta
Umbelopsis vinacea
Mucor saturninus
Mucor plumbeus
Mucor circinatus
Mucor circinatus
Thamnidium elegans
Cadophora malorum
Psilocybe cubensis (Psychedelic mushroom) (Stropharia cubensis)
Histoplasma ohiense (nom. inval.)
Ajellomyces capsulatus (Darling's disease fungus) (Histoplasma capsulatum)
Verticillium longisporum
Alternaria atra
Fusarium equiseti (Fusarium scirpi)
Yarrowia sp. B02
Yarrowia sp. E02
Fusarium oxysporum f. sp. rapae
[Candida] subhashii
Fusarium oxysporum f. sp. raphani
Penicillium ucsense
Claviceps africana
Filobasidium floriforme
Chaetomium sp. MPI-SDFR-AT-0129
Ilyonectria sp. MPI-CAGE-AT-0026
Paraphoma chrysanthemicola
Fusarium tricinctum
Plectosphaerella cucumerina
Phlebopus sp. FC_14
Cristinia sonorae
Malassezia restricta
Sordaria macrospora
Helotiales sp. DMI_Dod_QoI
Colletotrichum fructicola
Aspergillus japonicus CBS 114.51
Tilletia controversa (dwarf bunt fungus)
Tilletia walkeri
Candida parapsilosis (Yeast)
Aspergillus clavatus (strain ATCC 1007 / CBS 513.65 / DSM 816 / NCTC 3887 / NRRL 1 / QM 1276 / 107)
Scheffersomyces stipitis (strain ATCC 58785 / CBS 6054 / NBRC 10063 / NRRL Y-11545) (Yeast) (Pichia stipitis)
Meyerozyma guilliermondii (strain ATCC 6260 / CBS 566 / DSM 6381 / JCM 1539 / NBRC 10279 / NRRL Y-324) (Yeast) (Candida guilliermondii)
Lodderomyces elongisporus (strain ATCC 11503 / CBS 2605 / JCM 1781 / NBRC 1676 / NRRL YB-4239) (Yeast) (Saccharomyces elongisporus)
Ajellomyces capsulatus (strain NAm1 / WU24) (Darling's disease fungus) (Histoplasma capsulatum)
Sclerotinia sclerotiorum (strain ATCC 18683 / 1980 / Ss-1) (White mold) (Whetzelinia sclerotiorum)
Malassezia globosa (strain ATCC MYA-4612 / CBS 7966) (Dandruff-associated fungus)
Laccaria bicolor (strain S238N-H82 / ATCC MYA-4686) (Bicoloured deceiver) (Laccaria laccata var. bicolor)
Neosartorya fumigata (strain CEA10 / CBS 144.89 / FGSC A1163) (Aspergillus fumigatus)
Pyrenophora tritici-repentis (strain Pt-1C-BFP) (Wheat tan spot fungus) (Drechslera tritici-repentis)
Talaromyces marneffei (strain ATCC 18224 / CBS 334.59 / QM 7333) (Penicillium marneffei)
Aspergillus flavus (strain ATCC 200026 / FGSC A1120 / IAM 13836 / NRRL 3357 / JCM 12722 / SRRC 167)
Candida dubliniensis (strain CD36 / ATCC MYA-646 / CBS 7987 / NCPF 3949 / NRRL Y-17841) (Yeast)
Ajellomyces capsulatus (strain G186AR / H82 / ATCC MYA-2454 / RMSCC 2432) (Darling's disease fungus) (Histoplasma capsulatum)
Paracoccidioides brasiliensis (strain Pb03)
Paracoccidioides brasiliensis (strain Pb18)
Paracoccidioides lutzii (strain ATCC MYA-826 / Pb01) (Paracoccidioides brasiliensis)
Komagataella phaffii (strain GS115 / ATCC 20864) (Yeast) (Pichia pastoris)
Clavispora lusitaniae (strain ATCC 42720) (Yeast) (Candida lusitaniae)
Candida albicans (strain WO-1) (Yeast)
Candida tropicalis (strain ATCC MYA-3404 / T1) (Yeast)
Ajellomyces capsulatus (strain H143) (Darling's disease fungus) (Histoplasma capsulatum)
Fusarium vanettenii (strain ATCC MYA-4622 / CBS 123669 / FGSC 9596 / NRRL 45880 / 77-13-4) (Fusarium solani subsp. pisi)
Tuber melanosporum (strain Mel28) (Perigord black truffle)
Tuber melanosporum (strain Mel28) (Perigord black truffle)
Schizophyllum commune (strain H4-8 / FGSC 9210) (Split gill fungus)
Moniliophthora perniciosa (strain FA553 / isolate CP02) (Witches'-broom disease fungus) (Marasmius perniciosus)
Colletotrichum graminicola (strain M1.001 / M2 / FGSC 10212) (Maize anthracnose fungus) (Glomerella graminicola)
Pyrenophora teres f. teres (strain 0-1) (Barley net blotch fungus) (Drechslera teres f. teres)
Cryptococcus gattii serotype B (strain WM276 / ATCC MYA-4071) (Filobasidiella gattii) (Cryptococcus bacillisporus)
Sporisorium reilianum (strain SRZ2) (Maize head smut fungus)
Coccidioides posadasii (strain RMSCC 757 / Silveira) (Valley fever fungus)
Metarhizium robertsii (strain ARSEF 23 / ATCC MYA-3075) (Metarhizium anisopliae (strain ARSEF 23))
Ajellomyces capsulatus (strain H88) (Darling's disease fungus) (Histoplasma capsulatum)
Komagataella phaffii (strain ATCC 76273 / CBS 7435 / CECT 11047 / NRRL Y-11430 / Wegner 21-1) (Yeast) (Pichia pastoris)
Batrachochytrium dendrobatidis (strain JAM81 / FGSC 10211) (Frog chytrid fungus)
Melampsora larici-populina (strain 98AG31 / pathotype 3-4-7) (Poplar leaf rust fungus)
Cryptococcus neoformans var. neoformans serotype D (strain B-3501A) (Filobasidiella neoformans)
Sordaria macrospora (strain ATCC MYA-333 / DSM 997 / K(L3346) / K-hell)
Neurospora tetrasperma (strain FGSC 2508 / ATCC MYA-4615 / P0657)
Fusarium oxysporum (strain Fo5176) (Fusarium vascular wilt)
Hypocrea jecorina (strain QM6a) (Trichoderma reesei)
Chaetomium thermophilum (strain DSM 1495 / CBS 144.50 / IMI 039719) (Thermochaetoides thermophila)
Thermothielavioides terrestris (strain ATCC 38088 / NRRL 8126) (Thielavia terrestris)
Verticillium dahliae (strain VdLs.17 / ATCC MYA-4575 / FGSC 10137) (Verticillium wilt)
Botryotinia fuckeliana (strain T4) (Noble rot fungus) (Botrytis cinerea)
Spathaspora passalidarum (strain NRRL Y-27907 / 11-Y1)
Candida tenuis (strain ATCC 10573 / BCRC 21748 / CBS 615 / JCM 9827 / NBRC 10315 / NRRL Y-1498 / VKM Y-70) (Yeast) (Yamadazyma tenuis)
Cordyceps militaris (strain CM01) (Caterpillar fungus)
Serendipita indica (strain DSM 11827) (Root endophyte fungus) (Piriformospora indica)
Neurospora tetrasperma (strain FGSC 2509 / P0656)
Candida parapsilosis (strain CDC 317 / ATCC MYA-4646) (Yeast) (Monilia parapsilosis)
Pichia sorbitophila (strain ATCC MYA-4447 / BCRC 22081 / CBS 7064 / NBRC 10061 / NRRL Y-12695) (Hybrid yeast)
Hypocrea virens (strain Gv29-8 / FGSC 10586) (Gliocladium virens) (Trichoderma virens)
Hypocrea atroviridis (strain ATCC 20476 / IMI 206040) (Trichoderma atroviride)
Colletotrichum higginsianum (strain IMI 349063) (Crucifer anthracnose fungus)
Candida orthopsilosis (strain 90-125) (Yeast)
Rhizopus delemar (strain RA 99-880 / ATCC MYA-4621 / FGSC 9543 / NRRL 43880) (Mucormycosis agent) (Rhizopus arrhizus var. delemar)
Rhizopus delemar (strain RA 99-880 / ATCC MYA-4621 / FGSC 9543 / NRRL 43880) (Mucormycosis agent) (Rhizopus arrhizus var. delemar)
Gibberella zeae (strain ATCC MYA-4620 / CBS 123657 / FGSC 9075 / NRRL 31084 / PH-1) (Wheat head blight fungus) (Fusarium graminearum)
Ustilago hordei (strain Uh4875-4) (Barley covered smut fungus)
Brettanomyces bruxellensis AWRI1499
Aspergillus oryzae (strain 3.042) (Yellow koji mold)
Coccidioides immitis (strain RS) (Valley fever fungus)
Fibroporia radiculosa
Trichosporon asahii var. asahii (strain ATCC 90039 / CBS 2479 / JCM 2466 / KCTC 7840 / NBRC 103889/ NCYC 2677 / UAMH 7654) (Yeast)
Cryptococcus neoformans var. grubii serotype A (strain H99 / ATCC 208821 / CBS 10515 / FGSC 9487) (Filobasidiella neoformans var. grubii)
Wickerhamomyces ciferrii (strain ATCC 14091 / BCRC 22168 / CBS 111 / JCM 3599 / NBRC 0793 / NRRL Y-1031 F-60-10) (Yeast) (Pichia ciferrii)
Trichosporon asahii var. asahii (strain CBS 8904) (Yeast)
Marssonina brunnea f. sp. multigermtubi (strain MB_m1) (Marssonina leaf spot fungus)
Macrophomina phaseolina (strain MS6) (Charcoal rot fungus)
Fusarium pseudograminearum (strain CS3096) (Wheat and barley crown-rot fungus)
Agaricus bisporus var. burnettii (strain JB137-S8 / ATCC MYA-4627 / FGSC 10392) (White button mushroom)
Phanerochaete carnosa (strain HHB-10118-sp) (White-rot fungus) (Peniophora carnosa)
Colletotrichum fructicola (strain Nara gc5) (Anthracnose fungus) (Colletotrichum gloeosporioides (strain Nara gc5))
Claviceps purpurea (strain 20.1) (Ergot fungus) (Sphacelia segetum)
Baudoinia panamericana (strain UAMH 10762) (Angels' share fungus) (Baudoinia compniacensis (strain UAMH 10762))
Ceriporiopsis subvermispora (strain B) (White-rot fungus) (Gelatoporia subvermispora)
Cochliobolus sativus (strain ND90Pr / ATCC 201652) (Common root rot and spot blotch fungus) (Bipolaris sorokiniana)
Candida maltosa (strain Xu316) (Yeast)
Malassezia sympodialis (strain ATCC 42132) (Atopic eczema-associated yeast)
Dacryopinax primogenitus (strain DJM 731) (Brown rot fungus)
Pneumocystis murina (strain B123) (Mouse pneumocystis pneumonia agent) (Pneumocystis carinii f. sp. muris)
Eutypa lata (strain UCR-EL1) (Grapevine dieback disease fungus) (Eutypa armeniacae)
Botryotinia fuckeliana (strain BcDW1) (Noble rot fungus) (Botrytis cinerea)
Rhodosporidium toruloides (strain NP11) (Yeast) (Rhodotorula gracilis)
Pseudozyma antarctica (strain T-34) (Yeast) (Candida antarctica)
Blumeria graminis f. sp. hordei (strain DH14) (Barley powdery mildew) (Oidium monilioides f. sp. hordei)
Fusarium oxysporum f. sp. cubense (strain race 4) (Panama disease fungus)
Fusarium oxysporum f. sp. cubense (strain race 1) (Panama disease fungus)
Colletotrichum orbiculare (strain 104-T / ATCC 96160 / CBS 514.97 / LARS 414 / MAFF 240422) (Cucumber anthracnose fungus) (Colletotrichum lagenarium)
Phaeosphaeria nodorum (strain SN15 / ATCC MYA-4574 / FGSC 10173) (Glume blotch fungus) (Parastagonospora nodorum)
Chaetomium globosum (strain ATCC 6205 / CBS 148.51 / DSM 1962 / NBRC 6347 / NRRL 1970) (Soil fungus)
Aspergillus oryzae (strain ATCC 42149 / RIB 40) (Yellow koji mold)
Emericella nidulans (strain FGSC A4 / ATCC 38163 / CBS 112.46 / NRRL 194 / M139) (Aspergillus nidulans)
Cryptococcus neoformans var. neoformans serotype D (strain JEC21 / ATCC MYA-565) (Filobasidiella neoformans)
Debaryomyces hansenii (strain ATCC 36239 / CBS 767 / BCRC 21394 / JCM 1990 / NBRC 0083 / IGC 2968) (Yeast) (Torulaspora hansenii)
Yarrowia lipolytica (strain CLIB 122 / E 150) (Yeast) (Candida lipolytica)
Botryosphaeria parva (strain UCR-NP2) (Grapevine canker fungus) (Neofusicoccum parvum)
Taphrina deformans (strain PYCC 5710 / ATCC 11124 / CBS 356.35 / IMI 108563 / JCM 9778 / NBRC 8474) (Peach leaf curl fungus) (Lalaria deformans)
Dichomitus squalens (strain LYAD-421) (Western red white-rot fungus)
Coniosporium apollinis (strain CBS 100218) (Rock-inhabiting black yeast)
Phaeoacremonium minimum (strain UCR-PA7) (Esca disease fungus) (Togninia minima)
Gibberella fujikuroi (strain CBS 195.34 / IMI 58289 / NRRL A-6831) (Bakanae and foot rot disease fungus) (Fusarium fujikuroi)
Mucor circinelloides f. circinelloides (strain 1006PhL) (Mucormycosis agent) (Calyptromyces circinelloides)
Ophiostoma piceae (strain UAMH 11346) (Sap stain fungus)
Gloeophyllum trabeum (strain ATCC 11539 / FP-39264 / Madison 617) (Brown rot fungus)
Penicillium oxalicum (strain 114-2 / CGMCC 5302) (Penicillium decumbens)
Colletotrichum gloeosporioides (strain Cg-14) (Anthracnose fungus) (Glomerella cingulata)
Ophiocordyceps sinensis (strain Co18 / CGMCC 3.14243) (Yarsagumba caterpillar fungus) (Hirsutella sinensis)
Pyronema omphalodes (strain CBS 100304) (Pyronema confluens)
Microbotryum lychnidis-dioicae (strain p1A1 Lamole / MvSl-1064) (Anther smut fungus)
Sporothrix schenckii (strain ATCC 58251 / de Perez 2211183) (Rose-picker's disease fungus)
Rhizophagus irregularis (strain DAOM 181602 / DAOM 197198 / MUCL 43194) (Arbuscular mycorrhizal fungus) (Glomus intraradices)
Cladophialophora carrionii CBS 160.54
Ogataea parapolymorpha (strain ATCC 26012 / BCRC 20466 / JCM 22074 / NRRL Y-7560 / DL-1) (Yeast) (Hansenula polymorpha)
Cyphellophora europaea CBS 101466
Moesziomyces aphidis (Pseudozyma aphidis)
Heterobasidion irregulare (strain TC 32-1)
Kuraishia capsulata CBS 1993
Penicillium roqueforti (strain FM164)
Bipolaris zeicola 26-R-13
Bipolaris oryzae ATCC 44560
Bipolaris victoriae FI3
Gibberella moniliformis (strain M3125 / FGSC 7600) (Maize ear and stalk rot fungus) (Fusarium verticillioides)
Sclerotinia borealis (strain F-4128)
Fusarium oxysporum NRRL 32931
Fusarium oxysporum Fo47
Fusarium oxysporum f. sp. pisi HDV247
Cladophialophora yegresii CBS 114405
Cladophialophora psammophila CBS 110553
Capronia epimyces CBS 606.96
Capronia coronata CBS 617.96
Fusarium oxysporum f. sp. melonis 26406
Fusarium oxysporum f. sp. raphani 54005
Fusarium oxysporum f. sp. conglutinans race 2 54008
Fusarium odoratissimum NRRL 54006
Fusarium oxysporum f. sp. vasinfectum 25433
