Acanthisitta chloris
Acinonyx jubatus
Acrocephalus arundinaceus
Acromyrmex charruanus
Acromyrmex echinatior
Acromyrmex heyeri
Acromyrmex insinuator
Acyrthosiphon pisum
Adineta ricciae
Aedes albopictus
Agelaius phoeniceus
Ailuropoda melanoleuca
Alaudala cheleensis
Alligator mississippiensis
Alligator sinensis
Allomyces macrogynus (strain ATCC 38327)
Amazona aestiva
Amazona collaria
Amblyomma americanum
Amblyomma aureolatum
Amblyomma cajennense
Amblyomma triste
Amphilophus citrinellus
Ananas comosus
Anas platyrhynchos
Anas platyrhynchos platyrhynchos
Anas zonorhyncha
Ancylostoma caninum
Ancylostoma ceylanicum
Angiostrongylus cantonensis
Angiostrongylus costaricensis
Anguilla anguilla
Anolis carolinensis
Anopheles albimanus
Anopheles arabiensis
Anopheles atroparvus
Anopheles christyi
Anopheles culicifacies
Anopheles dirus
Anopheles epiroticus
Anopheles farauti
Anopheles funestus
Anopheles melas
Anopheles merus
Anopheles minimus
Anopheles quadriannulatus
Anopheles sinensis
Anopheles stephensi
Anser brachyrhynchus
Anser cygnoides
Antrostomus carolinensis
Aotus nancymaae
Apaloderma vittatum
Apis mellifera
Apostasia shenzhenica
Aptenodytes forsteri
Aquila chrysaetos chrysaetos
Arabidopsis lyrata subsp. lyrata
Arabidopsis thaliana
Arabis alpina
Araucaria cunninghamii
Ardeotis kori
Arion vulgaris
Armadillidium nasatum
Asarcornis scutulata
Asbolus verrucosus
Ascaris lumbricoides
Astyanax mexicanus
Atlantisia rogersi
Atractosteus spatula
Atta cephalotes
Atta colombica
Auxenochlorella protothecoides
Aythya fuligula
Bactrocera dorsalis
Bactrocera latifrons
Balaenoptera acutorostrata scammoni
Balaenoptera musculus
Balearica regulorum gibbericeps
Bicyclus anynana
Bison bison bison
Bombus bifarius
Bombus vosnesenskii
Bos indicus
Bos indicus x Bos taurus
Bos mutus
Bos mutus grunniens
Bos taurus
Brassica napus
Brassica oleracea var. oleracea
Brugia malayi
Brugia pahangi
Brugia timori
Buceros rhinoceros silvestris
Bursaphelenchus xylophilus
Caenorhabditis brenneri
Caenorhabditis briggsae
Caenorhabditis elegans
Caenorhabditis latens
Caenorhabditis remanei
Caenorhabditis tropicalis
Cairina moschata domestica
Calcarius ornatus
Callaeas wilsoni
Callithrix jacchus
Callorhinus ursinus
Calypte anna
Camellia sinensis var. sinensis
Camelus ferus
Canis lupus dingo
Canis lupus familiaris
Capra hircus
Capsaspora owczarzaki (strain ATCC 30864)
Carex littledalei
Cariama cristata
Carlito syrichta
Castor canadensis
Catagonus wagneri
Catharus fuscescens
Cavia porcellus
Cebus imitator
Ceratosolen solmsi
Cercocebus atys
Certhia familiaris
Charadrius vociferus
Chelonoidis abingdonii
Chelydra serpentina
Chinchilla lanigera
Chlamydomonas incerta
Chlamydomonas reinhardtii
Chlamydotis macqueenii
Chlorocebus sabaeus
Chloropsis hardwickii
Chordeiles acutipennis
Chrysemys picta bellii
Chrysolophus pictus
Chunga burmeisteri
Cisticola juncidis
Citrus sinensis
Clastoptera arizonana
Clunio marinus
Cnemophilus loriae
Coffea arabica
Coffea canephora
Colius striatus
Collichthys lucidus
Colobus angolensis palliatus
Coregonus sp. 'balchen'
Corvus brachyrhynchos
Corvus moneduloides
Coturnix japonica
Cricetulus griseus
Crocodylus porosus
Crocuta crocuta
Crypturellus undulatus
Cuculus canorus
Cucumis sativus
Cuerna arida
Cyanidiococcus yangmingshanensis
Cyanistes caeruleus
Cynara cardunculus var. scolymus
Cynoglossus semilaevis
Cynopterus sphinx
Cyphomyrmex costatus
Cyprideis torosa
Danio rerio
Daphnia lumholtzi
Daphnia magna
Daphnia sinensis
Darwinula stevensoni
Daucus carota subsp. sativus
Delphinapterus leucas
Dendroctonus ponderosae
Dicaeum eximium
Dictyocaulus viviparus
Dimargaris cristalligena
Dinoponera quadriceps
Dinothrombium tinctorium
Dipodomys ordii
Donacobius atricapilla
Dracunculus medinensis
Dromaius novaehollandiae
Drosophila ananassae
Drosophila busckii
Drosophila erecta
Drosophila guanche
Drosophila hydei
Drosophila melanogaster
Drosophila mojavensis
Drosophila virilis
Drosophila willistoni
Drosophila yakuba
Drymodes brunneopygia
Dryobates pubescens
Dufourea novaeangliae
Echinococcus granulosus
Echinococcus multilocularis
Echinostoma caproni
Ectocarpus siliculosus
Edaphochlamys debaryana
Egretta garzetta
Elaeophora elaphi
Eleutherodactylus coqui
Emberiza fucata
Enhydra lutris kenyoni
Enterobius vermicularis
Eptatretus burgeri
Equus asinus asinus
Equus caballus
Erinaceus europaeus
Erithacus rubecula
Erythranthe guttata
Eucalyptus grandis
Felis catus
Ficedula albicollis
Fopius arisanus
Fukomys damarensis
Galemys pyrenaicus
Galleria mellonella
Gasterosteus aculeatus
Gavia stellata
Gekko japonicus
Geospiza fortis
Geospiza parvula
Globodera pallida
Glossina austeni
Glossina brevipalpis
Glossina pallidipes
Glossina palpalis gambiensis
Glycine max
Glycine soja
Gongylonema pulchrum
Gonium pectorale
Gopherus agassizii
Gopherus evgoodei
Gorilla gorilla gorilla
Gossypium arboreum
Gossypium raimondii
Graphocephala atropunctata
Guillardia theta (strain CCMP2712)
Habropoda laboriosa
Haematobia irritans
Haemonchus placei
Haliaeetus albicilla
Halicephalobus sp. NKZ332
Helobdella robusta
Hemiscolopendra marginata
Heterocephalus glaber
Hippolais icterina
Hirundo rustica
Homalodisca liturata
Homo sapiens
Hyalella azteca
Hyalomma excavatum
Hydatigena taeniaeformis
Hydra vulgaris
Hylia prasina
Hymenochirus boettgeri
Hymenochirus curtipes
Hymenolepis diminuta
Hypotaenidia okinawae
Ibidorhyncha struthersii
Iconisemion striatum
Ictidomys tridecemlineatus
Illadopsis cleaveri
Ixodes ricinus
Ixodes scapularis
Jaculus jaculus
Jatropha curcas
Lamprotornis superbus
Larimichthys crocea
Laticauda laticaudata
Latimeria chalumnae
Leersia perrieri
Lepidothrix coronata
Lepisosteus oculatus
Leptobrachium leishanense
Leptonychotes weddellii
Leptosomus discolor
Leptotrombidium deliense
Leucopsar rothschildi
Lichtheimia corymbifera JMRC:FSU:9682
Limosa lapponica baueri
Lipotes vexillifer
Loa loa
Locustella ochotensis
Loxia curvirostra
Loxia leucoptera
Loxodonta africana
Lupinus angustifolius
Lygus hesperus
Lynx canadensis
Lynx pardinus
Macaca fascicularis
Macaca mulatta
Macaca nemestrina
Macrostomum lignano
Manacus vitellinus
Mandrillus leucophaeus
Marchantia polymorpha
Marmota marmota marmota
Marmota monax
Medicago truncatula
Medioppia subpectinata
Melanocharis versteri
Melipona quadrifasciata
Meloidogyne hapla
Melospiza melodia
Merops nubicus
Mesitornis unicolor
Mesocestoides corti
Mesocricetus auratus
Microcebus murinus
Microtus ochrogaster
Micrurus paraensis
Miniopterus schreibersii
Molossus molossus
Molothrus ater
Monodelphis domestica
Monodon monoceros
Moschus moschiferus
Muntiacus muntjak
Muntiacus reevesi
Musa acuminata subsp. malaccensis
Musa balbisiana
Mus caroli
Mus musculus
Mus spicilegus
Mustela putorius furo
Myotis brandtii
Myotis davidii
Myotis lucifugus
Myotis myotis
Mytilus edulis
Mytilus trossulus
Naja naja
Nannospalax galili
Nasonia vitripennis
Neomonachus schauinslandi
Neophocaena asiaeorientalis asiaeorientalis
Neovison vison
Nesospiza acunhae
Nestor notabilis
Nicotiana attenuata
Nicotiana sylvestris
Nippostrongylus brasiliensis
Noccaea caerulescens
Nomascus leucogenys
Notechis scutatus
Nothobranchius furzeri
Nothobranchius kadleci
Nothobranchius korthausae
Nothobranchius kuhntae
Nothobranchius pienaari
Nothobranchius rachovii
Notiomystis cincta
Notodromas monacha
Nyctereutes procyonoides
Nycticryphes semicollaris
Nyssomyia neivai
Octodon degus
Octopus bimaculoides
Odobenus rosmarus divergens
Odocoileus virginianus texanus
Oesophagostomum dentatum
Onchocerca flexuosa
Onchocerca ochengi
Oncorhynchus mykiss
Ooceraea biroi
Operophtera brumata
Ophiophagus hannah
Opisthocomus hoazin
Opisthorchis felineus
Opisthorchis viverrini
Orchesella cincta
Ornithodoros erraticus
Ornithodoros turicata
Ornithorhynchus anatinus
Orycteropus afer afer
Oryctolagus cuniculus
Oryza barthii
Oryza glumipatula
Oryza meridionalis
Oryza nivara
Oryza punctata
Oryza rufipogon
Oryza sativa subsp. japonica
Osmerus mordax
Otus sunia
Ovis aries
Pan paniscus
Panstrongylus megistus
Panthera leo
Panthera pardus
Panthera tigris altaica
Pantherophis guttatus
Pan troglodytes
Papilio machaon
Papilio xuthus
Papio anubis
Paragonimus westermani
Paramormyrops kingsleyae
Pararge aegeria aegeria
Parastrongyloides trichosuri
Passerina amoena
Patagioenas fasciata monilis
Pediculus humanus subsp. corporis
Pedionomus torquatus
Pelecanus crispus
Pelodiscus sinensis
Pelusios castaneus
Perca fluviatilis
Periophthalmus magnuspinnatus
Peromyscus maniculatus bairdii
Petromyzon marinus
Phainopepla nitens
Phalacrocorax carbo
Phascolarctos cinereus
Phaseolus angularis
Phasianus colchicus
Pheucticus melanocephalus
Phocoena sinus
Phoenicopterus ruber ruber
Phyllostomus discolor
Physeter macrocephalus
Phytophthora nicotianae
Piliocolobus tephrosceles
Pipistrellus kuhlii
Pipra filicauda
Plasmopara halstedii
Platysternon megacephalum
Ploceus nigricollis
Podarcis muralis
Poecile atricapillus
Poecilia formosa
Poeciliopsis prolifica
Pogona vitticeps
Polioptila caerulea
Pomatorhinus ruficollis
Pongo abelii
Pongo pygmaeus
Prolemur simus
Promerops cafer
Propithecus coquereli
Prunella himalayana
Pseudoatta argentina
Pseudonaja textilis
Pterocles gutturalis
Pteropus alecto
Pteropus vampyrus
Ptilonorhynchus violaceus
Puma concolor
Pygoscelis adeliae
Quiscalus mexicanus
Ramazzottius varieornatus
Ranitomeya imitator
Raphanus sativus
Rattus norvegicus
Rhabditophanes sp. KR3021
Rhabdornis inornatus
Rhinolophus ferrumequinum
Rhinopithecus bieti
Rhinopithecus roxellana
Rhinopomastus cyanomelas
Rhipicephalus appendiculatus
Rhodamnia argentea
Rhodinocichla rosea
Rhodnius neglectus
Rodentolepis nana
Rostratula benghalensis
Rotaria socialis
Rotaria sordida
Rotaria sp. Silwood1
Rotaria sp. Silwood2
Rousettus aegyptiacus
Rousettus leschenaultii
Saimiri boliviensis boliviensis
Salvator merianae
Sapajus apella
Saprolegnia parasitica (strain CBS 223.65)
Sarcophilus harrisii
Sarcoptes scabiei
Schistocephalus solidus
Schistosoma bovis
Schistosoma haematobium
Schistosoma margrebowiei
Schistosoma mattheei
Sciurus vulgaris
Scleropages formosus
Scophthalmus maximus
Scotophilus kuhlii
Sesamum indicum
Setaria italica
Sitophilus oryzae
Soboliphyme baturini
Solanum chacoense
Sparus aurata
Spermophilus dauricus
Sphenodon punctatus
Spinacia oleracea
Spizellomyces punctatus (strain DAOM BR117)
Stegodyphus mimosarum
Steinernema glaseri
Stichopus japonicus
Stomoxys calcitrans
Strigops habroptila
Strongyloides papillosus
Strongyloides ratti
Strongyloides stercoralis
Strongyloides venezuelensis
Struthio camelus australis
Suricata suricatta
Sus scrofa
Sylvia borin
Syphacia muris
Tabanus bromius
Taenia asiatica
Taeniopygia guttata
Tauraco erythrolophus
Temnothorax curvispinosus
Terrapene carolina triunguis
Tetrabaena socialis
Tetranychus urticae
Thamnophis sirtalis
Thelazia callipaeda
Theobroma cacao
Theropithecus gelada
Thinocorus orbignyianus
Timema californicum
Timema douglasi
Timema shepardi
Tinamus guttatus
Toxocara canis
Trachymyrmex cornetzi
Trachymyrmex septentrionalis
Trachymyrmex zeteki
Trichechus manatus latirostris
Trichinella murrelli
Trichinella nativa
Trichinella nelsoni
Trichinella patagoniensis
Trichinella pseudospiralis
Trichinella spiralis
Trichinella sp. T8
Trichinella sp. T9
Trichobilharzia regenti
Trichomalopsis sarcophagae
Trichuris muris
Trichuris suis
Trichuris trichiura
Triticum aestivum
Tursiops truncatus
Tychaedon coryphoeus
Tyrannus savana
Tyto alba
Urocitellus parryii
Urocynchramus pylzowi
Ursus americanus
Ursus maritimus
Varanus komodoensis
Varroa destructor
Vicugna pacos
Vidua chalybeata
Vigna angularis var. angularis
Vigna radiata var. radiata
Vitis vinifera
Vombatus ursinus
Vulpes vulpes
Wollemia nobilis
Xenopus laevis
Xiphophorus maculatus
Zalophus californianus
Zea mays
Zonotrichia albicollis
Zootermopsis nevadensis
Zostera marina
Zosterops lateralis melanops
