Aaosphaeria arxii CBS 175.79
Acanthisitta chloris
Acidomyces richmondensis BFW
Acinonyx jubatus
Acremonium chrysogenum (strain ATCC 11550 / CBS 779.69 / DSM 880 / IAM 14645 / JCM 23072 / IMI 49137)
Acrocephalus arundinaceus
Acromyrmex charruanus
Acromyrmex echinatior
Acromyrmex heyeri
Acromyrmex insinuator
Acyrthosiphon pisum
Aedes albopictus
Agelaius phoeniceus
Ailuropoda melanoleuca
Ajellomyces dermatitidis (strain ATCC 18188 / CBS 674.68)
Ajellomyces dermatitidis (strain ER-3 / ATCC MYA-2586)
Akanthomyces lecanii RCEF 1005
Alaudala cheleensis
Albugo candida
Alectoria fallacina
Alligator mississippiensis
Alligator sinensis
Allomyces macrogynus (strain ATCC 38327)
alpha proteobacterium Q-1
Alternaria alternata
Alternaria arborescens
Amanita muscaria (strain Koide BX008)
Amazona aestiva
Amazona collaria
Amblyomma americanum
Amblyomma aureolatum
Amblyomma cajennense
Amblyomma triste
Amniculicola lignicola CBS 123094
Amphilophus citrinellus
Ananas comosus
Anas platyrhynchos
Anas platyrhynchos platyrhynchos
Anas zonorhyncha
Ancylostoma caninum
Ancylostoma ceylanicum
Ancylostoma duodenale
Angiostrongylus cantonensis
Angiostrongylus costaricensis
Anguilla anguilla
Anisakis simplex
Anolis carolinensis
Anopheles albimanus
Anopheles arabiensis
Anopheles atroparvus
Anopheles christyi
Anopheles culicifacies
Anopheles dirus
Anopheles epiroticus
Anopheles farauti
Anopheles funestus
Anopheles melas
Anopheles merus
Anopheles minimus
Anopheles quadriannulatus
Anopheles sinensis
Anopheles stephensi
Anser brachyrhynchus
Anser cygnoides
Anthurium amnicola
Antrostomus carolinensis
Aotus nancymaae
Apaloderma vittatum
Aphanomyces invadans
Apis mellifera
Aplanochytrium stocchinoi
Apostasia shenzhenica
Aptenodytes forsteri
Aquila chrysaetos chrysaetos
Arabidopsis lyrata subsp. lyrata
Arabidopsis thaliana
Arabis alpina
Araucaria cunninghamii
Ardeotis kori
Arion vulgaris
Armadillidium nasatum
Armillaria ostoyae
Arthrobotrys flagrans
Arthrobotrys oligospora (strain ATCC 24927 / CBS 115.81 / DSM 1491)
Arthroderma benhamiae (strain ATCC MYA-4681 / CBS 112371)
Arthroderma gypseum (strain ATCC MYA-4604 / CBS 118893)
Arthroderma otae (strain ATCC MYA-4605 / CBS 113480)
Asarcornis scutulata
Asbolus verrucosus
Ascaris lumbricoides
Ascobolus immersus RN42
Ascodesmis nigricans
Ascoidea rubescens DSM 1968
Ascosphaera apis ARSEF 7405
Aspergillus aculeatus (strain ATCC 16872 / CBS 172.66 / WB 5094)
Aspergillus awamori
Aspergillus bombycis
Aspergillus brasiliensis (strain CBS 101740 / IMI 381727 / IBT 21946)
Aspergillus calidoustus
Aspergillus campestris IBT 28561
Aspergillus candidus
Aspergillus carbonarius (strain ITEM 5010)
Aspergillus chevalieri
Aspergillus cristatus
Aspergillus ellipticus CBS 707.79
Aspergillus eucalypticola (strain CBS 122712 / IBT 29274)
Aspergillus felis
Aspergillus fumigatiaffinis
Aspergillus fumigatus Z5
Aspergillus glaucus CBS 516.65
Aspergillus heteromorphus CBS 117.55
Aspergillus hiratsukae
Aspergillus ibericus CBS 121593
Aspergillus kawachii
Aspergillus kawachii (strain NBRC 4308)
Aspergillus lacticoffeatus (strain CBS 101883)
Aspergillus lentulus
Aspergillus luchuensis (strain CBS 106.47)
Aspergillus mulundensis
Aspergillus neoniger (strain CBS 115656)
Aspergillus niger
Aspergillus niger ATCC 13496
Aspergillus niger (strain ATCC 1015 / CBS 113.46 / FGSC A1144 / LSHB Ac4 / NCTC 3858a / NRRL 328 / USDA 3528.7)
Aspergillus niger (strain ATCC MYA-4892 / CBS 513.88 / FGSC A1513)
Aspergillus nomiae NRRL 13137
Aspergillus novofumigatus (strain IBT 16806)
Aspergillus ochraceoroseus
Aspergillus parasiticus (strain ATCC 56775 / NRRL 5862 / SRRC 143 / SU-1)
Aspergillus phoenicis ATCC 13157
Aspergillus piperis CBS 112811
Aspergillus rambellii
Aspergillus ruber (strain CBS 135680)
Aspergillus sclerotialis
Aspergillus sclerotiicarbonarius (strain CBS 121057 / IBT 28362)
Aspergillus sclerotioniger CBS 115572
Aspergillus sp. HF37
Aspergillus sydowii CBS 593.65
Aspergillus taichungensis
Aspergillus tanneri
Aspergillus terreus
Aspergillus terreus (strain NIH 2624 / FGSC A1156)
Aspergillus thermomutatus
Aspergillus tubingensis
Aspergillus tubingensis (strain CBS 134.48)
Aspergillus turcosus
Aspergillus vadensis (strain CBS 113365 / IMI 142717 / IBT 24658)
Aspergillus welwitschiae
Aspergillus wentii DTO 134E9
Astyanax mexicanus
Atlantisia rogersi
Atractosteus spatula
Atta cephalotes
Atta colombica
Aulographum hederae CBS 113979
Aureobasidium melanogenum CBS 110374
Aureobasidium namibiae CBS 147.97
Aureobasidium pullulans
Aureobasidium pullulans EXF-150
Aureobasidium subglaciale (strain EXF-2481)
Auxenochlorella protothecoides
Aythya fuligula
Babjeviella inositovora NRRL Y-12698
Bactrocera dorsalis
Bactrocera latifrons
Balaenoptera acutorostrata scammoni
Balaenoptera musculus
Balearica regulorum gibbericeps
Bathycoccus prasinos
Batrachochytrium dendrobatidis (strain JEL423)
Beauveria bassiana
Beauveria bassiana D1-5
Beauveria bassiana (strain ARSEF 2860)
Beauveria brongniartii RCEF 3172
Bicyclus anynana
Bimuria novae-zelandiae CBS 107.79
Bionectria ochroleuca
Bison bison bison
Blastobotrys adeninivorans
Blastocystis sp. subtype 1 (strain ATCC 50177 / NandII)
Blastomyces dermatitidis ATCC 26199
Blastomyces gilchristii (strain SLH14081)
Blastomyces percursus
Boletus reticuloceps
Bombus bifarius
Bombus vosnesenskii
Bos indicus
Bos indicus x Bos taurus
Bos mutus
Bos mutus grunniens
Bos taurus
Botryobasidium botryosum FD-172 SS1
Botryosphaeria dothidea
Brassica napus
Brassica oleracea var. oleracea
Brugia malayi
Brugia pahangi
Brugia timori
Buceros rhinoceros silvestris
Bursaphelenchus xylophilus
Byssochlamys spectabilis
Byssochlamys spectabilis (strain No. 5 / NBRC 109023)
Byssothecium circinans
Cadophora sp. M221
Caenorhabditis brenneri
Caenorhabditis briggsae
Caenorhabditis elegans
Caenorhabditis latens
Caenorhabditis remanei
Caenorhabditis tropicalis
Cafeteria roenbergensis
Cairina moschata domestica
Cajanus cajan
Calcarius ornatus
Callaeas wilsoni
Callithrix jacchus
Callorhinus ursinus
Calocera cornea HHB12733
Calocera viscosa (strain TUFC12733)
Calypte anna
Camelus ferus
Candida albicans (strain SC5314 / ATCC MYA-2876)
[Candida] arabinofermentans NRRL YB-2248
Candida auris
[Candida] intermedia
Candidatus Filomicrobium marinum
Candolleomyces aberdarensis
Canis lupus dingo
Canis lupus familiaris
Capra hircus
Capsaspora owczarzaki (strain ATCC 30864)
Carex littledalei
Cariama cristata
Carlito syrichta
Castor canadensis
Catagonus wagneri
Catharus fuscescens
Cavia porcellus
Cebus imitator
Ceraceosorus bombacis
Ceratobasidium sp. AG-Ba
Ceratobasidium theobromae
Ceratocystis fimbriata f. sp. platani
Ceratodon purpureus
Ceratosolen solmsi
Cercocebus atys
Cercospora berteroae
Cercospora beticola
Cercospora zeae-maydis SCOH1-5
Certhia familiaris
Chaetothyriales sp. CBS 132003
Chaetothyriales sp. CBS 134920
Chaetothyriales sp. CBS 135597
Charadrius vociferus
Chelonoidis abingdonii
Chelydra serpentina
Chinchilla lanigera
Chlamydomonas eustigma
Chlamydomonas incerta
Chlamydomonas reinhardtii
Chlamydotis macqueenii
Chlorocebus sabaeus
Chloropicon roscoffensis
Chloropsis hardwickii
Choanephora cucurbitarum
Choiromyces venosus 120613-1
Chordeiles acutipennis
Chrysemys picta bellii
Chrysochromulina tobinii
Chrysolophus pictus
Chunga burmeisteri
Chytriomyces confervae
Cisticola juncidis
Citrus sinensis
Cladophialophora bantiana CBS 173.52
Cladophialophora carrionii
Cladophialophora immunda
Clastoptera arizonana
Clohesyomyces aquaticus
Clunio marinus
Cnemophilus loriae
Coccidioides immitis H538.4
Coccidioides immitis RMSCC 2394
Coccidioides immitis RMSCC 3703
Coccidioides posadasii RMSCC 3488
Coccidioides posadasii (strain C735)
Cochliobolus heterostrophus (strain C4 / ATCC 48331 / race T)
Cochliobolus heterostrophus (strain C5 / ATCC 48332 / race O)
Coffea canephora
Coleophoma crateriformis
Coleophoma cylindrospora
Colius striatus
Colletotrichum fioriniae PJ7
Colletotrichum incanum
Colletotrichum nymphaeae SA-01
Colletotrichum orchidophilum
Colletotrichum salicis
Colletotrichum sidae
Colletotrichum simmondsii
Colletotrichum spinosum
Colletotrichum sublineola
Colletotrichum tofieldiae
Colletotrichum trifolii
Collichthys lucidus
Colobus angolensis palliatus
Conidiobolus coronatus (strain ATCC 28846 / CBS 209.66 / NRRL 28638)
Coniochaeta ligniaria NRRL 30616
Coniochaeta sp. 2T2.1
Coprinellus micaceus
Coprinopsis cinerea (strain Okayama-7 / 130 / ATCC MYA-4618 / FGSC 9003)
Cordyceps confragosa
Cordyceps fumosorosea (strain ARSEF 2679)
Cordyceps javanica
Coregonus sp. 'balchen'
Corvus brachyrhynchos
Corvus moneduloides
Coturnix japonica
Cricetulus griseus
Crocodylus porosus
Crocuta crocuta
Cryptococcus amylolentus CBS 6039
Cryptococcus amylolentus CBS 6273
Cryptococcus depauperatus CBS 7841
Cryptococcus depauperatus CBS 7855
Cryptococcus floricola
Cryptococcus gattii CA1280
Cryptococcus gattii EJB2
Cryptococcus gattii serotype B (strain R265)
Cryptococcus gattii VGII Ram5
Cryptococcus gattii VGIV IND107
Cryptococcus wingfieldii CBS 7118
Crypturellus undulatus
Cuculus canorus
Cucumis sativus
Cuerna arida
Cutaneotrichosporon oleaginosum
Cyanidiococcus yangmingshanensis
Cyanidioschyzon merolae (strain NIES-3377 / 10D)
Cyanistes caeruleus
Cyberlindnera jadinii (strain ATCC 18201 / CBS 1600 / BCRC 20928 / JCM 3617 / NBRC 0987 / NRRL Y-1542)
Cylindrobasidium torrendii FP15055 ss-10
Cynara cardunculus var. scolymus
Cynoglossus semilaevis
Cynopterus sphinx
Cyphomyrmex costatus
Cyprideis torosa
Cytospora leucostoma
Dactylellina haptotyla (strain CBS 200.50)
Daedalea quercina L-15889
Danio rerio
Daphnia lumholtzi
Daphnia magna
Daphnia sinensis
Daucus carota subsp. sativus
Debaryomyces fabryi
Decorospora gaudefroyi
Delphinapterus leucas
Dendroctonus ponderosae
Diaporthe ampelina
Diaporthe helianthi
Dicaeum eximium
Dictyocaulus viviparus
Dictyostelium discoideum
Didymella rabiei
Didymodactylos carnosus
Dimargaris cristalligena
Dinoponera quadriceps
Dinothrombium tinctorium
Diplodia corticola
Diplodia seriata
Dipodomys ordii
Donacobius atricapilla
Dothidotthia symphoricarpi CBS 119687
Dothistroma septosporum (strain NZE10 / CBS 128990)
Dracunculus medinensis
Drechmeria coniospora
Drechslerella stenobrocha 248
Dromaius novaehollandiae
Drosophila ananassae
Drosophila busckii
Drosophila erecta
Drosophila guanche
Drosophila hydei
Drosophila melanogaster
Drosophila mojavensis
Drosophila virilis
Drosophila willistoni
Drosophila yakuba
Drymodes brunneopygia
Dryobates pubescens
Dufourea novaeangliae
Echinococcus granulosus
Echinococcus multilocularis
Echinostoma caproni
Ectocarpus siliculosus
Edaphochlamys debaryana
Egretta garzetta
Elaeophora elaphi
Elaphomyces granulatus
Eleutherodactylus coqui
Elsinoe ampelina
Elsinoe batatas
Emberiza fucata
Emergomyces africanus
Emergomyces pasteurianus Ep9510
Emiliania huxleyi
Emmonsia crescens UAMH 3008
Endocarpon pusillum
Endocarpon pusillum (strain Z07020 / HMAS-L-300199)
Enhydra lutris kenyoni
Ensifer adhaerens
Enterobius vermicularis
Epicoccum nigrum
Eptatretus burgeri
Equus asinus asinus
Equus caballus
Eremomyces bilateralis CBS 781.70
Erinaceus europaeus
Erithacus rubecula
Erythranthe guttata
Escovopsis weberi
Eucalyptus grandis
Exidia glandulosa HHB12029
Exophiala aquamarina CBS 119918
Exophiala dermatitidis (strain ATCC 34100 / CBS 525.76 / NIH/UT8656)
Exophiala mesophila
Exophiala oligosperma
Exophiala sideris
Exophiala spinifera
Exophiala xenobiotica
Felis catus
Fibularhizoctonia sp. CBS 109695
Ficedula albicollis
Fistulina hepatica ATCC 64428
Fomitopsis pinicola (strain FP-58527)
Fonsecaea erecta
Fonsecaea monophora
Fonsecaea multimorphosa
Fonsecaea multimorphosa CBS 102226
Fonsecaea nubica
Fonsecaea pedrosoi CBS 271.37
Fonticula alba
Fopius arisanus
Fragilariopsis cylindrus CCMP1102
Friedmanniomyces endolithicus
Fukomys damarensis
fungal sp. No.14919
Fusarium albosuccineum
Fusarium ambrosium
Fusarium duplospermum
Fusarium langsethiae
Fusarium longipes
Fusarium mangiferae
Fusarium oxysporum f. sp. lycopersici (strain 4287 / CBS 123668 / FGSC 9935 / NRRL 34936)
Fusarium poae
Fusarium proliferatum (strain ET1)
Gaeumannomyces tritici (strain R3-111a-1)
Galemys pyrenaicus
Galerina marginata (strain CBS 339.88)
Galleria mellonella
Ganoderma boninense
Gasterosteus aculeatus
Gavia stellata
Gekko japonicus
Geospiza fortis
Geospiza parvula
Geotrichum candidum
Gibberella fujikuroi
Glarea lozoyensis (strain ATCC 20868 / MF5171)
Globodera pallida
Glossina austeni
Glossina brevipalpis
Glossina pallidipes
Glossina palpalis gambiensis
Glycine max
Glycine soja
Gonapodya prolifera (strain JEL478)
Gongylonema pulchrum
Gonium pectorale
Gopherus agassizii
Gopherus evgoodei
Gorilla gorilla gorilla
Gossypium arboreum
Gossypium raimondii
Graphocephala atropunctata
Grosmannia clavigera (strain kw1407 / UAMH 11150)
Gymnopus androsaceus JB14
Gymnopus luxurians FD-317 M1
Habropoda laboriosa
Haematobia irritans
Haemonchus placei
Haliaeetus albicilla
Halicephalobus sp. NKZ332
Hebeloma cylindrosporum h7
Helicosporidium sp. ATCC 50920
Heligmosomoides polygyrus
Helobdella robusta
Hemiscolopendra marginata
Hesseltinella vesiculosa
Heterocephalus glaber
Heterorhabditis bacteriophora
Hippolais icterina
Hirundo rustica
Homalodisca liturata
Homo sapiens
Hyalella azteca
Hyalomma excavatum
Hyaloscypha hepaticicola
Hydatigena taeniaeformis
Hydnomerulius pinastri MD-312
Hydra vulgaris
Hylia prasina
Hymenochirus boettgeri
Hymenochirus curtipes
Hymenolepis diminuta
Hypholoma sublateritium (strain FD-334 SS-4)
Hyphopichia burtonii NRRL Y-1933
Hypocrea jecorina (strain ATCC 56765 / BCRC 32924 / NRRL 11460 / Rut C-30)
Hypotaenidia okinawae
Hypoxylon sp. CI-4A
Hypoxylon sp. CO27-5
Hypoxylon sp. EC38
Hypsizygus marmoreus
Ibidorhyncha struthersii
Iconisemion striatum
Ictidomys tridecemlineatus
Illadopsis cleaveri
Imshaugia aleurites
Ixodes ricinus
Ixodes scapularis
Jaapia argillacea MUCL 33604
Jaculus jaculus
Jaminaea rosea
Jatropha curcas
Kalmanozyma brasiliensis (strain GHG001)
Kockovaella imperatae
Komagataella pastoris
Kwoniella bestiolae CBS 10118
Kwoniella dejecticola CBS 10117
Kwoniella heveanensis BCC8398
Kwoniella heveanensis CBS 569
Kwoniella mangroviensis CBS 10435
Kwoniella pini CBS 10737
labyrinthulid quahog parasite QPX
Laccaria amethystina LaAM-08-1
Lachnellula arida
Lachnellula hyalina
Lachnellula occidentalis
Lachnellula subtilissima
Lachnellula suecica
Lachnellula willkommii
Lactuca sativa
Laetiporus sulphureus 93-53
Lamprotornis superbus
Larimichthys crocea
Lasiodiplodia theobromae
Lasius niger
Laticauda laticaudata
Latimeria chalumnae
Leersia perrieri
Lentinus tigrinus ALCF2SS1-6
Lentinus tigrinus ALCF2SS1-7
Lentithecium fluviatile CBS 122367
Lepidothrix coronata
Lepisosteus oculatus
Leptobrachium leishanense
Leptonychotes weddellii
Leptosomus discolor
Leptosphaeria maculans (strain JN3 / isolate v23.1.3 / race Av1-4-5-6-7-8)
Leptotrombidium deliense
Letharia columbiana
Letharia lupina
Leucoagaricus leucothites
Leucoagaricus sp. SymC.cos
Leucopsar rothschildi
Leucosporidium scottii
Lichtheimia corymbifera JMRC:FSU:9682
Lichtheimia ramosa
Limosa lapponica baueri
Linnemannia elongata AG-77
Lipomyces starkeyi NRRL Y-11557
Lipotes vexillifer
Loa loa
Locustella ochotensis
Lophiotrema nucula
Loxia curvirostra
Loxia leucoptera
Loxodonta africana
Lupinus angustifolius
Lygus hesperus
Lynx canadensis
Lynx pardinus
Macaca fascicularis
Macaca mulatta
Macaca nemestrina
Macrostomum lignano
Magnaporthe oryzae
Magnaporthe oryzae (strain 70-15 / ATCC MYA-4617 / FGSC 8958)
Magnaporthe oryzae (strain P131)
Magnaporthe oryzae (strain Y34)
Magnaporthiopsis poae (strain ATCC 64411 / 73-15)
Malassezia pachydermatis
Malassezia sympodialis (strain ATCC 42132)
Manacus vitellinus
Mandrillus leucophaeus
Marchantia polymorpha
Marchantia polymorpha subsp. ruderalis
Marmota marmota marmota
Marmota monax
Medicago truncatula
Medioppia subpectinata
Melanocharis versteri
Melanopsichium pennsylvanicum 4
Melipona quadrifasciata
Meloidogyne hapla
Melospiza melodia
Merops nubicus
Mesitornis unicolor
Mesocestoides corti
Mesocricetus auratus
Metarhizium acridum (strain CQMa 102)
Metarhizium album (strain ARSEF 1941)
Metarhizium anisopliae BRIP 53293
Metarhizium brunneum
Metarhizium guizhouense (strain ARSEF 977)
Metarhizium majus (strain ARSEF 297)
Metarhizium rileyi (strain RCEF 4871)
Metarhizium robertsii
Metschnikowia bicuspidata var. bicuspidata NRRL YB-4993
Microcebus murinus
Microdochium bolleyi
Microthyrium microscopicum
Microtus ochrogaster
Micrurus paraensis
Miniopterus schreibersii
Mixia osmundae (strain CBS 9802 / IAM 14324 / JCM 22182 / KY 12970)
Moelleriella libera RCEF 2490
Mollisia scopiformis
Molossus molossus
Molothrus ater
Monascus purpureus
Monilinia fructicola
Monilinia laxa
Monilinia vaccinii-corymbosi
Moniliophthora roreri
Moniliophthora roreri (strain MCA 2997)
Monodelphis domestica
Monodon monoceros
Monoraphidium neglectum
Monosporascus ibericus
Monosporascus sp. 5C6A
Monosporascus sp. GIB2
Monosporascus sp. MG133
Moschus moschiferus
Mucor lusitanicus CBS 277.49
Muntiacus muntjak
Muntiacus reevesi
Musa acuminata subsp. malaccensis
Musa balbisiana
Mus caroli
Mus musculus
Mus spicilegus
Mustela putorius furo
Myceliophthora thermophila (strain ATCC 42464 / BCRC 31852 / DSM 1799)
Mycena chlorophos
Mycena sanguinolenta
Mycena venus
Myotis brandtii
Myotis davidii
Myotis lucifugus
Myotis myotis
Mytilus edulis
Mytilus trossulus
Naganishia liquefaciens
Naja naja
Nannochloropsis gaditana
Nannochloropsis salina CCMP1776
Nannospalax galili
Nasonia vitripennis
Neolentinus lepideus HHB14362 ss-1
Neomonachus schauinslandi
Neophocaena asiaeorientalis asiaeorientalis
Neosartorya fischeri (strain ATCC 1020 / DSM 3700 / CBS 544.65 / FGSC A1164 / JCM 1740 / NRRL 181 / WB 181)
Neosartorya fumigata (strain ATCC MYA-4609 / Af293 / CBS 101355 / FGSC A1100)
Neovison vison
Nesospiza acunhae
Nestor notabilis
Neurospora crassa
Nicotiana attenuata
Nicotiana sylvestris
Nippostrongylus brasiliensis
Noccaea caerulescens
Nomascus leucogenys
Notechis scutatus
Nothobranchius furzeri
Nothobranchius kadleci
Nothobranchius korthausae
Nothobranchius kuhntae
Nothobranchius pienaari
Nothobranchius rachovii
Notiomystis cincta
Notodromas monacha
Nyctereutes procyonoides
Nycticryphes semicollaris
Nyssomyia neivai
Octodon degus
Octopus bimaculoides
Odobenus rosmarus divergens
Odocoileus virginianus texanus
Oesophagostomum dentatum
Ogataea polymorpha
Oidiodendron maius Zn
Onchocerca flexuosa
Onchocerca ochengi
Oncorhynchus mykiss
Ooceraea biroi
Operophtera brumata
Ophiocordyceps camponoti-floridani
Ophiocordyceps unilateralis
Ophiophagus hannah
Opisthocomus hoazin
Opisthorchis felineus
Opisthorchis viverrini
Orbilia oligospora
Orchesella cincta
Ornithodoros erraticus
Ornithodoros turicata
Ornithorhynchus anatinus
Orycteropus afer afer
Oryctolagus cuniculus
Oryza barthii
Oryza glumipatula
Oryza meridionalis
Oryza nivara
Oryza punctata
Oryza rufipogon
Oryza sativa subsp. japonica
Osmerus mordax
Otus sunia
Ovis aries
Pachysolen tannophilus NRRL Y-2460
Pan paniscus
Panstrongylus megistus
Panthera leo
Panthera pardus
Panthera tigris altaica
Pantherophis guttatus
Pan troglodytes
Papilio machaon
Papilio xuthus
Papio anubis
Paracoccidioides brasiliensis
Paragonimus westermani
Paramormyrops kingsleyae
Paraphaeosphaeria sporulosa
Pararge aegeria aegeria
Parasitella parasitica
Parastrongyloides trichosuri
Passerina amoena
Patagioenas fasciata monilis
Paxillus rubicundulus Ve08.2h10
Pediculus humanus subsp. corporis
Pedionomus torquatus
Pelecanus crispus
Pelodiscus sinensis
Pelusios castaneus
Penicilliopsis zonata CBS 506.65
Penicillium antarcticum
Penicillium arizonense
Penicillium brasilianum
Penicillium camemberti FM 013
Penicillium chrysogenum
Penicillium coprophilum
Penicillium decumbens
Penicillium digitatum
Penicillium digitatum (strain Pd1 / CECT 20795)
Penicillium digitatum (strain PHI26 / CECT 20796)
Penicillium expansum
Penicillium flavigenum
Penicillium freii
Penicillium italicum
Penicillium nalgiovense
Penicillium nordicum
Penicillium patulum
Penicillium polonicum
Penicillium rubens (strain ATCC 28089 / DSM 1075 / NRRL 1951 / Wisconsin 54-1255)
Penicillium solitum
Penicillium sp. str. #12
Penicillium steckii
Penicillium subrubescens
Penicillium vulpinum
Peniophora sp. CBMAI 1063
Peniophora sp. CONT
Perca fluviatilis
Periconia macrospinosa
Periophthalmus magnuspinnatus
Peromyscus maniculatus bairdii
Pestalotiopsis fici (strain W106-1 / CGMCC3.15140)
Petromyzon marinus
Phaeomoniella chlamydospora
Phainopepla nitens
Phalacrocorax carbo
Phascolarctos cinereus
Phaseolus angularis
Phasianus colchicus
Pheucticus melanocephalus
Phialocephala subalpina
Phialophora americana
Phialophora attinorum
Phlebiopsis gigantea 11061_1 CR5-6
Phocoena sinus
Phoenicopterus ruber ruber
Photinus pyralis
Phycomyces blakesleeanus (strain ATCC 8743b / DSM 1359 / FGSC 10004 / NBRC 33097 / NRRL 1555)
Phyllostomus discolor
Physeter macrocephalus
Phytophthora nicotianae
Phytophthora parasitica P1976
Pichia kudriavzevii
Pichia membranifaciens NRRL Y-2026
Piedraia hortae CBS 480.64
Piliocolobus tephrosceles
Piloderma croceum (strain F 1598)
Pipistrellus kuhlii
Pipra filicauda
Pisolithus microcarpus 441
Pisolithus tinctorius Marx 270
Plasmodiophora brassicae
Plasmopara halstedii
Platysternon megacephalum
Plenodomus tracheiphilus IPT5
Pleomassaria siparia CBS 279.74
Pleurotus ostreatus PC15
Ploceus nigricollis
Pneumocystis carinii (strain B80)
Pneumocystis jirovecii (strain RU7)
Pochonia chlamydosporia 170
Podarcis muralis
Podospora anserina (strain S / ATCC MYA-4624 / DSM 980 / FGSC 10383)
Podospora comata
Poecile atricapillus
Poecilia formosa
Poeciliopsis prolifica
Pogona vitticeps
Polioptila caerulea
Polytolypa hystricis UAMH7299
Pomatorhinus ruficollis
Pongo abelii
Pongo pygmaeus
Pristionchus pacificus
Prolemur simus
Promerops cafer
Propithecus coquereli
Prunella himalayana
Pseudallescheria apiosperma
Pseudoatta argentina
Pseudocercospora eumusae
Pseudocercospora fijiensis (strain CIRAD86)
Pseudocercospora musae
Pseudogymnoascus destructans
Pseudogymnoascus destructans (strain ATCC MYA-4855 / 20631-21)
Pseudogymnoascus sp. 03VT05
Pseudogymnoascus sp. 05NY08
Pseudogymnoascus sp. 23342-1-I1
Pseudogymnoascus sp. 24MN13
Pseudogymnoascus sp. VKM F-103
Pseudogymnoascus sp. VKM F-3557
Pseudogymnoascus sp. VKM F-3775
Pseudogymnoascus sp. VKM F-3808
Pseudogymnoascus sp. VKM F-4246
Pseudogymnoascus sp. VKM F-4281
Pseudogymnoascus sp. VKM F-4513
Pseudogymnoascus sp. VKM F-4515
Pseudogymnoascus sp. VKM F-4516
Pseudogymnoascus sp. VKM F-4517
Pseudogymnoascus sp. VKM F-4518
Pseudogymnoascus sp. VKM F-4519
Pseudogymnoascus sp. VKM F-4520
Pseudogymnoascus sp. WSF 3629
Pseudogymnoascus verrucosus
Pseudomicrostroma glucosiphilum
Pseudonaja textilis
Pseudo-nitzschia australis
Pseudovirgaria hyperparasitica
Pseudozyma flocculosa
Pseudozyma flocculosa PF-1
Pseudozyma hubeiensis (strain SY62)
Pterocles gutturalis
Pteropus alecto
Pteropus vampyrus
Ptilonorhynchus violaceus
Puccinia coronata f. sp. avenae
Puccinia graminis f. sp. tritici
Puccinia graminis f. sp. tritici (strain CRL 75-36-700-3 / race SCCL)
Puccinia sorghi
Puccinia striiformis
Puccinia striiformis f. sp. tritici PST-78
Puccinia triticina (isolate 1-1 / race 1 (BBBD))
Puma concolor
Purpureocillium lilacinum
Pycnococcus provasolii
Pycnoporus cinnabarinus
Pygoscelis adeliae
Pyrenochaeta sp. DS3sAY3a
Pyrenophora seminiperda CCB06
Quiscalus mexicanus
Rachicladosporium antarcticum
Rachicladosporium sp. CCFEE 5018
Ramazzottius varieornatus
Ranitomeya imitator
Raphanus sativus
Rasamsonia emersonii CBS 393.64
Rattus norvegicus
Rhabditophanes sp. KR3021
Rhabdornis inornatus
Rhinocladiella mackenziei CBS 650.93
Rhinolophus ferrumequinum
Rhinopithecus bieti
Rhinopithecus roxellana
Rhinopomastus cyanomelas
Rhipicephalus appendiculatus
Rhizobium etli 8C-3
Rhizobium gallicum
Rhizobium gallicum bv. gallicum R602sp
Rhizobium sp. IE4771
Rhizobium sp. N113
Rhizoctonia solani
Rhizoctonia solani 123E
Rhizoctonia solani AG-3 Rhs1AP
Rhizoctonia solani AG-8 WAC10335
Rhizophagus irregularis (strain DAOM 197198w)
Rhizopogon vesiculosus
Rhizopogon vinicolor AM-OR11-026
Rhodamnia argentea
Rhodinocichla rosea
Rhodnius neglectus
Rhodofomes roseus
Rhodosporidium toruloides
Rhodotorula graminis (strain WP1)
Rhodotorula sp. JG-1b
Rhynchosporium agropyri
Rhynchosporium commune
Rhynchosporium secalis
Rodentolepis nana
Rosellinia necatrix
Rostratula benghalensis
Rotaria sordida
Rotaria sp. Silwood1
Rousettus aegyptiacus
Rousettus leschenaultii
Saimiri boliviensis boliviensis
Saitoella complicata (strain BCRC 22490 / CBS 7301 / JCM 7358 / NBRC 10748 / NRRL Y-17804)
Salinomyces thailandica
Salvator merianae
Sapajus apella
Saprolegnia parasitica (strain CBS 223.65)
Sarcophilus harrisii
Sarcoptes scabiei
Schistocephalus solidus
Schistosoma bovis
Schistosoma haematobium
Schistosoma margrebowiei
Schistosoma mattheei
Schistosoma rodhaini
Schizopora paradoxa
Sciurus vulgaris
Scleroderma citrinum Foug A
Scleropages formosus
Scophthalmus maximus
Scotophilus kuhlii
Serendipita vermifera MAFF 305830
Serpula lacrymans var. lacrymans (strain S7.3)
Serpula lacrymans var. lacrymans (strain S7.9)
Sesamum indicum
Setaria italica
Setosphaeria turcica (strain 28A)
Sistotremastrum niveocremeum HHB9708
Sistotremastrum suecicum HHB10207 ss-3
Sitophilus oryzae
Soboliphyme baturini
Sodiomyces alkalinus F11
Solanum chacoense
Sparus aurata
Spermophilus dauricus
Sphaerobolus stellatus (strain SS14)
Sphaeroforma arctica JP610
Sphaerulina musiva (strain SO2202)
Sphenodon punctatus
Spinacia oleracea
Spizellomyces punctatus (strain DAOM BR117)
Sporidiobolus salmonicolor
Sporisorium graminicola
Sporisorium scitamineum
Sporormia fimetaria CBS 119925
Sporothrix brasiliensis 5110
Sporothrix insectorum RCEF 264
Sporothrix schenckii 1099-18
Stachybotrys chartarum IBT 40288
Stachybotrys chartarum (strain CBS 109288 / IBT 7711)
Stachybotrys chlorohalonata (strain IBT 40285)
Stachybotrys elegans
Stagonospora sp. SRC1lsM3a
Steccherinum ochraceum
Stegodyphus mimosarum
Steinernema glaseri
Stichopus japonicus
Stomoxys calcitrans
Strigops habroptila
Strongyloides papillosus
Strongyloides ratti
Strongyloides stercoralis
Strongyloides venezuelensis
Struthio camelus australis
Stylonychia lemnae
Suhomyces tanzawaensis NRRL Y-17324
Suillus luteus UH-Slu-Lm8-n1
Suricata suricatta
Sus scrofa
Sylvia borin
Syphacia muris
Tabanus bromius
Taenia asiatica
Taeniopygia guttata
Talaromyces atroroseus
Talaromyces islandicus
Talaromyces marneffei PM1
Talaromyces stipitatus (strain ATCC 10500 / CBS 375.48 / QM 6759 / NRRL 1006)
Tauraco erythrolophus
Temnothorax curvispinosus
Termitomyces sp. J132
Terrapene carolina triunguis
Tetrabaena socialis
Tetranychus urticae
Tetrapyrgos nigripes
Tetraselmis sp. GSL018
Thalassionema nitzschioides
Thalassiosira oceanica
Thamnophis sirtalis
Thanatephorus cucumeris (strain AG1-IA)
Thanatephorus cucumeris (strain AG1-IB / isolate 7/3/14)
Thecamonas trahens ATCC 50062
Thelazia callipaeda
Thelohanellus kitauei
Theobroma cacao
Theropithecus gelada
Thielaviopsis punctulata
Thinocorus orbignyianus
Thyridium curvatum
Tieghemostelium lacteum
Tilletia caries
Tilletia indica
Tilletiaria anomala (strain ATCC 24038 / CBS 436.72 / UBC 951)
Timema californicum
Timema douglasi
Timema shepardi
Tinamus guttatus
Tolypocladium ophioglossoides (strain CBS 100239)
[Torrubiella] hemipterigena
Tortispora caseinolytica NRRL Y-17796
Toxocara canis
Trachymyrmex cornetzi
Trachymyrmex septentrionalis
Trachymyrmex zeteki
Trametes pubescens
Trematosphaeria pertusa
Triatoma infestans
Trichechus manatus latirostris
Trichinella murrelli
Trichinella nativa
Trichinella nelsoni
Trichinella patagoniensis
Trichinella pseudospiralis
Trichinella spiralis
Trichinella sp. T8
Trichinella sp. T9
Trichobilharzia regenti
Trichoderma gamsii
Trichoderma harzianum
Trichoderma harzianum CBS 226.95
Trichomalopsis sarcophagae
Trichophyton equinum (strain ATCC MYA-4606 / CBS 127.97)
Trichophyton interdigitale (strain MR816)
Trichophyton rubrum
Trichophyton rubrum CBS 288.86
Trichophyton rubrum (strain ATCC MYA-4607 / CBS 118892)
Trichophyton soudanense CBS 452.61
Trichophyton tonsurans (strain CBS 112818)
Trichophyton verrucosum (strain HKI 0517)
Trichophyton violaceum
Trichuris muris
Trichuris suis
Trichuris trichiura
Trieres chinensis
Triticum aestivum
Tuber aestivum
Tuber magnatum
Tulasnella calospora MUT 4182
Tursiops truncatus
Tychaedon coryphoeus
Tyrannus savana
Tyto alba
Uncinula necator
Urocitellus parryii
Urocynchramus pylzowi
Ursus americanus
Ursus maritimus
Ustilaginoidea virens
Ustilago bromivora
Valsa mali
Valsa malicola
Valsa mali var. pyri
Valsa sordida
Varanus komodoensis
Varroa destructor
Venturia effusa
Venustampulla echinocandica
Verruconis gallopava
Verticillium longisporum
Vicugna pacos
Vidua chalybeata
Vigna angularis var. angularis
Vigna radiata var. radiata
Vitis vinifera
Volvox carteri f. nagariensis
Volvox reticuliferus
Vombatus ursinus
Vulpes vulpes
Wallemia hederae
Wallemia ichthyophaga (strain EXF-994 / CBS 113033)
Wallemia mellicola
Wallemia mellicola (strain ATCC MYA-4683 / CBS 633.66)
Wickerhamomyces anomalus (strain ATCC 58044 / CBS 1984 / NCYC 433 / NRRL Y-366-8)
Wollemia nobilis
Xenopus laevis
Xiphophorus maculatus
Xylaria flabelliformis
Xylaria hypoxylon
Xylaria multiplex
Xylona heveae (strain CBS 132557 / TC161)
Yarrowia lipolytica
Zalophus californianus
Zea mays
Zonotrichia albicollis
Zootermopsis nevadensis
Zopfia rhizophila CBS 207.26
Zostera marina
Zosterops lateralis melanops
Zymoseptoria brevis
Zymoseptoria tritici ST99CH_1A5
Zymoseptoria tritici ST99CH_1E4
Zymoseptoria tritici ST99CH_3D7
Zymoseptoria tritici (strain CBS 115943 / IPO323)
