Homo sapiens
Bos taurus
Rattus norvegicus
Mus musculus
Arabidopsis thaliana
Chlorocebus sabaeus
Dipodomys ordii
Mesocricetus auratus
Carlito syrichta
Sus scrofa
Pongo abelii
Aotus nancymaae
Cercocebus atys
Mandrillus leucophaeus
Macaca nemestrina
Propithecus coquereli
Rhinopithecus bieti
Rhinopithecus roxellana
Saimiri boliviensis boliviensis
Pan paniscus
Capra hircus
Ursus americanus
Ursus maritimus
Bos indicus x Bos taurus
Sus scrofa
Vombatus ursinus
Felis catus
Pan troglodytes
Panthera pardus
Microcebus murinus
Panthera leo
Panthera tigris altaica
Papio anubis
Macaca mulatta
Macaca fascicularis
Mus musculus
Macaca mulatta
Ornithorhynchus anatinus
Myotis lucifugus
Nomascus leucogenys
Oryctolagus cuniculus
Pan troglodytes
Sarcophilus harrisii
Macaca fascicularis
Ictidomys tridecemlineatus
Bos mutus
Mustela putorius furo
Pongo abelii
Pongo pygmaeus
Gorilla gorilla gorilla
Pan troglodytes
Gekko japonicus
Drosophila melanogaster
Callithrix jacchus
Ancylostoma ceylanicum
Ancylostoma ceylanicum
Aspergillus ruber (strain CBS 135680)
Trichophyton rubrum CBS 288.86
Trichophyton soudanense CBS 452.61
Bactrocera dorsalis
Trichophyton interdigitale (strain MR816)
Theobroma cacao
Pseudozyma flocculosa PF-1
Tetraselmis sp. GSL018
Ustilaginoidea virens
Rhizoctonia solani 123E
Aureobasidium melanogenum CBS 110374
Aureobasidium namibiae CBS 147.97
Aureobasidium pullulans EXF-150
Aureobasidium subglaciale (strain EXF-2481)
Trichuris trichiura
Brassica napus
Stachybotrys chartarum (strain CBS 109288 / IBT 7711)
Stachybotrys chlorohalonata (strain IBT 40285)
Stachybotrys chartarum IBT 40288
Anopheles sinensis
Acremonium chrysogenum (strain ATCC 11550 / CBS 779.69 / DSM 880 / IAM 14645 / JCM 23072 / IMI 49137)
Strongyloides ratti
Fukomys damarensis
Pelecanus crispus
Tyto alba
Pseudogymnoascus sp. VKM F-3775
Pseudogymnoascus sp. VKM F-4281
Pseudogymnoascus sp. VKM F-4515
Pseudogymnoascus sp. VKM F-4520
Pseudogymnoascus sp. VKM F-4519
Antrostomus carolinensis
Schistosoma haematobium
Cynoglossus semilaevis
Charadrius vociferus
Penicillium expansum
Penicillium italicum
Beauveria bassiana D1-5
Toxocara canis
Metarhizium guizhouense (strain ARSEF 977)
Metarhizium majus (strain ARSEF 297)
Bionectria ochroleuca
Amanita muscaria (strain Koide BX008)
Scleroderma citrinum Foug A
Serendipita vermifera MAFF 305830
Oidiodendron maius Zn
Puccinia triticina (isolate 1-1 / race 1 (BBBD))
Sphaerobolus stellatus (strain SS14)
Gymnopus luxurians FD-317 M1
Exophiala oligosperma
Fistulina hepatica ATCC 64428
Dictyocaulus viviparus
Rasamsonia emersonii CBS 393.64
Thielaviopsis punctulata
Sparus aurata
Penicillium brasilianum
Phaeomoniella chlamydospora
Diplodia seriata
Diaporthe ampelina
Penicillium camemberti FM 013
Brugia malayi
Aspergillus fumigatus Z5
Strongyloides stercoralis
Strongyloides venezuelensis
Ixodes ricinus
Tolypocladium ophioglossoides (strain CBS 100239)
Puccinia striiformis f. sp. tritici PST-78
Operophtera brumata
Malassezia pachydermatis
Phialophora attinorum
Strongyloides papillosus
Hymenolepis diminuta
Rodentolepis nana
Taenia asiatica
Homo sapiens
Aspergillus lentulus
Talaromyces islandicus
Aspergillus calidoustus
Trichinella nelsoni
Trichinella nelsoni
Trichinella murrelli
Trichinella sp. T9
Trichinella spiralis
Trichinella pseudospiralis
Trichinella pseudospiralis
Trichinella pseudospiralis
Trichinella pseudospiralis
Trichinella sp. T8
Moniliophthora roreri
Penicillium freii
Aspergillus niger
Penicillium patulum
Microdochium bolleyi
Pseudocercospora eumusae
Pseudocercospora musae
Aspergillus kawachii
Drechmeria coniospora
Alligator mississippiensis
Trachymyrmex zeteki
Atta cephalotes
Penicillium chrysogenum
Beauveria brongniartii RCEF 3172
Akanthomyces lecanii RCEF 1005
Daucus carota subsp. sativus
Laetiporus sulphureus 93-53
Neolentinus lepideus HHB14362 ss-1
Sistotremastrum suecicum HHB10207 ss-3
Peniophora sp. CONT
Calocera viscosa (strain TUFC12733)
Cordyceps fumosorosea (strain ARSEF 2679)
Pseudogymnoascus destructans
Paraphaeosphaeria sporulosa
Trichophyton rubrum
Trichophyton violaceum
Cordyceps confragosa
Blastomyces gilchristii (strain SLH14081)
Aedes albopictus
Globodera pallida
Valsa mali var. pyri
Valsa mali
Trachymyrmex septentrionalis
Blastocystis sp. subtype 1 (strain ATCC 50177 / NandII)
Blastocystis sp. subtype 1 (strain ATCC 50177 / NandII)
Cuerna arida
Pseudogymnoascus sp. WSF 3629
Pseudogymnoascus sp. 23342-1-I1
Pseudogymnoascus sp. 03VT05
Pseudogymnoascus verrucosus
Ramazzottius varieornatus
Anthurium amnicola
Candida albicans (strain SC5314 / ATCC MYA-2876)
Aspergillus cristatus
Cryptococcus wingfieldii CBS 7118
Wickerhamomyces anomalus (strain ATCC 58044 / CBS 1984 / NCYC 433 / NRRL Y-366-8)
Penicillium arizonense
Diplodia corticola
Blastomyces percursus
Ustilago bromivora
Aspergillus tubingensis (strain CBS 134.48)
Aspergillus wentii DTO 134E9
Aspergillus brasiliensis (strain CBS 101740 / IMI 381727 / IBT 21946)
Aspergillus luchuensis (strain CBS 106.47)
Penicillium subrubescens
Aspergillus carbonarius (strain ITEM 5010)
Erinaceus europaeus
Vigna radiata var. radiata
Nicotiana sylvestris
Alligator sinensis
fungal sp. No.14919
Patagioenas fasciata monilis
Penicillium polonicum
Penicillium decumbens
Penicillium antarcticum
Penicillium solitum
Penicillium vulpinum
Penicillium flavigenum
Penicillium steckii
Penicillium coprophilum
Penicillium nalgiovense
Rachicladosporium antarcticum
Rachicladosporium antarcticum
Rachicladosporium sp. CCFEE 5018
Rachicladosporium sp. CCFEE 5018
Rosellinia necatrix
Hesseltinella vesiculosa
Zymoseptoria tritici ST99CH_3D7
Photinus pyralis
Kockovaella imperatae
Clohesyomyces aquaticus
Epicoccum nigrum
Hypoxylon sp. EC38
Hypoxylon sp. CO27-5
Hypoxylon sp. CI-4A
Trichinella nativa
Zymoseptoria tritici ST99CH_1A5
Talaromyces atroroseus
Trichomalopsis sarcophagae
Elaphomyces granulatus
Chlamydomonas eustigma
Castor canadensis
Caenorhabditis remanei
Caenorhabditis latens
Armillaria ostoyae
Cavia porcellus
Tuber aestivum
Ornithodoros erraticus
Pristionchus pacificus
Ophiocordyceps unilateralis
Polytolypa hystricis UAMH7299
Micrurus paraensis
Cercospora beticola
Stichopus japonicus
Zymoseptoria tritici ST99CH_1E4
Apostasia shenzhenica
Limosa lapponica baueri
Aspergillus novofumigatus (strain IBT 16806)
Aspergillus campestris IBT 28561
Aspergillus candidus
Felis catus
Aspergillus taichungensis
Lactuca sativa
Hyaloscypha hepaticicola
Tetrabaena socialis
Pan troglodytes
Pan troglodytes
Pongo abelii
Chlamydomonas reinhardtii
Chlamydomonas reinhardtii
Colobus angolensis palliatus
Cebus imitator
Rhinopithecus bieti
Rhinopithecus bieti
Puccinia coronata f. sp. avenae
Puccinia coronata f. sp. avenae
Beauveria bassiana
Caenorhabditis remanei
Diaporthe helianthi
Ornithodoros turicata
Marchantia polymorpha
Puccinia striiformis
Puccinia striiformis
Cercospora berteroae
Beauveria bassiana
Trichoderma harzianum CBS 226.95
Odobenus rosmarus divergens
Leptonychotes weddellii
Tursiops truncatus
Tursiops truncatus
Scophthalmus maximus
Periconia macrospinosa
Trichechus manatus latirostris
Neomonachus schauinslandi
Enhydra lutris kenyoni
Delphinapterus leucas
Physeter macrocephalus
Pseudomicrostroma glucosiphilum
Jaminaea rosea
Tuber magnatum
Aspergillus sclerotioniger CBS 115572
Aspergillus heteromorphus CBS 117.55
Aspergillus eucalypticola (strain CBS 122712 / IBT 29274)
Aspergillus neoniger (strain CBS 115656)
Aspergillus vadensis (strain CBS 113365 / IMI 142717 / IBT 24658)
Aspergillus lacticoffeatus (strain CBS 101883)
Aspergillus ellipticus CBS 707.79
Aspergillus sclerotiicarbonarius (strain CBS 121057 / IBT 28362)
Mus musculus
Lipotes vexillifer
Neophocaena asiaeorientalis asiaeorientalis
Ancylostoma caninum
Hypsizygus marmoreus
Aspergillus niger ATCC 13496
Aspergillus phoenicis ATCC 13157
Venustampulla echinocandica
Balaenoptera acutorostrata scammoni
Balaenoptera acutorostrata scammoni
Ursus maritimus
Aspergillus ibericus CBS 121593
Fusarium longipes
Aspergillus thermomutatus
Aspergillus turcosus
Aspergillus sclerotialis
Drosophila guanche
Paramormyrops kingsleyae
Paramormyrops kingsleyae
Periophthalmus magnuspinnatus
Xiphophorus maculatus
Coleophoma cylindrospora
Aspergillus mulundensis
Coleophoma crateriformis
Aspergillus welwitschiae
Aspergillus niger
Chaetothyriales sp. CBS 134920
Aspergillus sp. HF37
Pyrenophora seminiperda CCB06
Chaetothyriales sp. CBS 132003
Chaetothyriales sp. CBS 135597
Sodiomyces alkalinus F11
Ascobolus immersus RN42
Choiromyces venosus 120613-1
Mesocricetus auratus
Carlito syrichta
Amphilophus citrinellus
Bos taurus
Equus caballus
Callorhinus ursinus
Vulpes vulpes
Dinothrombium tinctorium
Aspergillus awamori
Valsa sordida
Cytospora leucostoma
Valsa malicola
Fusarium duplospermum
Fusarium ambrosium
Schistosoma bovis
Arthrobotrys flagrans
Vitis vinifera
Byssochlamys spectabilis
Leptotrombidium deliense
Podospora comata
Gopherus agassizii
Gopherus agassizii
Physeter macrocephalus
Physeter macrocephalus
Asbolus verrucosus
Lynx pardinus
Anas platyrhynchos platyrhynchos
Anas platyrhynchos platyrhynchos
Anas platyrhynchos platyrhynchos
Anas platyrhynchos platyrhynchos
Anas platyrhynchos platyrhynchos
Anas platyrhynchos platyrhynchos
Anas platyrhynchos platyrhynchos
Nannochloropsis salina CCMP1776
Platysternon megacephalum
Magnaporthe oryzae
Dimargaris cristalligena
Candolleomyces aberdarensis
Alternaria arborescens
Monosporascus sp. GIB2
Monosporascus ibericus
Monosporascus sp. MG133
Monosporascus sp. 5C6A
Colletotrichum spinosum
Colletotrichum trifolii
Colletotrichum sidae
Opisthorchis felineus
Ascodesmis nigricans
Aspergillus tanneri
Musa balbisiana
Aureobasidium pullulans
Aureobasidium pullulans
Aureobasidium pullulans
Aureobasidium pullulans
Aureobasidium pullulans
Aureobasidium pullulans
Aureobasidium pullulans
Aureobasidium pullulans
Wallemia hederae
Wallemia mellicola
Wallemia mellicola
Wallemia mellicola
Friedmanniomyces endolithicus
Salinomyces thailandica
Collichthys lucidus
Sporisorium graminicola
Steccherinum ochraceum
Aureobasidium pullulans
Bos indicus x Bos taurus
Bos indicus x Bos taurus
Bos indicus x Bos taurus
Sus scrofa
Sus scrofa
Sus scrofa
Daphnia lumholtzi
Daphnia lumholtzi
Daphnia magna
Daphnia magna
Daphnia magna
Daphnia sinensis
Coprinellus micaceus
Rhodofomes roseus
Xylaria hypoxylon
Aspergillus niger
Thyridium curvatum
Chytriomyces confervae
Monascus purpureus
Venturia effusa
Cordyceps javanica
Xylaria flabelliformis
Lachnellula willkommii
Cafeteria roenbergensis
Puccinia graminis f. sp. tritici
Puccinia graminis f. sp. tritici
Puccinia graminis f. sp. tritici
Lentinus tigrinus ALCF2SS1-6
Lentinus tigrinus ALCF2SS1-7
Pseudozyma flocculosa
Cryptococcus floricola
Peniophora sp. CBMAI 1063
Marmota monax
Monodelphis domestica
Monodelphis domestica
Monodelphis domestica
Sus scrofa
Ganoderma boninense
Aspergillus terreus
Monilinia fructicola
Muntiacus muntjak
Muntiacus muntjak
Muntiacus reevesi
Muntiacus reevesi
Lasiodiplodia theobromae
Coniochaeta sp. 2T2.1
Coniochaeta sp. 2T2.1
Ceratobasidium theobromae
Armadillidium nasatum
Monilinia laxa
Trichuris muris
Hemiscolopendra marginata
Aquila chrysaetos chrysaetos
Lynx canadensis
Phasianus colchicus
Podarcis muralis
Podarcis muralis
Pseudonaja textilis
Rhinolophus ferrumequinum
Rhinolophus ferrumequinum
Strigops habroptila
Suricata suricatta
Suricata suricatta
Terrapene carolina triunguis
Gymnopus androsaceus JB14
Scophthalmus maximus
Schistosoma haematobium
Perca fluviatilis
Decorospora gaudefroyi
Byssothecium circinans
Bimuria novae-zelandiae CBS 107.79
Amniculicola lignicola CBS 123094
Aaosphaeria arxii CBS 175.79
Lophiotrema nucula
Dothidotthia symphoricarpi CBS 119687
Zopfia rhizophila CBS 207.26
Cercospora zeae-maydis SCOH1-5
Elsinoe ampelina
Trematosphaeria pertusa
Microthyrium microscopicum
Sporormia fimetaria CBS 119925
Pseudovirgaria hyperparasitica
Plenodomus tracheiphilus IPT5
Piedraia hortae CBS 480.64
Bos mutus
Coregonus sp. 'balchen'
Larimichthys crocea
Halicephalobus sp. NKZ332
Crocuta crocuta
Eremomyces bilateralis CBS 781.70
Aulographum hederae CBS 113979
Lentithecium fluviatile CBS 122367
Pleomassaria siparia CBS 279.74
Orbilia oligospora
Hypotaenidia okinawae
Vicugna pacos
Peromyscus maniculatus bairdii
Sesamum indicum
Thamnophis sirtalis
Geospiza fortis
Lepidothrix coronata
Raphanus sativus
Pogona vitticeps
Odocoileus virginianus texanus
Drosophila hydei
Bicyclus anynana
Temnothorax curvispinosus
Notechis scutatus
Galleria mellonella
Acinonyx jubatus
Acinonyx jubatus
Zalophus californianus
Pipra filicauda
Phyllostomus discolor
Sitophilus oryzae
Vicugna pacos
Aythya fuligula
Sapajus apella
Sapajus apella
Sapajus apella
Bombus vosnesenskii
Bombus vosnesenskii
Ovis aries
Octodon degus
Bison bison bison
Pteropus vampyrus
Dinoponera quadriceps
Panthera pardus
Bos indicus
Bos indicus
Bos indicus
Phascolarctos cinereus
Phascolarctos cinereus
Mus caroli
Pteropus vampyrus
Pteropus vampyrus
Puma concolor
Puma concolor
Bombus bifarius
Bombus bifarius
Pantherophis guttatus
Zalophus californianus
Zalophus californianus
Thalassionema nitzschioides
Orbilia oligospora
Orbilia oligospora
Xylaria multiplex
Orbilia oligospora
Orbilia oligospora
Metarhizium brunneum
Cyanidiococcus yangmingshanensis
Myotis myotis
Myotis myotis
Myotis myotis
Myotis myotis
Pipistrellus kuhlii
Pipistrellus kuhlii
Rousettus aegyptiacus
Rousettus aegyptiacus
Molossus molossus
Molossus molossus
Crypturellus undulatus
Melospiza melodia
Emberiza fucata
Polioptila caerulea
Chunga burmeisteri
Prunella himalayana
Urocynchramus pylzowi
Hylia prasina
Ptilonorhynchus violaceus
Pedionomus torquatus
Notiomystis cincta
Promerops cafer
Pheucticus melanocephalus
Erithacus rubecula
Loxia curvirostra
Agelaius phoeniceus
Asarcornis scutulata
Acrocephalus arundinaceus
Poecile atricapillus
Nesospiza acunhae
Ibidorhyncha struthersii
Melanocharis versteri
Cnemophilus loriae
Leucopsar rothschildi
Ardeotis kori
Rhodinocichla rosea
Loxia leucoptera
Dicaeum eximium
Rhabdornis inornatus
Rostratula benghalensis
Chordeiles acutipennis
Tyrannus savana
Ploceus nigricollis
Illadopsis cleaveri
Sylvia borin
Nycticryphes semicollaris
Rhinopomastus cyanomelas
Cisticola juncidis
Locustella ochotensis
Phainopepla nitens
Thinocorus orbignyianus
Alaudala cheleensis
Catharus fuscescens
Quiscalus mexicanus
Hippolais icterina
Drymodes brunneopygia
Molothrus ater
Atlantisia rogersi
Hirundo rustica
Pomatorhinus ruficollis
Callaeas wilsoni
Crocodylus porosus
Nasonia vitripennis
Apis mellifera
Varroa destructor
Varroa destructor
Ailuropoda melanoleuca
Ailuropoda melanoleuca
Ailuropoda melanoleuca
Aspergillus chevalieri
Cyprideis torosa
Timema douglasi
Timema shepardi
Notodromas monacha
Timema californicum
Medioppia subpectinata
Trieres chinensis
Pycnococcus provasolii
labyrinthulid quahog parasite QPX
Pycnococcus provasolii
Chloropicon roscoffensis
Aplanochytrium stocchinoi
Pseudo-nitzschia australis
Penicillium digitatum
Ficedula albicollis
Musa acuminata subsp. malaccensis
Nyctereutes procyonoides
Nyctereutes procyonoides
Didymodactylos carnosus
Rotaria sordida
Rotaria sordida
Rotaria sordida
Rotaria sp. Silwood1
Rotaria sordida
Rotaria sp. Silwood1
Ranitomeya imitator
Carex littledalei
Phyllostomus discolor
Phyllostomus discolor
Phyllostomus discolor
Lamprotornis superbus
Chlamydomonas incerta
Edaphochlamys debaryana
Acromyrmex insinuator
Acromyrmex heyeri
Pseudoatta argentina
Acromyrmex charruanus
Chloropsis hardwickii
Donacobius atricapilla
Vidua chalybeata
Tychaedon coryphoeus
Certhia familiaris
Calcarius ornatus
Passerina amoena
Monilinia vaccinii-corymbosi
Camelus ferus
Orycteropus afer afer
Microcebus murinus
Hyalella azteca
Rhodamnia argentea
Camelus ferus
Balaenoptera musculus
Anser brachyrhynchus
Anser brachyrhynchus
Anser cygnoides
Amazona collaria
Astyanax mexicanus
Anas platyrhynchos
Anas platyrhynchos
Anas platyrhynchos
Anas zonorhyncha
Bos mutus grunniens
Bos mutus grunniens
Bos mutus grunniens
Chelonoidis abingdonii
Chelonoidis abingdonii
Balaenoptera musculus
Canis lupus dingo
Canis lupus dingo
Canis lupus dingo
Canis lupus dingo
Canis lupus familiaris
Canis lupus familiaris
Canis lupus familiaris
Canis lupus familiaris
Canis lupus familiaris
Cyanistes caeruleus
Cricetulus griseus
Capra hircus
Capra hircus
Capra hircus
Capra hircus
Chinchilla lanigera
Coturnix japonica
Cairina moschata domestica
Cairina moschata domestica
Corvus moneduloides
Chrysemys picta bellii
Chrysemys picta bellii
Chrysemys picta bellii
Chrysolophus pictus
Chrysolophus pictus
Geospiza parvula
Chelydra serpentina
Catagonus wagneri
Catagonus wagneri
Equus asinus asinus
Dromaius novaehollandiae
Eptatretus burgeri
Eptatretus burgeri
Gopherus evgoodei
Gopherus evgoodei
Jaculus jaculus
Jaculus jaculus
Leptobrachium leishanense
Laticauda laticaudata
Marmota marmota marmota
Monodon monoceros
Moschus moschiferus
Mus spicilegus
Nannospalax galili
Naja naja
Naja naja
Neovison vison
Otus sunia
Pelusios castaneus
Prolemur simus
Phocoena sinus
Piliocolobus tephrosceles
Spermophilus dauricus
Sphenodon punctatus
Salvator merianae
Sus scrofa
Sus scrofa
Sus scrofa
Sus scrofa
Sus scrofa
Sus scrofa
Sus scrofa
Sus scrofa
Sus scrofa
Sus scrofa
Sciurus vulgaris
Sciurus vulgaris
Theropithecus gelada
Varanus komodoensis
Varanus komodoensis
Urocitellus parryii
Zonotrichia albicollis
Zonotrichia albicollis
Zosterops lateralis melanops
Zosterops lateralis melanops
Aspergillus piperis CBS 112811
Rhizoctonia solani
Rhizoctonia solani
Rhizoctonia solani
Alectoria fallacina
Rhizoctonia solani
Imshaugia aleurites
Aspergillus tubingensis
Naganishia liquefaciens
Aspergillus fumigatiaffinis
Botryosphaeria dothidea
Fusarium albosuccineum
Ophiocordyceps camponoti-floridani
Penicillium sp. str. #12
Leucoagaricus leucothites
Tetrapyrgos nigripes
Letharia columbiana
Letharia lupina
Aspergillus felis
Mycena chlorophos
Aspergillus hiratsukae
Mycena sanguinolenta
Endocarpon pusillum
Mycena venus
Rhizoctonia solani
Bionectria ochroleuca
Cadophora sp. M221
Ceratobasidium sp. AG-Ba
Ceratobasidium sp. AG-Ba
Lachnellula subtilissima
Lachnellula occidentalis
Lachnellula hyalina
Boletus reticuloceps
Canis lupus familiaris
Canis lupus familiaris
Canis lupus familiaris
Papio anubis
Papio anubis
Rattus norvegicus
Volvox reticuliferus
Galemys pyrenaicus
Eleutherodactylus coqui
Microtus ochrogaster
Atractosteus spatula
Elsinoe batatas
Stachybotrys elegans
Neomonachus schauinslandi
Neomonachus schauinslandi
Canis lupus familiaris
Pristionchus pacificus
Mytilus edulis
Pararge aegeria aegeria
Paragonimus westermani
Ceratodon purpureus
Chelydra serpentina
Hymenochirus boettgeri
Tilletia indica
Tilletia caries
Lachnellula arida
Lachnellula suecica
Mustela putorius furo
Neosartorya fischeri (strain ATCC 1020 / DSM 3700 / CBS 544.65 / FGSC A1164 / JCM 1740 / NRRL 181 / WB 181)
Aspergillus niger (strain ATCC MYA-4892 / CBS 513.88 / FGSC A1513)
Coprinopsis cinerea (strain Okayama-7 / 130 / ATCC MYA-4618 / FGSC 9003)
Caenorhabditis briggsae
Podospora anserina (strain S / ATCC MYA-4624 / DSM 980 / FGSC 10383)
Drosophila ananassae
Drosophila erecta
Drosophila mojavensis
Drosophila virilis
Drosophila willistoni
Drosophila yakuba
Taeniopygia guttata
Taeniopygia guttata
Penicillium rubens (strain ATCC 28089 / DSM 1075 / NRRL 1951 / Wisconsin 54-1255)
Ixodes scapularis
Talaromyces stipitatus (strain ATCC 10500 / CBS 375.48 / QM 6759 / NRRL 1006)
Osmerus mordax
Acyrthosiphon pisum
Arthroderma otae (strain ATCC MYA-4605 / CBS 113480)
Ajellomyces dermatitidis (strain ER-3 / ATCC MYA-2586)
Coccidioides posadasii (strain C735)
Glycine max
Ailuropoda melanoleuca
Arthroderma benhamiae (strain ATCC MYA-4681 / CBS 112371)
Trichophyton verrucosum (strain HKI 0517)
Ectocarpus siliculosus
Arabidopsis lyrata subsp. lyrata
Scotophilus kuhlii
Miniopterus schreibersii
Cynopterus sphinx
Rousettus leschenaultii
Volvox carteri f. nagariensis
Pediculus humanus subsp. corporis
Pediculus humanus subsp. corporis
Komagataella pastoris
Puccinia graminis f. sp. tritici (strain CRL 75-36-700-3 / race SCCL)
Caenorhabditis remanei
Arthroderma gypseum (strain ATCC MYA-4604 / CBS 118893)
Leptosphaeria maculans (strain JN3 / isolate v23.1.3 / race Av1-4-5-6-7-8)
Metarhizium acridum (strain CQMa 102)
Grosmannia clavigera (strain kw1407 / UAMH 11150)
Trichophyton equinum (strain ATCC MYA-4606 / CBS 127.97)
Trichophyton tonsurans (strain CBS 112818)
Trichophyton rubrum (strain ATCC MYA-4607 / CBS 118892)
Ajellomyces dermatitidis (strain ATCC 18188 / CBS 674.68)
Acromyrmex echinatior
Equus caballus
Serpula lacrymans var. lacrymans (strain S7.9)
Serpula lacrymans var. lacrymans (strain S7.3)
Zymoseptoria tritici (strain CBS 115943 / IPO323)
Caenorhabditis brenneri
Anolis carolinensis
Ailuropoda melanoleuca
Arthrobotrys oligospora (strain ATCC 24927 / CBS 115.81 / DSM 1491)
Myceliophthora thermophila (strain ATCC 42464 / BCRC 31852 / DSM 1799)
Cricetulus griseus
Gasterosteus aculeatus
Loxodonta africana
Aspergillus niger (strain ATCC 1015 / CBS 113.46 / FGSC A1144 / LSHB Ac4 / NCTC 3858a / NRRL 328 / USDA 3528.7)
Magnaporthe oryzae (strain 70-15 / ATCC MYA-4617 / FGSC 8958)
Heterocephalus glaber
Hymenochirus curtipes
Mixia osmundae (strain CBS 9802 / IAM 14324 / JCM 22182 / KY 12970)
Medicago truncatula
Aspergillus kawachii (strain NBRC 4308)
Sus scrofa
Mustela putorius furo
Cavia porcellus
Homo sapiens
Taeniopygia guttata
Latimeria chalumnae
Exophiala dermatitidis (strain ATCC 34100 / CBS 525.76 / NIH/UT8656)
Macaca mulatta
Sus scrofa
Wallemia mellicola (strain ATCC MYA-4683 / CBS 633.66)
Gaeumannomyces tritici (strain R3-111a-1)
Beauveria bassiana (strain ARSEF 2860)
Thalassiosira oceanica
Setaria italica
Setaria italica
Pelodiscus sinensis
Bathycoccus prasinos
Penicillium digitatum (strain Pd1 / CECT 20795)
Penicillium digitatum (strain PHI26 / CECT 20796)
Pteropus alecto
Myotis davidii
Magnaporthe oryzae (strain Y34)
Magnaporthe oryzae (strain P131)
Pseudogymnoascus destructans (strain ATCC MYA-4855 / 20631-21)
Thanatephorus cucumeris (strain AG1-IA)
Cyanidioschyzon merolae (strain NIES-3377 / 10D)
Cochliobolus heterostrophus (strain C5 / ATCC 48332 / race O)
Pseudocercospora fijiensis (strain CIRAD86)
Thanatephorus cucumeris (strain AG1-IB / isolate 7/3/14)
Dothistroma septosporum (strain NZE10 / CBS 128990)
Sphaerulina musiva (strain SO2202)
Cochliobolus heterostrophus (strain C4 / ATCC 48331 / race T)
Dendroctonus ponderosae
Aspergillus terreus (strain NIH 2624 / FGSC A1156)
Bos taurus
Neosartorya fumigata (strain ATCC MYA-4609 / Af293 / CBS 101355 / FGSC A1100)
Danio rerio
Xenopus laevis
Dictyostelium discoideum
Mus musculus
Mus musculus
Caenorhabditis elegans
Setosphaeria turcica (strain 28A)
Emiliania huxleyi
Wallemia ichthyophaga (strain EXF-994 / CBS 113033)
Pseudozyma hubeiensis (strain SY62)
Glarea lozoyensis (strain ATCC 20868 / MF5171)
Petromyzon marinus
Myotis brandtii
Dactylellina haptotyla (strain CBS 200.50)
Fomitopsis pinicola (strain FP-58527)
Helobdella robusta
Tetranychus urticae
Tetranychus urticae
Hydra vulgaris
Blastomyces dermatitidis ATCC 26199
Endocarpon pusillum (strain Z07020 / HMAS-L-300199)
Anas platyrhynchos platyrhynchos
Ficedula albicollis
Moniliophthora roreri (strain MCA 2997)
Kalmanozyma brasiliensis (strain GHG001)
Byssochlamys spectabilis (strain No. 5 / NBRC 109023)
Ixodes ricinus
Ophiophagus hannah
Pestalotiopsis fici (strain W106-1 / CGMCC3.15140)
Astyanax mexicanus
Lepisosteus oculatus
Ovis aries
Drechslerella stenobrocha 248
Nannochloropsis gaditana
Rhizoctonia solani AG-3 Rhs1AP
Colletotrichum fioriniae PJ7
Metarhizium robertsii
Rhizophagus irregularis (strain DAOM 197198w)
Rhizophagus irregularis (strain DAOM 197198w)
Rhizophagus irregularis (strain DAOM 197198w)
Ancylostoma ceylanicum
Ancylostoma ceylanicum
Ancylostoma ceylanicum
Erythranthe guttata
Erythranthe guttata
Trichophyton rubrum CBS 288.86
Trichophyton soudanense CBS 452.61
Aedes albopictus
Aedes albopictus
Aedes albopictus
Amblyomma cajennense
Amblyomma triste
Albugo candida
Hypocrea jecorina (strain ATCC 56765 / BCRC 32924 / NRRL 11460 / Rut C-30)
Aphanomyces invadans
Ooceraea biroi
Fonticula alba
Eucalyptus grandis
Eucalyptus grandis
Helicosporidium sp. ATCC 50920
Rhizobium sp. IE4771
Rhizobium sp. IE4771
Pycnoporus cinnabarinus
Pycnoporus cinnabarinus
Blastobotrys adeninivorans
Oncorhynchus mykiss
Rhodosporidium toruloides
Theobroma cacao
Theobroma cacao
Theobroma cacao
alpha proteobacterium Q-1
Tilletiaria anomala (strain ATCC 24038 / CBS 436.72 / UBC 951)
Rhizoctonia solani AG-8 WAC10335
Colletotrichum sublineola
Saprolegnia parasitica (strain CBS 223.65)
Citrus sinensis
Citrus sinensis
Citrus sinensis
Citrus sinensis
Citrus sinensis
Citrus sinensis
Jatropha curcas
Jatropha curcas
Botryobasidium botryosum FD-172 SS1
Pleurotus ostreatus PC15
Jaapia argillacea MUCL 33604
Zootermopsis nevadensis
Galerina marginata (strain CBS 339.88)
Lichtheimia corymbifera JMRC:FSU:9682
Coffea canephora
Echinococcus granulosus
Echinococcus multilocularis
Panstrongylus megistus
Exophiala aquamarina CBS 119918
Opisthorchis viverrini
Mytilus trossulus
Melanopsichium pennsylvanicum 4
Lichtheimia ramosa
Lichtheimia ramosa
Stylonychia lemnae
Stylonychia lemnae
Brassica napus
Brassica napus
Trichophyton rubrum (strain ATCC MYA-4607 / CBS 118892)
Phytophthora parasitica P1976
Pseudallescheria apiosperma
Trichuris suis
Trichuris suis
Arabis alpina
Aptenodytes forsteri
Auxenochlorella protothecoides
Stegodyphus mimosarum
Balearica regulorum gibbericeps
Poecilia formosa
Corvus brachyrhynchos
Cuculus canorus
Buceros rhinoceros silvestris
Calypte anna
Egretta garzetta
Colius striatus
Chlamydotis macqueenii
Cariama cristata
Acanthisitta chloris
Apaloderma vittatum
Haliaeetus albicilla
Leptosomus discolor
Mesitornis unicolor
Merops nubicus
Nestor notabilis
Phoenicopterus ruber ruber
Opisthocomus hoazin
Tauraco erythrolophus
Pterocles gutturalis
Gavia stellata
Struthio camelus australis
Dryobates pubescens
Pygoscelis adeliae
Manacus vitellinus
Phalacrocorax carbo
Talaromyces marneffei PM1
Pseudogymnoascus sp. VKM F-3808
Pseudogymnoascus sp. VKM F-3557
Pseudogymnoascus sp. VKM F-4513
Pseudogymnoascus sp. VKM F-4246
Pseudogymnoascus sp. VKM F-103
Pseudogymnoascus sp. VKM F-4518
Pseudogymnoascus sp. VKM F-4516
Pseudogymnoascus sp. VKM F-4517
Cryptococcus gattii serotype B (strain R265)
Pichia kudriavzevii
Tinamus guttatus
Tinamus guttatus
Cucumis sativus
Cucumis sativus
Ceratosolen solmsi
Ceratosolen solmsi
[Torrubiella] hemipterigena
Lygus hesperus
Lygus hesperus
Neurospora crassa
Gossypium arboreum
Uncinula necator
Trichuris suis
Oesophagostomum dentatum
Oesophagostomum dentatum
Oesophagostomum dentatum
Glycine soja
Glycine soja
Metarhizium album (strain ARSEF 1941)
Rhizobium gallicum bv. gallicum R602sp
Arion vulgaris
Thanatephorus cucumeris (strain AG1-IB / isolate 7/3/14)
Parasitella parasitica
Ancylostoma duodenale
Sporothrix brasiliensis 5110
Thelohanellus kitauei
Piloderma croceum (strain F 1598)
Hebeloma cylindrosporum h7
Pisolithus tinctorius Marx 270
Phlebiopsis gigantea 11061_1 CR5-6
Tulasnella calospora MUT 4182
Magnaporthiopsis poae (strain ATCC 64411 / 73-15)
Mucor ambiguus
Fopius arisanus
Wollemia nobilis
Amblyomma americanum
Hydnomerulius pinastri MD-312
Laccaria amethystina LaAM-08-1
Pisolithus microcarpus 441
Suillus luteus UH-Slu-Lm8-n1
Paxillus rubicundulus Ve08.2h10
Cryptococcus gattii VGII Ram5
Cryptococcus gattii CA1280
Cryptococcus gattii VGIV IND107
Cryptococcus gattii EJB2
Ustilago maydis (strain 521 / FGSC 9021)
Exophiala sideris
Exophiala spinifera
Exophiala mesophila
Verruconis gallopava
Cladophialophora immunda
Exophiala xenobiotica
Cladophialophora bantiana CBS 173.52
Phialophora americana
Fonsecaea pedrosoi CBS 271.37
Rhinocladiella mackenziei CBS 650.93
Monoraphidium neglectum
Fonsecaea multimorphosa CBS 102226
Monoraphidium neglectum
Hypholoma sublateritium (strain FD-334 SS-4)
Gossypium raimondii
Gossypium raimondii
Gossypium raimondii
Capsaspora owczarzaki (strain ATCC 30864)
Fusarium oxysporum f. sp. lycopersici (strain 4287 / CBS 123668 / FGSC 9935 / NRRL 34936)
Brassica oleracea var. oleracea
Brassica oleracea var. oleracea
Oryza barthii
Sporidiobolus salmonicolor
Candidatus Filomicrobium marinum
Ancylostoma ceylanicum
Araucaria cunninghamii
Araucaria cunninghamii
Cylindrobasidium torrendii FP15055 ss-10
Metarhizium anisopliae BRIP 53293
Leersia perrieri
Oryza glumipatula
Oryza meridionalis
Oryza nivara
Oryza punctata
Oryza rufipogon
Oryza rufipogon
Saitoella complicata (strain BCRC 22490 / CBS 7301 / JCM 7358 / NBRC 10748 / NRRL Y-17804)
Anguilla anguilla
Aspergillus parasiticus (strain ATCC 56775 / NRRL 5862 / SRRC 143 / SU-1)
Sporothrix schenckii 1099-18
Zymoseptoria brevis
Sporisorium scitamineum
Ceratocystis fimbriata f. sp. platani
Aspergillus ochraceoroseus
Aspergillus rambellii
Trichoderma harzianum
Emmonsia crescens UAMH 3008
Plasmodiophora brassicae
Plasmodiophora brassicae
Verticillium longisporum
Verticillium longisporum
Verticillium longisporum
Verticillium longisporum
Schizopora paradoxa
Cyberlindnera jadinii (strain ATCC 18201 / CBS 1600 / BCRC 20928 / JCM 3617 / NBRC 0987 / NRRL Y-1542)
Leucosporidium scottii
Gibberella fujikuroi
Cutaneotrichosporon oleaginosum
Coccidioides posadasii RMSCC 3488
Coccidioides immitis RMSCC 2394
Lasius niger
Coccidioides immitis RMSCC 3703
Coccidioides immitis H538.4
Geotrichum candidum
Angiostrongylus cantonensis
Rhodosporidium toruloides
Rhizoctonia solani
Lygus hesperus
Tabanus bromius
Bactrocera latifrons
Bactrocera latifrons
Zostera marina
Spinacia oleracea
Thecamonas trahens ATCC 50062
Sphaeroforma arctica JP610
Spizellomyces punctatus (strain DAOM BR117)
Candida auris
Allomyces macrogynus (strain ATCC 38327)
Allomyces macrogynus (strain ATCC 38327)
Aspergillus nomiae NRRL 13137
Puccinia sorghi
Termitomyces sp. J132
Operophtera brumata
Habropoda laboriosa
Ensifer adhaerens
Octopus bimaculoides
Phaseolus angularis
Chrysochromulina tobinii
Ascaris lumbricoides
Drosophila busckii
Melipona quadrifasciata
Fusarium langsethiae
Escovopsis weberi
Penicillium nordicum
Brugia pahangi
Dracunculus medinensis
Enterobius vermicularis
Haemonchus placei
Nippostrongylus brasiliensis
Parastrongyloides trichosuri
Syphacia muris
Thelazia callipaeda
Daphnia magna
Oryza sativa subsp. japonica
Plasmopara halstedii
Ceraceosorus bombacis
Rhodnius neglectus
Daphnia magna
Daphnia magna
Neonectria ditissima
Scleropages formosus
Rhodobacteraceae bacterium HLUCCA08
Rhodotorula graminis (strain WP1)
Amazona aestiva
Angiostrongylus costaricensis
Brugia timori
Elaeophora elaphi
Mesocestoides corti
Hydatigena taeniaeformis
Vigna angularis var. angularis
Poeciliopsis prolifica
Solanum chacoense
Trichinella patagoniensis
Debaryomyces fabryi
Pneumocystis carinii (strain B80)
Pneumocystis jirovecii (strain RU7)
Trichoderma gamsii
Phytophthora nicotianae
Cynara cardunculus var. scolymus
Rhodotorula sp. JG-1b
Hyalomma excavatum
Rhipicephalus appendiculatus
Sarcoptes scabiei
Mollisia scopiformis
Colletotrichum simmondsii
Colletotrichum nymphaeae SA-01
Colletotrichum salicis
Conidiobolus coronatus (strain ATCC 28846 / CBS 209.66 / NRRL 28638)
Leucoagaricus sp. SymC.cos
Gonapodya prolifera (strain JEL478)
Gonium pectorale
Gonium pectorale
Acidomyces richmondensis BFW
Cyphomyrmex costatus
Cajanus cajan
Tieghemostelium lacteum
Dufourea novaeangliae
Anisakis simplex
Triatoma infestans
Daucus carota subsp. sativus
Sporothrix insectorum RCEF 264
Phycomyces blakesleeanus (strain ATCC 8743b / DSM 1359 / FGSC 10004 / NBRC 33097 / NRRL 1555)
Didymella rabiei
Sistotremastrum niveocremeum HHB9708
Exidia glandulosa HHB12029
Xylona heveae (strain CBS 132557 / TC161)
Calocera cornea HHB12733
Daedalea quercina L-15889
Colletotrichum tofieldiae
Fibularhizoctonia sp. CBS 109695
Moelleriella libera RCEF 2490
Colletotrichum incanum
Metarhizium rileyi (strain RCEF 4871)
Ascosphaera apis ARSEF 7405
Mucor lusitanicus CBS 277.49
Absidia glauca
Marchantia polymorpha subsp. ruderalis
Alternaria alternata
Fonsecaea monophora
Batrachochytrium dendrobatidis (strain JEL423)
Stagonospora sp. SRC1lsM3a
Fonsecaea multimorphosa
Fonsecaea nubica
Pyrenochaeta sp. DS3sAY3a
Arabidopsis thaliana
Ensifer glycinis
Fonsecaea erecta
Pochonia chlamydosporia 170
Purpureocillium lilacinum
Onchocerca ochengi
Anopheles albimanus
Anopheles arabiensis
Anopheles atroparvus
Anopheles christyi
Anopheles culicifacies
Anopheles dirus
Anopheles epiroticus
Anopheles farauti
Anopheles funestus
Anopheles melas
Anopheles merus
Anopheles minimus
Anopheles quadriannulatus
Anopheles stephensi
Echinostoma caproni
Gongylonema pulchrum
Gongylonema pulchrum
Heligmosomoides polygyrus
Onchocerca flexuosa
Soboliphyme baturini
Schistosoma margrebowiei
Schistosoma mattheei
Schistosoma rodhaini
Schistocephalus solidus
Schistocephalus solidus
Toxocara canis
Trichobilharzia regenti
Rhizobium sp. N113
Papilio xuthus
Papilio machaon
Atta colombica
Trachymyrmex cornetzi
Linnemannia elongata AG-77
Linnemannia elongata AG-77
Ananas comosus
Ananas comosus
Ananas comosus
Metschnikowia bicuspidata var. bicuspidata NRRL YB-4993
Kwoniella dejecticola CBS 10117
Iconisemion striatum
Nothobranchius furzeri
Nothobranchius kadleci
Nothobranchius korthausae
Nothobranchius kuhntae
Nothobranchius pienaari
Nothobranchius rachovii
Glossina austeni
Glossina brevipalpis
Glossina pallidipes
Glossina palpalis gambiensis
Komagataella pastoris
Clastoptera arizonana
Cuerna arida
Cuerna arida
Homalodisca liturata
Homalodisca liturata
Homalodisca liturata
Graphocephala atropunctata
Rhizopogon vinicolor AM-OR11-026
Emergomyces africanus
Ogataea polymorpha
Fusarium poae
Pseudogymnoascus sp. 24MN13
Pseudogymnoascus sp. 05NY08
Kwoniella bestiolae CBS 10118
Kwoniella heveanensis BCC8398
Kwoniella heveanensis CBS 569
Kwoniella pini CBS 10737
Kwoniella mangroviensis CBS 10435
Cladophialophora carrionii
Choanephora cucurbitarum
Anthurium amnicola
Auxenochlorella protothecoides
Paracoccidioides brasiliensis
Orchesella cincta
Ascoidea rubescens DSM 1968
Triticum aestivum
Zea mays
Zea mays
Zea mays
Zea mays
Yarrowia lipolytica
Sclerotinia sclerotiorum (strain ATCC 18683 / 1980 / Ss-1)
Rhynchosporium commune
Rhynchosporium agropyri
Rhynchosporium secalis
Amblyomma aureolatum
Cryptococcus amylolentus CBS 6039
Cryptococcus depauperatus CBS 7841
Cryptococcus depauperatus CBS 7841
Cryptococcus depauperatus CBS 7855
Cryptococcus depauperatus CBS 7855
Cryptococcus amylolentus CBS 6273
Cryptococcus amylolentus CBS 6273
Pichia membranifaciens NRRL Y-2026
Lipomyces starkeyi NRRL Y-11557
Babjeviella inositovora NRRL Y-12698
Hyphopichia burtonii NRRL Y-1933
Cyberlindnera jadinii (strain ATCC 18201 / CBS 1600 / BCRC 20928 / JCM 3617 / NBRC 0987 / NRRL Y-1542)
Suhomyces tanzawaensis NRRL Y-17324
[Candida] arabinofermentans NRRL YB-2248
Tortispora caseinolytica NRRL Y-17796
Pachysolen tannophilus NRRL Y-2460
Fragilariopsis cylindrus CCMP1102
Aspergillus bombycis
Colletotrichum orchidophilum
Salipiger thiooxidans
Limimaricola pyoseonensis
Sulfitobacter delicatus
Salipiger marinus
Aliiruegeria lutimaris
Sulfitobacter litoralis
Sulfitobacter pontiacus
Litoreibacter albidus
Citreimonas salinaria
Rubrimonas cliftonensis
Jhaorihella thermophila
Jannaschia helgolandensis
Roseovarius azorensis
Poseidonocella pacifica
Tropicimonas isoalkanivorans
Sulfitobacter brevis
Roseivivax sediminis
Sulfitobacter dubius
Albimonas pacifica
Shimia haliotis
Shimia aestuarii
Roseovarius lutimaris
Tranquillimonas alkanivorans
Roseivivax halotolerans
Litoreibacter janthinus
Yoonia tamlensis
Sulfitobacter marinus
Yangia pacifica
Sedimentitalea nanhaiensis
Bursaphelenchus xylophilus
Caenorhabditis tropicalis
Loa loa
Heterorhabditis bacteriophora
Steinernema glaseri
Meloidogyne hapla
Rhabditophanes sp. KR3021
Macrostomum lignano
Macrostomum lignano
Macrostomum lignano
Stomoxys calcitrans
Clunio marinus
Noccaea caerulescens
Noccaea caerulescens
Noccaea caerulescens
Noccaea caerulescens
Nicotiana attenuata
Lupinus angustifolius
Coniochaeta ligniaria NRRL 30616
Rhizopogon vesiculosus
Emergomyces pasteurianus Ep9510
[Candida] intermedia
Rhizobium gallicum
Rhizobium etli 8C-3
Rhizobium etli 8C-3
Fusarium mangiferae
Fusarium proliferatum (strain ET1)
Phialocephala subalpina
Nyssomyia neivai
Nyssomyia neivai
Haematobia irritans
Haematobia irritans
Haematobia irritans
Xenopus laevis
Planktotalea frisia
Aspergillus versicolor CBS 583.65
Penicilliopsis zonata CBS 506.65
Aspergillus sydowii CBS 593.65
Aspergillus glaucus CBS 516.65
Aspergillus aculeatus (strain ATCC 16872 / CBS 172.66 / WB 5094)
Trametes pubescens
Ruegeria intermedia
Litoreibacter ascidiaceicola
Marivita hallyeonensis
Maribius salinus
Roseovarius litoreus
Malassezia sympodialis (strain ATCC 42132)
Vannielia litorea
Rhodovulum sp. ES.010
Roseovarius nanhaiticus
