4-hydroxybenzoate polyprenyltransferase, mitochondrial
50S ribosomal protein L12, chloroplastic-like
ABC1 atypical kinase-like domain-containing protein
Anaphase-promoting complex subunit 2
CBM1 domain-containing protein
Cytochrome c oxidase subunit 6, mitochondrial
DNA, contig: SP643
DNA, contig: SP664
Electron transport complex I subunit, NADH-ubiquinone oxidoreductase
ETC complex I subunit
ETC complex I subunit conserved region
ETC complex I subunit conserved region family protein
ETC complex I subunit (Fragment)
ETC complex I subunit-like protein
ETC complex I subunit region
ETC complex subunit I
GPN-loop GTPase 2
Histone-lysine N-methyltransferase, H3 lysine-4 specific
Integral membrane protein SED5 (Fragment)
Lysophospholipase
NADH dehydrogenase
NADH dehydrogenase ubiquinone Fe-S protein
NADH dehydrogenase ubiquinone Fe-S protein 4, mitochondrial
NADH dehydrogenase [ubiquinone] iron-sulfur protein 4, mitochondrial
NADH dehydrogenase [ubiquinone] iron-sulfur protein 4, mitochondrial (Fragment)
NADH-ubiquinone oxidoreductase
NADH-ubiquinone oxidoreductase 18 kDa subunit
NADH-ubiquinone oxidoreductase 18 kDa subunit-like protein
NADH-ubiquinone oxidoreductase 18 kd subunit
NADH-ubiquinone oxidoreductase 18 KD subunit
NADHUBIQUINONE OXIDOREDUCTASE 18 KD SUBUNIT EC 1653 EC 16993
NADHUBIQUINONE OXIDOREDUCTASE 18 KD SUBUNIT EC 1653 EC 16993 CDS
NADH-ubiquinone oxidoreductase 21 kDa subunit, mitochondrial
NADH-ubiquinone oxidoreductase family protein
NADH-ubiquinone oxidoreductase-like protein
NADH:ubiquinone oxidoreductase, NDUFS4/18 kDa subunit
NADH-ubiquinone oxidoreductase-related-like protein
NADH-ubiquinone oxidoreductase-related protein
NADH-ubiquinone oxidoreductase subunit
NADH:ubiquinone reductase (H(+)-translocating)
Oxidoreductase
Oxidoreductase,ETC complex I subunit conserved region
Oxidoreductase protein
Oxidoreductase, putative
Pentatricopeptide repeat-containing protein
Periplasmic serine endoprotease DegP-like
Protein ste16
Protein Wnt
Putative ETC complex I subunit
Putative ETC complex subunit I conserved region
Putative NADH dehydrogenase (Ubiquinone) Fe-S protein 4 (18kD) (NADH-coenzyme Q reductase) (NduFs4) (Partial)
Putative NADH-quinone oxidoreductase
Putative NADH-ubiquinone oxidoreductase
Putative NADH-ubiquinone oxidoreductase subunit
Putative oxidoreductase
Putative Oxidoreductase
Putative Pre-mRNA-splicing factor ATP-dependent RNA helicase prp22
Putative secreted protein
REM-1 domain-containing protein
Ribosomal protein L7/L12 C-terminal domain-containing protein
Trafficking protein particle complex subunit 8
Trehalose 6-phosphate phosphatase
trehalose-phosphatase
t-SNARE coiled-coil homology domain-containing protein (Fragment)
Uncharacterized protein
VipA protein
VOC domain-containing protein
WDR93
WD repeat-containing protein 93
WD repeat-containing protein 93 (Fragment)
WD repeat-containing protein 93-like protein
WD repeat domain 93
