Homo sapiens (Human)
Bos taurus (Bovine)
Rattus norvegicus (Rat)
Mus musculus (Mouse)
Chlorocebus sabaeus (Green monkey) (Cercopithecus sabaeus)
Dipodomys ordii (Ord's kangaroo rat)
Mesocricetus auratus (Golden hamster)
Carlito syrichta (Philippine tarsier) (Tarsius syrichta)
Sus scrofa (Pig)
Pongo abelii (Sumatran orangutan) (Pongo pygmaeus abelii)
Aotus nancymaae (Ma's night monkey)
Cercocebus atys (Sooty mangabey) (Cercocebus torquatus atys)
Mandrillus leucophaeus (Drill) (Papio leucophaeus)
Macaca nemestrina (Pig-tailed macaque)
Propithecus coquereli (Coquerel's sifaka) (Propithecus verreauxi coquereli)
Rhinopithecus bieti (Black snub-nosed monkey) (Pygathrix bieti)
Rhinopithecus roxellana (Golden snub-nosed monkey) (Pygathrix roxellana)
Saimiri boliviensis boliviensis (Bolivian squirrel monkey)
Pan paniscus (Pygmy chimpanzee) (Bonobo)
Capra hircus (Goat)
Ursus americanus (American black bear) (Euarctos americanus)
Ursus maritimus (Polar bear) (Thalarctos maritimus)
Bos indicus x Bos taurus (Hybrid cattle)
Sus scrofa (Pig)
Vombatus ursinus (Common wombat)
Felis catus (Cat) (Felis silvestris catus)
Pan troglodytes (Chimpanzee)
Panthera pardus (Leopard) (Felis pardus)
Microcebus murinus (Gray mouse lemur) (Lemur murinus)
Panthera leo (Lion)
Panthera tigris altaica (Siberian tiger)
Papio anubis (Olive baboon)
Macaca mulatta (Rhesus macaque)
Macaca fascicularis (Crab-eating macaque) (Cynomolgus monkey)
Mus musculus (Mouse)
Macaca mulatta (Rhesus macaque)
Ornithorhynchus anatinus (Duckbill platypus)
Myotis lucifugus (Little brown bat)
Nomascus leucogenys (Northern white-cheeked gibbon) (Hylobates leucogenys)
Oryctolagus cuniculus (Rabbit)
Pan troglodytes (Chimpanzee)
Sarcophilus harrisii (Tasmanian devil) (Sarcophilus laniarius)
Macaca fascicularis (Crab-eating macaque) (Cynomolgus monkey)
Ictidomys tridecemlineatus (Thirteen-lined ground squirrel) (Spermophilus tridecemlineatus)
Bos mutus (wild yak)
Mustela putorius furo (European domestic ferret) (Mustela furo)
Pongo abelii (Sumatran orangutan) (Pongo pygmaeus abelii)
Pongo pygmaeus (Bornean orangutan)
Gorilla gorilla gorilla (Western lowland gorilla)
Pan troglodytes (Chimpanzee)
Gekko japonicus (Schlegel's Japanese gecko)
Callithrix jacchus (White-tufted-ear marmoset)
Fukomys damarensis (Damaraland mole rat) (Cryptomys damarensis)
Pelecanus crispus (Dalmatian pelican)
Tyto alba (Barn owl)
Antrostomus carolinensis (Chuck-will's-widow) (Caprimulgus carolinensis)
Cynoglossus semilaevis (Tongue sole)
Charadrius vociferus (Killdeer) (Aegialitis vocifera)
Sparus aurata (Gilthead sea bream)
Homo sapiens (Human)
Alligator mississippiensis (American alligator)
Erinaceus europaeus (Western European hedgehog)
Alligator sinensis (Chinese alligator)
Patagioenas fasciata monilis
Castor canadensis (American beaver)
Cavia porcellus (Guinea pig)
Micrurus paraensis
Limosa lapponica baueri
Felis catus (Cat) (Felis silvestris catus)
Pan troglodytes (Chimpanzee)
Pan troglodytes (Chimpanzee)
Pongo abelii (Sumatran orangutan) (Pongo pygmaeus abelii)
Colobus angolensis palliatus (Peters' Angolan colobus)
Cebus imitator (Panamanian white-faced capuchin) (Cebus capucinus imitator)
Rhinopithecus bieti (Black snub-nosed monkey) (Pygathrix bieti)
Rhinopithecus bieti (Black snub-nosed monkey) (Pygathrix bieti)
Odobenus rosmarus divergens (Pacific walrus)
Leptonychotes weddellii (Weddell seal) (Otaria weddellii)
Tursiops truncatus (Atlantic bottle-nosed dolphin) (Delphinus truncatus)
Tursiops truncatus (Atlantic bottle-nosed dolphin) (Delphinus truncatus)
Scophthalmus maximus (Turbot) (Psetta maxima)
Trichechus manatus latirostris (Florida manatee)
Neomonachus schauinslandi (Hawaiian monk seal) (Monachus schauinslandi)
Enhydra lutris kenyoni
Delphinapterus leucas (Beluga whale)
Physeter macrocephalus (Sperm whale) (Physeter catodon)
Mus musculus (Mouse)
Lipotes vexillifer (Yangtze river dolphin)
Neophocaena asiaeorientalis asiaeorientalis (Yangtze finless porpoise) (Neophocaena phocaenoides subsp. asiaeorientalis)
Balaenoptera acutorostrata scammoni (North Pacific minke whale) (Balaenoptera davidsoni)
Balaenoptera acutorostrata scammoni (North Pacific minke whale) (Balaenoptera davidsoni)
Ursus maritimus (Polar bear) (Thalarctos maritimus)
Paramormyrops kingsleyae
Paramormyrops kingsleyae
Periophthalmus magnuspinnatus
Xiphophorus maculatus (Southern platyfish) (Platypoecilus maculatus)
Mesocricetus auratus (Golden hamster)
Carlito syrichta (Philippine tarsier) (Tarsius syrichta)
Amphilophus citrinellus (Midas cichlid) (Cichlasoma citrinellum)
Bos taurus (Bovine)
Equus caballus (Horse)
Callorhinus ursinus (Northern fur seal)
Vulpes vulpes (Red fox)
Gopherus agassizii (Agassiz's desert tortoise)
Gopherus agassizii (Agassiz's desert tortoise)
Physeter macrocephalus (Sperm whale) (Physeter catodon)
Physeter macrocephalus (Sperm whale) (Physeter catodon)
Lynx pardinus (Iberian lynx) (Felis pardina)
Anas platyrhynchos platyrhynchos (Northern mallard)
Anas platyrhynchos platyrhynchos (Northern mallard)
Anas platyrhynchos platyrhynchos (Northern mallard)
Anas platyrhynchos platyrhynchos (Northern mallard)
Anas platyrhynchos platyrhynchos (Northern mallard)
Anas platyrhynchos platyrhynchos (Northern mallard)
Anas platyrhynchos platyrhynchos (Northern mallard)
Platysternon megacephalum (big-headed turtle)
Collichthys lucidus (Big head croaker) (Sciaena lucida)
Bos indicus x Bos taurus (Hybrid cattle)
Bos indicus x Bos taurus (Hybrid cattle)
Bos indicus x Bos taurus (Hybrid cattle)
Sus scrofa (Pig)
Sus scrofa (Pig)
Sus scrofa (Pig)
Marmota monax (Woodchuck)
Monodelphis domestica (Gray short-tailed opossum)
Monodelphis domestica (Gray short-tailed opossum)
Monodelphis domestica (Gray short-tailed opossum)
Sus scrofa (Pig)
Muntiacus muntjak (Barking deer) (Indian muntjac)
Muntiacus muntjak (Barking deer) (Indian muntjac)
Muntiacus reevesi (Reeves' muntjac) (Cervus reevesi)
Muntiacus reevesi (Reeves' muntjac) (Cervus reevesi)
Aquila chrysaetos chrysaetos
Lynx canadensis (Canada lynx)
Phasianus colchicus (Common pheasant)
Podarcis muralis (Wall lizard) (Lacerta muralis)
Podarcis muralis (Wall lizard) (Lacerta muralis)
Pseudonaja textilis (Eastern brown snake)
Rhinolophus ferrumequinum (Greater horseshoe bat)
Rhinolophus ferrumequinum (Greater horseshoe bat)
Strigops habroptila (Kakapo)
Suricata suricatta (Meerkat)
Suricata suricatta (Meerkat)
Terrapene carolina triunguis (Three-toed box turtle)
Scophthalmus maximus (Turbot) (Psetta maxima)
Perca fluviatilis (European perch)
Bos mutus (wild yak)
Coregonus sp. 'balchen'
Larimichthys crocea (Large yellow croaker) (Pseudosciaena crocea)
Crocuta crocuta (Spotted hyena)
Hypotaenidia okinawae
Vicugna pacos (Alpaca) (Lama pacos)
Peromyscus maniculatus bairdii (Prairie deer mouse)
Thamnophis sirtalis
Geospiza fortis (Medium ground-finch)
Lepidothrix coronata (blue-crowned manakin)
Pogona vitticeps (central bearded dragon)
Odocoileus virginianus texanus
Notechis scutatus (mainland tiger snake)
Acinonyx jubatus (Cheetah)
Acinonyx jubatus (Cheetah)
Zalophus californianus (California sealion)
Pipra filicauda (Wire-tailed manakin)
Phyllostomus discolor (pale spear-nosed bat)
Vicugna pacos (Alpaca) (Lama pacos)
Aythya fuligula (Tufted duck) (Anas fuligula)
Sapajus apella (Brown-capped capuchin) (Cebus apella)
Sapajus apella (Brown-capped capuchin) (Cebus apella)
Sapajus apella (Brown-capped capuchin) (Cebus apella)
Ovis aries (Sheep)
Octodon degus (Degu) (Sciurus degus)
Bison bison bison
Pteropus vampyrus (Large flying fox)
Panthera pardus (Leopard) (Felis pardus)
Bos indicus (Zebu)
Bos indicus (Zebu)
Bos indicus (Zebu)
Phascolarctos cinereus (Koala)
Phascolarctos cinereus (Koala)
Mus caroli (Ryukyu mouse) (Ricefield mouse)
Pteropus vampyrus (Large flying fox)
Pteropus vampyrus (Large flying fox)
Puma concolor (Mountain lion) (Felis concolor)
Puma concolor (Mountain lion) (Felis concolor)
Pantherophis guttatus (Corn snake) (Elaphe guttata)
Zalophus californianus (California sealion)
Zalophus californianus (California sealion)
Myotis myotis (Greater mouse-eared bat)
Myotis myotis (Greater mouse-eared bat)
Myotis myotis (Greater mouse-eared bat)
Myotis myotis (Greater mouse-eared bat)
Pipistrellus kuhlii (Kuhl's pipistrelle)
Pipistrellus kuhlii (Kuhl's pipistrelle)
Rousettus aegyptiacus (Egyptian rousette) (Egyptian fruit bat)
Rousettus aegyptiacus (Egyptian rousette) (Egyptian fruit bat)
Molossus molossus (Pallas' mastiff bat) (Vespertilio molossus)
Molossus molossus (Pallas' mastiff bat) (Vespertilio molossus)
Crypturellus undulatus
Melospiza melodia (Song sparrow) (Fringilla melodia)
Emberiza fucata
Polioptila caerulea (Blue-grey gnatcatcher)
Chunga burmeisteri (Black-legged seriema)
Prunella himalayana
Urocynchramus pylzowi
Hylia prasina (green hylia)
Ptilonorhynchus violaceus (Satin bowerbird) (Pyrrhocorax violaceus)
Pedionomus torquatus (Plains-wanderer)
Notiomystis cincta
Promerops cafer (Cape sugarbird)
Pheucticus melanocephalus (Black-headed grosbeak) (Guiraca melanocephala)
Erithacus rubecula (European robin)
Loxia curvirostra (Red crossbill)
Agelaius phoeniceus (Red-winged blackbird) (Oriolus phoeniceus)
Asarcornis scutulata
Acrocephalus arundinaceus (Great reed-warbler)
Poecile atricapillus (Black-capped chickadee) (Parus atricapillus)
Nesospiza acunhae
Ibidorhyncha struthersii
Melanocharis versteri (Fan-tailed berrypecker)
Cnemophilus loriae (Loria's bird-of-paradise)
Leucopsar rothschildi (Bali myna) (Rothschild's mynah)
Ardeotis kori
Rhodinocichla rosea
Loxia leucoptera (White-winged crossbill)
Dicaeum eximium
Rhabdornis inornatus
Rostratula benghalensis (greater painted-snipe)
Chordeiles acutipennis (Lesser nighthawk) (Caprimulgus acutipennis)
Tyrannus savana (Fork-tailed flycatcher) (Muscivora tyrannus)
Ploceus nigricollis
Illadopsis cleaveri (blackcap illadopsis)
Sylvia borin (Garden warbler)
Nycticryphes semicollaris
Rhinopomastus cyanomelas (Common scimitarbill)
Cisticola juncidis
Locustella ochotensis (Middendorff's grasshopper-warbler)
Phainopepla nitens (Phainopepla)
Thinocorus orbignyianus
Alaudala cheleensis (Asian short-toed lark)
Catharus fuscescens (Veery)
Quiscalus mexicanus (Great-tailed grackle) (Cassidix mexicanus)
Hippolais icterina (icterine warbler)
Drymodes brunneopygia
Molothrus ater (Brown-headed cowbird)
Atlantisia rogersi (Inaccessible Island rail)
Hirundo rustica (Barn swallow)
Pomatorhinus ruficollis (streak-breasted scimitar babbler)
Callaeas wilsoni (North Island kokako)
Crocodylus porosus (Saltwater crocodile) (Estuarine crocodile)
Ailuropoda melanoleuca (Giant panda)
Ailuropoda melanoleuca (Giant panda)
Ailuropoda melanoleuca (Giant panda)
Ficedula albicollis (Collared flycatcher) (Muscicapa albicollis)
Nyctereutes procyonoides (Raccoon dog) (Canis procyonoides)
Nyctereutes procyonoides (Raccoon dog) (Canis procyonoides)
Ranitomeya imitator (mimic poison frog)
Phyllostomus discolor (pale spear-nosed bat)
Phyllostomus discolor (pale spear-nosed bat)
Phyllostomus discolor (pale spear-nosed bat)
Lamprotornis superbus
Chloropsis hardwickii
Donacobius atricapilla
Vidua chalybeata (Village indigobird)
Tychaedon coryphoeus (Karoo scrub-robin) (Erythropygia coryphaeus)
Certhia familiaris (Eurasian treecreeper)
Calcarius ornatus (Chestnut-collared longspur)
Passerina amoena (Lazuli bunting)
Camelus ferus (Wild bactrian camel) (Camelus bactrianus ferus)
Orycteropus afer afer
Microcebus murinus (Gray mouse lemur) (Lemur murinus)
Camelus ferus (Wild bactrian camel) (Camelus bactrianus ferus)
Balaenoptera musculus (Blue whale)
Anser brachyrhynchus (Pink-footed goose)
Anser brachyrhynchus (Pink-footed goose)
Anser cygnoides (Swan goose)
Amazona collaria (yellow-billed parrot)
Astyanax mexicanus (Blind cave fish) (Astyanax fasciatus mexicanus)
Anas platyrhynchos (Mallard) (Anas boschas)
Anas platyrhynchos (Mallard) (Anas boschas)
Anas platyrhynchos (Mallard) (Anas boschas)
Anas zonorhyncha (Eastern spot-billed duck)
Bos mutus grunniens (Wild yak) (Bos grunniens)
Bos mutus grunniens (Wild yak) (Bos grunniens)
Bos mutus grunniens (Wild yak) (Bos grunniens)
Chelonoidis abingdonii (Abingdon island giant tortoise) (Testudo abingdonii)
Chelonoidis abingdonii (Abingdon island giant tortoise) (Testudo abingdonii)
Balaenoptera musculus (Blue whale)
Canis lupus dingo (dingo)
Canis lupus dingo (dingo)
Canis lupus dingo (dingo)
Canis lupus dingo (dingo)
Canis lupus familiaris (Dog) (Canis familiaris)
Canis lupus familiaris (Dog) (Canis familiaris)
Canis lupus familiaris (Dog) (Canis familiaris)
Canis lupus familiaris (Dog) (Canis familiaris)
Canis lupus familiaris (Dog) (Canis familiaris)
Cyanistes caeruleus (Eurasian blue tit) (Parus caeruleus)
Cricetulus griseus (Chinese hamster) (Cricetulus barabensis griseus)
Capra hircus (Goat)
Capra hircus (Goat)
Capra hircus (Goat)
Capra hircus (Goat)
Chinchilla lanigera (Long-tailed chinchilla) (Chinchilla villidera)
Coturnix japonica (Japanese quail) (Coturnix coturnix japonica)
Cairina moschata domestica (Muscovy Duck (domestic type))
Cairina moschata domestica (Muscovy Duck (domestic type))
Corvus moneduloides (New Caledonian crow)
Chrysemys picta bellii (Western painted turtle) (Emys bellii)
Chrysemys picta bellii (Western painted turtle) (Emys bellii)
Chrysemys picta bellii (Western painted turtle) (Emys bellii)
Chrysolophus pictus (Golden pheasant) (Phasianus pictus)
Chrysolophus pictus (Golden pheasant) (Phasianus pictus)
Geospiza parvula (Small tree-finch) (Camarhynchus parvulus)
Chelydra serpentina (Snapping turtle) (Testudo serpentina)
Catagonus wagneri (Chacoan peccary)
Catagonus wagneri (Chacoan peccary)
Equus asinus asinus
Dromaius novaehollandiae (Emu)
Eptatretus burgeri (Inshore hagfish)
Eptatretus burgeri (Inshore hagfish)
Gopherus evgoodei (Goodes thornscrub tortoise)
Gopherus evgoodei (Goodes thornscrub tortoise)
Jaculus jaculus (Lesser Egyptian jerboa)
Jaculus jaculus (Lesser Egyptian jerboa)
Leptobrachium leishanense (Leishan spiny toad)
Laticauda laticaudata (Blue-ringed sea krait) (Blue-lipped sea krait)
Marmota marmota marmota (Alpine marmot)
Monodon monoceros (Narwhal) (Ceratodon monodon)
Moschus moschiferus (Siberian musk deer) (Moschus sibiricus)
Mus spicilegus (Steppe mouse)
Nannospalax galili (Northern Israeli blind subterranean mole rat) (Spalax galili)
Naja naja (Indian cobra)
Naja naja (Indian cobra)
Neovison vison (American mink) (Mustela vison)
Otus sunia (Oriental scops-owl)
Pelusios castaneus (West African mud turtle)
Prolemur simus (Greater bamboo lemur) (Hapalemur simus)
Phocoena sinus (Vaquita)
Piliocolobus tephrosceles (Ugandan red Colobus)
Spermophilus dauricus (Daurian ground squirrel)
Sphenodon punctatus (Tuatara) (Hatteria punctata)
Salvator merianae (Argentine black and white tegu) (Tupinambis merianae)
Sus scrofa (Pig)
Sus scrofa (Pig)
Sus scrofa (Pig)
Sus scrofa (Pig)
Sus scrofa (Pig)
Sus scrofa (Pig)
Sus scrofa (Pig)
Sus scrofa (Pig)
Sus scrofa (Pig)
Sus scrofa (Pig)
Sciurus vulgaris (Eurasian red squirrel)
Sciurus vulgaris (Eurasian red squirrel)
Theropithecus gelada (Gelada baboon)
Varanus komodoensis (Komodo dragon)
Varanus komodoensis (Komodo dragon)
Urocitellus parryii (Arctic ground squirrel) (Spermophilus parryii)
Zonotrichia albicollis (White-throated sparrow)
Zonotrichia albicollis (White-throated sparrow)
Zosterops lateralis melanops
Zosterops lateralis melanops
Canis lupus familiaris (Dog) (Canis familiaris)
Canis lupus familiaris (Dog) (Canis familiaris)
Canis lupus familiaris (Dog) (Canis familiaris)
Papio anubis (Olive baboon)
Papio anubis (Olive baboon)
Rattus norvegicus (Rat)
Galemys pyrenaicus (Iberian desman) (Pyrenean desman)
Eleutherodactylus coqui (Puerto Rican coqui)
Microtus ochrogaster (Prairie vole)
Atractosteus spatula (Alligator gar) (Lepisosteus spatula)
Neomonachus schauinslandi (Hawaiian monk seal) (Monachus schauinslandi)
Neomonachus schauinslandi (Hawaiian monk seal) (Monachus schauinslandi)
Canis lupus familiaris (Dog) (Canis familiaris)
Chelydra serpentina (Snapping turtle) (Testudo serpentina)
Hymenochirus boettgeri (Congo dwarf clawed frog)
Mustela putorius furo (European domestic ferret) (Mustela furo)
Taeniopygia guttata (Zebra finch) (Poephila guttata)
Taeniopygia guttata (Zebra finch) (Poephila guttata)
Osmerus mordax (Rainbow smelt) (Atherina mordax)
Ailuropoda melanoleuca (Giant panda)
Scotophilus kuhlii (Lesser asiatic yellow bat)
Miniopterus schreibersii (Schreibers's long-fingered bat) (Vespertilio schreibersii)
Cynopterus sphinx (Indian short-nosed fruit bat)
Rousettus leschenaultii (Leschenault's rousette)
Equus caballus (Horse)
Anolis carolinensis (Green anole) (American chameleon)
Ailuropoda melanoleuca (Giant panda)
Cricetulus griseus (Chinese hamster) (Cricetulus barabensis griseus)
Gasterosteus aculeatus (Three-spined stickleback)
Loxodonta africana (African elephant)
Heterocephalus glaber (Naked mole rat)
Hymenochirus curtipes (western dwarf clawed frog)
Sus scrofa (Pig)
Mustela putorius furo (European domestic ferret) (Mustela furo)
Cavia porcellus (Guinea pig)
Homo sapiens (Human)
Taeniopygia guttata (Zebra finch) (Poephila guttata)
Latimeria chalumnae (Coelacanth)
Macaca mulatta (Rhesus macaque)
Sus scrofa (Pig)
Pelodiscus sinensis (Chinese softshell turtle) (Trionyx sinensis)
Pteropus alecto (Black flying fox)
Myotis davidii (David's myotis)
Bos taurus (Bovine)
Danio rerio (Zebrafish) (Brachydanio rerio)
Xenopus laevis (African clawed frog)
Mus musculus (Mouse)
Mus musculus (Mouse)
Petromyzon marinus (Sea lamprey)
Myotis brandtii (Brandt's bat)
Anas platyrhynchos platyrhynchos (Northern mallard)
Ficedula albicollis (Collared flycatcher) (Muscicapa albicollis)
Ophiophagus hannah (King cobra) (Naja hannah)
Astyanax mexicanus (Blind cave fish) (Astyanax fasciatus mexicanus)
Lepisosteus oculatus (Spotted gar)
Ovis aries (Sheep)
Oncorhynchus mykiss (Rainbow trout) (Salmo gairdneri)
Aptenodytes forsteri (Emperor penguin)
Balearica regulorum gibbericeps (East African grey crowned-crane)
Poecilia formosa (Amazon molly) (Limia formosa)
Corvus brachyrhynchos (American crow)
Cuculus canorus (common cuckoo)
Buceros rhinoceros silvestris
Calypte anna (Anna's hummingbird) (Archilochus anna)
Egretta garzetta (Little egret)
Colius striatus (Speckled mousebird)
Chlamydotis macqueenii (Macqueen's bustard)
Cariama cristata (Red-legged seriema)
Acanthisitta chloris (rifleman)
Apaloderma vittatum (Bar-tailed trogon)
Haliaeetus albicilla (White-tailed sea-eagle) (Falco albicilla)
Leptosomus discolor (Madagascar cuckoo roller) (Cuculus discolor)
Mesitornis unicolor (brown roatelo)
Merops nubicus (Northern carmine bee-eater)
Nestor notabilis (Kea)
Phoenicopterus ruber ruber
Opisthocomus hoazin (Hoatzin) (Phasianus hoazin)
Tauraco erythrolophus (Red-crested turaco)
Pterocles gutturalis (yellow-throated sandgrouse)
Gavia stellata (Red-throated diver) (Colymbus stellatus)
Struthio camelus australis
Dryobates pubescens (Downy woodpecker) (Picoides pubescens)
Pygoscelis adeliae (Adelie penguin)
Manacus vitellinus (golden-collared manakin)
Phalacrocorax carbo (Great cormorant) (Pelecanus carbo)
Tinamus guttatus (White-throated tinamou)
Tinamus guttatus (White-throated tinamou)
Anguilla anguilla (European freshwater eel) (Muraena anguilla)
Scleropages formosus (Asian bonytongue) (Osteoglossum formosum)
Amazona aestiva (Blue-fronted Amazon parrot)
Poeciliopsis prolifica (blackstripe livebearer)
Iconisemion striatum
Nothobranchius furzeri (Turquoise killifish)
Nothobranchius kadleci
Nothobranchius korthausae
Nothobranchius kuhntae (Beira killifish)
Nothobranchius pienaari
Nothobranchius rachovii (bluefin notho)
Xenopus laevis (African clawed frog)
Salmo salar (Atlantic salmon)
Lonchura striata domestica (Bengalese finch)
Callipepla squamata (Scaled quail)
Colinus virginianus (Northern bobwhite) (Tetrao virginianus)
Ictalurus punctatus (Channel catfish) (Silurus punctatus)
Columba livia (Rock dove)
Austrofundulus limnaeus (Annual killifish)
Bambusicola thoracicus (Chinese bamboo-partridge) (Perdix thoracica)
Gambusia affinis (Western mosquitofish) (Heterandria affinis)
Astyanax mexicanus (Blind cave fish) (Astyanax fasciatus mexicanus)
Astyanax mexicanus (Blind cave fish) (Astyanax fasciatus mexicanus)
Oryzias melastigma (Marine medaka)
Oryzias melastigma (Marine medaka)
Oryzias latipes (Japanese rice fish) (Japanese killifish)
Poecilia latipinna (sailfin molly)
Poecilia latipinna (sailfin molly)
Poecilia latipinna (sailfin molly)
Poecilia mexicana
Pygocentrus nattereri (Red-bellied piranha)
Pygocentrus nattereri (Red-bellied piranha)
Pundamilia nyererei
Pundamilia nyererei
Seriola dumerili (Greater amberjack) (Caranx dumerili)
Seriola lalandi dorsalis
Stegastes partitus (bicolor damselfish)
Xiphophorus couchianus (Monterrey platyfish)
Chloebia gouldiae (Gouldian finch) (Erythrura gouldiae)
Hirundo rustica rustica
Anabarilius grahami (Kanglang fish) (Barilius grahami)
Astatotilapia calliptera (Eastern happy) (Chromis callipterus)
Amphiprion percula (Orange clownfish) (Lutjanus percula)
Esox lucius (Northern pike)
Maylandia zebra (zebra mbuna)
Oryzias latipes (Japanese rice fish) (Japanese killifish)
Poecilia reticulata (Guppy) (Acanthophacelus reticulatus)
Poecilia reticulata (Guppy) (Acanthophacelus reticulatus)
Amphiprion ocellaris (Clown anemonefish)
Acanthochromis polyacanthus (spiny chromis)
Anabas testudineus (Climbing perch) (Anthias testudineus)
Cyprinodon variegatus (Sheepshead minnow)
Cyprinodon variegatus (Sheepshead minnow)
Cyprinodon variegatus (Sheepshead minnow)
Fundulus heteroclitus (Killifish) (Mummichog)
Fundulus heteroclitus (Killifish) (Mummichog)
Haplochromis burtoni (Burton's mouthbrooder) (Chromis burtoni)
Haplochromis burtoni (Burton's mouthbrooder) (Chromis burtoni)
Hippocampus comes (Tiger tail seahorse)
Kryptolebias marmoratus (Mangrove killifish) (Rivulus marmoratus)
Labrus bergylta (ballan wrasse)
Monopterus albus (Swamp eel)
Mastacembelus armatus (zig-zag eel)
Mola mola (Ocean sunfish) (Tetraodon mola)
Neolamprologus brichardi (Fairy cichlid) (Lamprologus brichardi)
Neolamprologus brichardi (Fairy cichlid) (Lamprologus brichardi)
Scyliorhinus torazame (Cloudy catshark)
Chiloscyllium punctatum (Brownbanded bambooshark) (Hemiscyllium punctatum)
Chiloscyllium punctatum (Brownbanded bambooshark) (Hemiscyllium punctatum)
Oryzias javanicus (Javanese ricefish) (Aplocheilus javanicus)
Acipenser ruthenus (Sterlet sturgeon)
Perca flavescens (American yellow perch) (Morone flavescens)
Labeo rohita (Indian major carp) (Cyprinus rohita)
Callorhinchus milii (Ghost shark)
Callorhinchus milii (Ghost shark)
Electrophorus electricus (Electric eel) (Gymnotus electricus)
Hucho hucho (huchen)
Lates calcarifer (Barramundi) (Holocentrus calcarifer)
Takifugu bimaculatus
Liparis tanakae (Tanaka's snailfish)
Danionella translucida
Bagarius yarrelli (Goonch) (Bagrus yarrelli)
Triplophysa tibetana
Takifugu flavidus (sansaifugu)
Etheostoma spectabile (orangethroat darter)
Pangasianodon hypophthalmus (Striped catfish) (Helicophagus hypophthalmus)
Aquila chrysaetos chrysaetos
Athene cunicularia (Burrowing owl) (Speotyto cunicularia)
Echeneis naucrates (Live sharksucker)
Myripristis murdjan (pinecone soldierfish)
Oreochromis aureus (Israeli tilapia) (Chromis aureus)
Oreochromis niloticus (Nile tilapia) (Tilapia nilotica)
Sinocyclocheilus anshuiensis
Sinocyclocheilus anshuiensis
Sparus aurata (Gilthead sea bream)
Salarias fasciatus (Jewelled blenny) (Blennius fasciatus)
Salarias fasciatus (Jewelled blenny) (Blennius fasciatus)
Sinocyclocheilus grahami (Dianchi golden-line fish) (Barbus grahami)
Sinocyclocheilus grahami (Dianchi golden-line fish) (Barbus grahami)
Sinocyclocheilus grahami (Dianchi golden-line fish) (Barbus grahami)
Sphaeramia orbicularis (orbiculate cardinalfish)
Sphaeramia orbicularis (orbiculate cardinalfish)
Sinocyclocheilus rhinocerous
Sinocyclocheilus rhinocerous
Salmo trutta (Brown trout)
Taeniopygia guttata (Zebra finch) (Poephila guttata)
Channa argus (northern snakehead)
Xenopus tropicalis (Western clawed frog) (Silurana tropicalis)
Notothenia coriiceps (black rockcod)
Lepidothrix coronata (blue-crowned manakin)
Notechis scutatus (mainland tiger snake)
Cottoperca gobio (Frogmouth) (Aphritis gobio)
Chanos chanos (Milkfish) (Mugil chanos)
Clupea harengus (Atlantic herring)
Carassius auratus (Goldfish)
Carassius auratus (Goldfish)
Parambassis ranga (Indian glassy fish)
Betta splendens (Siamese fighting fish)
Microcaecilia unicolor
Geotrypetes seraphini (Gaboon caecilian) (Caecilia seraphini)
Gymnodraco acuticeps (Antarctic dragonfish)
Ameiurus melas (Black bullhead) (Silurus melas)
Onychostoma macrolepis
Crypturellus soui
Columbina picui (Picui ground-dove)
Burhinus bistriatus
Sinosuthora webbiana
Tachuris rubrigastra
Bucorvus abyssinicus (Northern ground-hornbill) (Abyssinian ground-hornbill)
Centropus unirufus
Motacilla alba (White wagtail) (Pied wagtail)
Pachyramphus minor
Probosciger aterrimus (Palm cockatoo)
Crotophaga sulcirostris (Groove-billed ani)
Toxostoma redivivum (California thrasher)
Mionectes macconnelli (McConnell's flycatcher)
Vireo altiloquus (Black-whiskered vireo)
Chroicocephalus maculipennis (Brown-hooded gull) (Larus maculipennis)
Erythrocercus mccallii
Lanius ludovicianus (Loggerhead shrike)
Cephalopterus ornatus (Amazonian umbrellabird)
Platysteira castanea
Dromas ardeola
Pterocles burchelli
Onychorhynchus coronatus (Royal flycatcher)
Upupa epops (Eurasian hoopoe)
Origma solitaria
Grantiella picta
Daphoenositta chrysoptera (varied sittella)
Malurus elegans (Red-winged fairywren)
Dasyornis broadbenti (rufous bristle-bird)
Machaerirhynchus nigripectus
Oreocharis arfaki (tit berrypecker)
Falcunculus frontatus (Eastern shriketit)
Ifrita kowaldi (blue-capped ifrita)
Climacteris rufus (rufous treecreeper)
Rhynochetos jubatus (kagu)
Aegotheles bennettii
Steatornis caripensis (Oilbird)
Alca torda (Razorbill)
Nothoprocta pentlandii
Nothoprocta ornata
Aphelocoma coerulescens (Florida scrub-jay) (Corvus coerulescens)
Sylvia atricapilla (blackcap)
Chionis minor (Black-faced sheathbill)
Haliaeetus albicilla (White-tailed sea-eagle) (Falco albicilla)
Eudromia elegans (Elegant crested-tinamou)
Nothocercus julius
Rhagologus leucostigma
Eulacestoma nigropectus (wattled ploughbill)
Struthidea cinerea
Orthonyx spaldingii (Chowchilla)
Aleadryas rufinucha (rufous-naped whistler)
Chaetorhynchus papuensis (pygmy drongo)
Lophotis ruficrista
Ptilorrhoa leucosticta
Casuarius casuarius (Southern cassowary) (Struthio casuarius)
Cochlearius cochlearius (Boat-billed heron)
Smithornis capensis
Oceanites oceanicus (Wilson's storm petrel) (Procellaria oceanica)
Sclerurus mexicanus (tawny-throated leaftosser)
Eubucco bourcierii (red-headed barbet)
Sakesphorus luctuosus
Grallaria varia (variegated antpitta)
Dromaius novaehollandiae (Emu)
Psilopogon haemacephalus
Hemiprocne comata
Baryphthengus martii (Rufous motmot)
Stercorarius parasiticus (Parasitic jaeger) (Arctic skua)
Bucco capensis (collared puffbird)
Myiagra hebetior
Oceanodroma tethys (Wedge-rumped storm-petrel) (Hydrobates tethys)
Edolisoma coerulescens
Pachycephala philippinensis (yellow-belllied whistler)
Sterrhoptilus dennistouni
Galbula dea
Chloroceryle aenea (American pygmy kingfisher)
Rhipidura dahli
Psophia crepitans (common trumpeter)
Odontophorus gujanensis (marbled wood quail)
Dicrurus megarhynchus
Ciconia maguari
Spizaetus tyrannus (black hawk-eagle)
Trogon melanurus (Black-tailed trogon)
Herpetotheres cachinnans (Laughing falcon) (Falco cachinnans)
Piprites chloris (Wing-barred manakin)
Chauna torquata (Southern screamer)
Amazona guildingii
Formicarius rufipectus
Setophaga kirtlandii (Kirtland's warbler) (Dendroica kirtlandii)
Glaucidium brasilianum (Ferruginous pygmy-owl)
Podilymbus podiceps (Pied-billed grebe)
Leptocoma aspasia
Alectura lathami (Australian brush turkey)
Oxyruncus cristatus (sharpbill)
Gymnorhina tibicen (Australian magpie) (Cracticus tibicen)
Serilophus lunatus (silver-breasted broadbill)
Oenanthe oenanthe (Northern wheatear)
Indicator maculatus (spotted honeyguide)
Rynchops niger (Black skimmer)
Oriolus oriolus (Eurasian golden oriole) (Coracias oriolus)
Aramus guarauna (Limpkin) (Scolopax guarauna)
Sitta europaea (Eurasian nuthatch)
Certhia brachydactyla (short-toed tree-creeper)
Scytalopus superciliaris
Leiothrix lutea (Red-billed leiothrix) (Sylvia lutea)
Nyctibius grandis (Great potoo)
Zosterops hypoxanthus
Rhadina sibilatrix
Pycnonotus jocosus (Red-whiskered bulbul) (Lanius jocosus)
Pandion haliaetus (Osprey) (Falco haliaetus)
Syrrhaptes paradoxus (Pallas's sandgrouse)
Pluvianellus socialis (Magellanic plover)
Pardalotus punctatus (spotted pardalote)
Turnix velox (Little buttonquail)
Oreotrochilus melanogaster
Xiphorhynchus elegans (elegant woodcreeper)
Cettia cetti
Cepphus grylle (Black guillemot) (Alca grylle)
Rissa tridactyla (Black-legged kittiwake) (Larus tridactyla)
Uria aalge (Common mure) (Colymbus aalge)
Circaetus pectoralis (black-chested snake-eagle)
Eurystomus gularis
Alopecoenas beccarii (Western bronze ground-dove)
Podargus strigoides (Tawny frogmouth) (Caprimulgus strigoides)
Ceuthmochares aereus
Glareola pratincola (Collared pratincole) (Hirundo pratincola)
Mastacembelus armatus (zig-zag eel)
Meleagris gallopavo (Wild turkey)
Ranitomeya imitator (mimic poison frog)
Grus americana (Whooping crane)
Piaya cayana (Common squirrel cuckoo)
Corythaeola cristata (Great blue turaco)
Campylorhamphus procurvoides
Penelope pileata
Anhinga anhinga (Anhinga) (Plotus anhinga)
Nothocercus nigrocapillus
Copsychus sechellarum
Corvus moneduloides (New Caledonian crow)
Halcyon senegalensis
Ramphastos sulfuratus
Tricholaema leucomelas (pied barbet)
Urocolius indicus (Red-faced mousebird) (Colius indicus)
Centropus bengalensis (lesser coucal)
Pteruthius melanotis
Atrichornis clamosus
Astyanax mexicanus (Blind cave fish) (Astyanax fasciatus mexicanus)
Astyanax mexicanus (Blind cave fish) (Astyanax fasciatus mexicanus)
Accipiter nisus (Eurasian sparrowhawk)
Accipiter nisus (Eurasian sparrowhawk)
Apteryx owenii (Little spotted kiwi)
Apteryx owenii (Little spotted kiwi)
Accipiter nisus (Eurasian sparrowhawk)
Buteo japonicus
Bubo bubo (Eurasian eagle-owl) (Strix bubo)
Cyanistes caeruleus (Eurasian blue tit) (Parus caeruleus)
Cyanistes caeruleus (Eurasian blue tit) (Parus caeruleus)
Cyanistes caeruleus (Eurasian blue tit) (Parus caeruleus)
Cyprinus carpio (Common carp)
Cyprinus carpio (Common carp)
Cyprinus carpio (Common carp)
Cyprinus carpio (Common carp)
Cyprinus carpio (Common carp)
Cyprinus carpio (Common carp)
Cyprinus carpio (Common carp)
Cyprinus carpio (Common carp)
Cyprinus carpio (Common carp)
Cyprinus carpio (Common carp)
Cyclopterus lumpus (Lumpsucker)
Corvus moneduloides (New Caledonian crow)
Calidris pygmaea (Spoon-billed sandpiper)
Calidris pygmaea (Spoon-billed sandpiper)
Cyanoderma ruficeps (rufous-capped babbler)
Catharus ustulatus (Russet-backed thrush) (Hylocichla ustulatus)
Catharus ustulatus (Russet-backed thrush) (Hylocichla ustulatus)
Catharus ustulatus (Russet-backed thrush) (Hylocichla ustulatus)
Denticeps clupeoides (denticle herring)
Falco tinnunculus (Common kestrel)
Erpetoichthys calabaricus (Rope fish) (Calamoichthys calabaricus)
Gadus morhua (Atlantic cod)
Gouania willdenowi (blunt-snouted clingfish)
Malurus cyaneus samueli
Malurus cyaneus samueli
Malurus cyaneus samueli
Melopsittacus undulatus (Budgerigar) (Psittacus undulatus)
Nothobranchius furzeri (Turquoise killifish)
Neogobius melanostomus (round goby)
Neogobius melanostomus (round goby)
Neogobius melanostomus (round goby)
Naja naja (Indian cobra)
Nothoprocta perdicaria (Chilean tinamou) (Crypturus perdicarius)
Nothoprocta perdicaria (Chilean tinamou) (Crypturus perdicarius)
Nothoprocta perdicaria (Chilean tinamou) (Crypturus perdicarius)
Oncorhynchus kisutch (Coho salmon) (Salmo kisutch)
Oncorhynchus mykiss (Rainbow trout) (Salmo gairdneri)
Oryzias sinensis (Chinese medaka)
Otus sunia (Oriental scops-owl)
Oryzias sinensis (Chinese medaka)
Oncorhynchus tshawytscha (Chinook salmon) (Salmo tshawytscha)
Oncorhynchus tshawytscha (Chinook salmon) (Salmo tshawytscha)
Oncorhynchus tshawytscha (Chinook salmon) (Salmo tshawytscha)
Oncorhynchus tshawytscha (Chinook salmon) (Salmo tshawytscha)
Pavo cristatus (Indian peafowl) (Blue peafowl)
Serinus canaria (Island canary) (Fringilla canaria)
Scleropages formosus (Asian bonytongue) (Osteoglossum formosum)
Sander lucioperca (Pike-perch) (Perca lucioperca)
Strix occidentalis caurina (northern spotted owl)
Xenopus tropicalis (Western clawed frog) (Silurana tropicalis)
Eudyptula minor (Little blue penguin) (Aptenodytes minor)
Aptenodytes patagonicus (King penguin)
Eudyptes chrysocome (Western rockhopper penguin) (Aptenodytes chrysocome)
Spheniscus mendiculus (Galapagos penguin)
Eudyptes sclateri (Erect-crested penguin)
Clarias magur (Asian catfish) (Macropteronotus magur)
Eudyptes robustus (Snares penguin)
Eudyptes filholi (Southern rockhopper penguin)
Eudyptes robustus (Snares penguin)
Zosterops borbonicus
Menidia menidia (Atlantic silverside)
Eudyptula novaehollandiae (Australian little penguin)
Silurus meridionalis (Southern catfish) (Silurus soldatovi meridionalis)
Hymenochirus boettgeri (Congo dwarf clawed frog)
Albula glossodonta (roundjaw bonefish)
Albula goreensis
Salvelinus namaycush (Lake trout) (Salmo namaycush)
Corvus moneduloides (New Caledonian crow)
Corvus moneduloides (New Caledonian crow)
Geospiza parvula (Small tree-finch) (Camarhynchus parvulus)
Gallus gallus (Chicken)
Gallus gallus (Chicken)
Polypterus senegalus (Senegal bichir)
Xenopus tropicalis (Western clawed frog) (Silurana tropicalis)
Salmo salar (Atlantic salmon)
Esox lucius (Northern pike)
Gasterosteus aculeatus (Three-spined stickleback)
Takifugu rubripes (Japanese pufferfish) (Fugu rubripes)
Xiphophorus maculatus (Southern platyfish) (Platypoecilus maculatus)
Chelonia mydas (Green sea-turtle) (Chelonia agassizi)
Ictalurus punctatus (Channel catfish) (Silurus punctatus)
Tetraodon nigroviridis (Spotted green pufferfish) (Chelonodon nigroviridis)
Gallus gallus (Chicken)
Gallus gallus (Chicken)
Anas platyrhynchos (Mallard) (Anas boschas)
Ficedula albicollis (Collared flycatcher) (Muscicapa albicollis)
Callorhinchus milii (Ghost shark)
Astyanax mexicanus (Blind cave fish) (Astyanax fasciatus mexicanus)
Lepisosteus oculatus (Spotted gar)
